

================================================================
== Vivado HLS Report for 'Loop_unroll2_proc'
================================================================
* Date:           Tue Dec 22 19:03:30 2020

* Version:        2019.1 (Build 2552052 on Fri May 24 15:28:33 MDT 2019)
* Project:        DES_DEC
* Solution:       Dataflow_DES
* Product family: artix7
* Target device:  xc7a35tl-cpg236-2L


================================================================
== Performance Estimates
================================================================
+ Timing (ns): 
    * Summary: 
    +--------+-------+----------+------------+
    |  Clock | Target| Estimated| Uncertainty|
    +--------+-------+----------+------------+
    |ap_clk  |  10.00|     7.909|        1.25|
    +--------+-------+----------+------------+

+ Latency (clock cycles): 
    * Summary: 
    +-----+-----+-----+-----+---------+
    |  Latency  |  Interval | Pipeline|
    | min | max | min | max |   Type  |
    +-----+-----+-----+-----+---------+
    |  113|  113|  113|  113|   none  |
    +-----+-----+-----+-----+---------+

    + Detail: 
        * Instance: 
        N/A

        * Loop: 
        +-----------+-----+-----+----------+-----------+-----------+------+----------+
        |           |  Latency  | Iteration|  Initiation Interval  | Trip |          |
        | Loop Name | min | max |  Latency |  achieved |   target  | Count| Pipelined|
        +-----------+-----+-----+----------+-----------+-----------+------+----------+
        |- unroll2  |  112|  112|         2|          -|          -|    56|    no    |
        +-----------+-----+-----+----------+-----------+-----------+------+----------+



================================================================
== Utilization Estimates
================================================================
* Summary: 
+-----------------+---------+-------+-------+-------+-----+
|       Name      | BRAM_18K| DSP48E|   FF  |  LUT  | URAM|
+-----------------+---------+-------+-------+-------+-----+
|DSP              |        -|      -|      -|      -|    -|
|Expression       |        -|      -|      0|    225|    -|
|FIFO             |        -|      -|      -|      -|    -|
|Instance         |        -|      -|      -|      -|    -|
|Memory           |        0|      -|      6|      6|    -|
|Multiplexer      |        -|      -|      -|     57|    -|
|Register         |        -|      -|    207|      -|    -|
+-----------------+---------+-------+-------+-------+-----+
|Total            |        0|      0|    213|    288|    0|
+-----------------+---------+-------+-------+-------+-----+
|Available        |      100|     90|  41600|  20800|    0|
+-----------------+---------+-------+-------+-------+-----+
|Utilization (%)  |        0|      0|   ~0  |      1|    0|
+-----------------+---------+-------+-------+-------+-----+

+ Detail: 
    * Instance: 
    N/A

    * DSP48E: 
    N/A

    * Memory: 
    +-------+----------------------+---------+---+----+-----+------+-----+------+-------------+
    | Memory|        Module        | BRAM_18K| FF| LUT| URAM| Words| Bits| Banks| W*Bits*Banks|
    +-------+----------------------+---------+---+----+-----+------+-----+------+-------------+
    |PC1_U  |Loop_unroll2_proccud  |        0|  6|   6|    0|    56|    6|     1|          336|
    +-------+----------------------+---------+---+----+-----+------+-----+------+-------------+
    |Total  |                      |        0|  6|   6|    0|    56|    6|     1|          336|
    +-------+----------------------+---------+---+----+-----+------+-----+------+-------------+

    * FIFO: 
    N/A

    * Expression: 
    +----------------------+----------+-------+---+-----+------------+------------+
    |     Variable Name    | Operation| DSP48E| FF| LUT | Bitwidth P0| Bitwidth P1|
    +----------------------+----------+-------+---+-----+------------+------------+
    |i_fu_89_p2            |     +    |      0|  0|   15|           6|           1|
    |sub_ln184_fu_124_p2   |     -    |      0|  0|   15|           8|           7|
    |icmp_ln182_fu_83_p2   |   icmp   |      0|  0|   11|           6|           5|
    |lshr_ln184_fu_134_p2  |   lshr   |      0|  0|  182|          64|          64|
    |ap_block_state1       |    or    |      0|  0|    2|           1|           1|
    +----------------------+----------+-------+---+-----+------------+------------+
    |Total                 |          |      0|  0|  225|          85|          78|
    +----------------------+----------+-------+---+-----+------------+------------+

    * Multiplexer: 
    +------------------------------+----+-----------+-----+-----------+
    |             Name             | LUT| Input Size| Bits| Total Bits|
    +------------------------------+----+-----------+-----+-----------+
    |ap_NS_fsm                     |  21|          4|    1|          4|
    |ap_done                       |   9|          2|    1|          2|
    |i_1_i_reg_72                  |   9|          2|    6|         12|
    |key_blk_n                     |   9|          2|    1|          2|
    |permuted_choice_1_0_s_reg_61  |   9|          2|   64|        128|
    +------------------------------+----+-----------+-----+-----------+
    |Total                         |  57|         12|   73|        148|
    +------------------------------+----+-----------+-----+-----------+

    * Register: 
    +------------------------------+----+----+-----+-----------+
    |             Name             | FF | LUT| Bits| Const Bits|
    +------------------------------+----+----+-----+-----------+
    |ap_CS_fsm                     |   3|   0|    3|          0|
    |ap_done_reg                   |   1|   0|    1|          0|
    |i_1_i_reg_72                  |   6|   0|    6|          0|
    |i_reg_158                     |   6|   0|    6|          0|
    |key_read_reg_150              |  64|   0|   64|          0|
    |permuted_choice_1_0_s_reg_61  |  64|   0|   64|          0|
    |trunc_ln184_1_reg_168         |  63|   0|   63|          0|
    +------------------------------+----+----+-----+-----------+
    |Total                         | 207|   0|  207|          0|
    +------------------------------+----+----+-----+-----------+



================================================================
== Interface
================================================================
* Summary: 
+-------------+-----+-----+------------+-------------------+--------------+
|  RTL Ports  | Dir | Bits|  Protocol  |   Source Object   |    C Type    |
+-------------+-----+-----+------------+-------------------+--------------+
|ap_clk       |  in |    1| ap_ctrl_hs | Loop_unroll2_proc | return value |
|ap_rst       |  in |    1| ap_ctrl_hs | Loop_unroll2_proc | return value |
|ap_start     |  in |    1| ap_ctrl_hs | Loop_unroll2_proc | return value |
|ap_done      | out |    1| ap_ctrl_hs | Loop_unroll2_proc | return value |
|ap_continue  |  in |    1| ap_ctrl_hs | Loop_unroll2_proc | return value |
|ap_idle      | out |    1| ap_ctrl_hs | Loop_unroll2_proc | return value |
|ap_ready     | out |    1| ap_ctrl_hs | Loop_unroll2_proc | return value |
|ap_return_0  | out |   64| ap_ctrl_hs | Loop_unroll2_proc | return value |
|ap_return_1  | out |   60| ap_ctrl_hs | Loop_unroll2_proc | return value |
|key_dout     |  in |   64|   ap_fifo  |        key        |    pointer   |
|key_empty_n  |  in |    1|   ap_fifo  |        key        |    pointer   |
|key_read     | out |    1|   ap_fifo  |        key        |    pointer   |
+-------------+-----+-----+------------+-------------------+--------------+

============================================================
+ Verbose Summary: Synthesis Manager
============================================================
InlineROM: 1
ExposeGlobal: 0
============================================================
+ Verbose Summary: CDFG Model
============================================================
IsTopModel: 0
ResetActiveHigh: 1
IsCombinational: 2
IsDatapathOnly: 0
HasWiredReturn: 1
HasMFsm: 0
HasVarLatency: 1
IsPipeline: 0
IsRtlPipelined: 0
IsInstanceOverlapped: 0
IsDontTouch: 0
HasImplIP: 0
IsGatedGlobalClock: 0


============================================================
+ Verbose Summary: Schedule
============================================================
* Number of FSM states : 3
* Pipeline : 0
* Dataflow Pipeline: 0

* FSM state transitions: 
1 --> 2 
2 --> 3 
3 --> 2 

* FSM state operations: 

State 1 <SV = 0> <Delay = 3.18>
ST_1 : Operation 4 [1/1] (0.00ns)   --->   "%empty = call i32 (...)* @_ssdm_op_SpecInterface(i64* %key, [8 x i8]* @ap_fifo_str, i32 0, i32 0, [1 x i8]* @p_str, i32 0, i32 0, [1 x i8]* @p_str, [1 x i8]* @p_str, [1 x i8]* @p_str, i32 2, i32 2, i32 16, i32 16, [1 x i8]* @p_str, [11 x i8]* @ScalarProp_str)"   --->   Operation 4 'specinterface' 'empty' <Predicate = true> <Delay = 0.00>
ST_1 : Operation 5 [1/1] (3.18ns)   --->   "%key_read = call i64 @_ssdm_op_Read.ap_fifo.i64P(i64* %key)" [desDecrypt.c:184]   --->   Operation 5 'read' 'key_read' <Predicate = true> <Delay = 3.18> <Core = "FIFO">   --->   Core 32 'FIFO' <Latency = 0> <II = 1> <Delay = 3.18> <Storage> <Opcode : 'read' 'write' 'nbread' 'nbwrite'> <Ports = 0> <Width = 64> <Depth = 2> <FIFO>
ST_1 : Operation 6 [1/1] (1.35ns)   --->   "br label %0"   --->   Operation 6 'br' <Predicate = true> <Delay = 1.35>

State 2 <SV = 1> <Delay = 2.77>
ST_2 : Operation 7 [1/1] (0.00ns)   --->   "%permuted_choice_1_0_s = phi i64 [ 0, %entry ], [ %permuted_choice_1, %1 ]"   --->   Operation 7 'phi' 'permuted_choice_1_0_s' <Predicate = true> <Delay = 0.00>
ST_2 : Operation 8 [1/1] (0.00ns)   --->   "%i_1_i = phi i6 [ 0, %entry ], [ %i, %1 ]"   --->   Operation 8 'phi' 'i_1_i' <Predicate = true> <Delay = 0.00>
ST_2 : Operation 9 [1/1] (1.22ns)   --->   "%icmp_ln182 = icmp eq i6 %i_1_i, -8" [desDecrypt.c:182->desDecrypt.c:14]   --->   Operation 9 'icmp' 'icmp_ln182' <Predicate = true> <Delay = 1.22> <Core = "Cmp">   --->   Core 25 'Cmp' <Latency = 0> <II = 1> <Delay = 1.22> <FuncUnit> <Opcode : 'icmp'> <InPorts = 2> <OutPorts = 1>
ST_2 : Operation 10 [1/1] (0.00ns)   --->   "%empty_63 = call i32 (...)* @_ssdm_op_SpecLoopTripCount(i64 56, i64 56, i64 56) nounwind"   --->   Operation 10 'speclooptripcount' 'empty_63' <Predicate = true> <Delay = 0.00>
ST_2 : Operation 11 [1/1] (1.60ns)   --->   "%i = add i6 %i_1_i, 1" [desDecrypt.c:182->desDecrypt.c:14]   --->   Operation 11 'add' 'i' <Predicate = true> <Delay = 1.60> <Core = "AddSub">   --->   Core 14 'AddSub' <Latency = 0> <II = 1> <Delay = 1.71> <FuncUnit> <Opcode : 'add' 'sub'> <InPorts = 2> <OutPorts = 1>
ST_2 : Operation 12 [1/1] (0.00ns)   --->   "br i1 %icmp_ln182, label %.exit, label %1" [desDecrypt.c:182->desDecrypt.c:14]   --->   Operation 12 'br' <Predicate = true> <Delay = 0.00>
ST_2 : Operation 13 [1/1] (0.00ns)   --->   "%zext_ln184 = zext i6 %i_1_i to i64" [desDecrypt.c:184->desDecrypt.c:14]   --->   Operation 13 'zext' 'zext_ln184' <Predicate = (!icmp_ln182)> <Delay = 0.00>
ST_2 : Operation 14 [1/1] (0.00ns)   --->   "%PC1_addr = getelementptr [56 x i6]* @PC1, i64 0, i64 %zext_ln184" [desDecrypt.c:184->desDecrypt.c:14]   --->   Operation 14 'getelementptr' 'PC1_addr' <Predicate = (!icmp_ln182)> <Delay = 0.00>
ST_2 : Operation 15 [2/2] (2.77ns)   --->   "%PC1_load = load i6* %PC1_addr, align 1" [desDecrypt.c:184->desDecrypt.c:14]   --->   Operation 15 'load' 'PC1_load' <Predicate = (!icmp_ln182)> <Delay = 2.77> <Core = "ROM_nP">   --->   Core 52 'ROM_nP' <Latency = 1> <II = 1> <Delay = 2.77> <Storage> <Opcode : 'load'> <Ports = 0> <Width = 6> <Depth = 56> <ROM>
ST_2 : Operation 16 [1/1] (0.00ns)   --->   "%trunc_ln184_1 = trunc i64 %permuted_choice_1_0_s to i63" [desDecrypt.c:184->desDecrypt.c:14]   --->   Operation 16 'trunc' 'trunc_ln184_1' <Predicate = (!icmp_ln182)> <Delay = 0.00>
ST_2 : Operation 17 [1/1] (0.00ns)   --->   "%trunc_ln182 = trunc i64 %permuted_choice_1_0_s to i60" [desDecrypt.c:182->desDecrypt.c:14]   --->   Operation 17 'trunc' 'trunc_ln182' <Predicate = (icmp_ln182)> <Delay = 0.00>
ST_2 : Operation 18 [1/1] (0.00ns)   --->   "%mrv = insertvalue { i64, i60 } undef, i64 %permuted_choice_1_0_s, 0" [desDecrypt.c:14]   --->   Operation 18 'insertvalue' 'mrv' <Predicate = (icmp_ln182)> <Delay = 0.00>
ST_2 : Operation 19 [1/1] (0.00ns)   --->   "%mrv_1 = insertvalue { i64, i60 } %mrv, i60 %trunc_ln182, 1" [desDecrypt.c:14]   --->   Operation 19 'insertvalue' 'mrv_1' <Predicate = (icmp_ln182)> <Delay = 0.00>
ST_2 : Operation 20 [1/1] (0.00ns)   --->   "ret { i64, i60 } %mrv_1" [desDecrypt.c:14]   --->   Operation 20 'ret' <Predicate = (icmp_ln182)> <Delay = 0.00>

State 3 <SV = 2> <Delay = 7.90>
ST_3 : Operation 21 [1/1] (0.00ns)   --->   "call void (...)* @_ssdm_op_SpecLoopName([8 x i8]* @p_str2) nounwind" [desDecrypt.c:182->desDecrypt.c:14]   --->   Operation 21 'specloopname' <Predicate = true> <Delay = 0.00>
ST_3 : Operation 22 [1/2] (2.77ns)   --->   "%PC1_load = load i6* %PC1_addr, align 1" [desDecrypt.c:184->desDecrypt.c:14]   --->   Operation 22 'load' 'PC1_load' <Predicate = true> <Delay = 2.77> <Core = "ROM_nP">   --->   Core 52 'ROM_nP' <Latency = 1> <II = 1> <Delay = 2.77> <Storage> <Opcode : 'load'> <Ports = 0> <Width = 6> <Depth = 56> <ROM>
ST_3 : Operation 23 [1/1] (0.00ns)   --->   "%zext_ln184_1 = zext i6 %PC1_load to i7" [desDecrypt.c:184->desDecrypt.c:14]   --->   Operation 23 'zext' 'zext_ln184_1' <Predicate = true> <Delay = 0.00>
ST_3 : Operation 24 [1/1] (1.66ns)   --->   "%sub_ln184 = sub i7 -64, %zext_ln184_1" [desDecrypt.c:184->desDecrypt.c:14]   --->   Operation 24 'sub' 'sub_ln184' <Predicate = true> <Delay = 1.66> <Core = "AddSub">   --->   Core 14 'AddSub' <Latency = 0> <II = 1> <Delay = 1.71> <FuncUnit> <Opcode : 'add' 'sub'> <InPorts = 2> <OutPorts = 1>
ST_3 : Operation 25 [1/1] (0.00ns)   --->   "%zext_ln184_2 = zext i7 %sub_ln184 to i64" [desDecrypt.c:184->desDecrypt.c:14]   --->   Operation 25 'zext' 'zext_ln184_2' <Predicate = true> <Delay = 0.00>
ST_3 : Operation 26 [1/1] (3.47ns)   --->   "%lshr_ln184 = lshr i64 %key_read, %zext_ln184_2" [desDecrypt.c:184->desDecrypt.c:14]   --->   Operation 26 'lshr' 'lshr_ln184' <Predicate = true> <Delay = 3.47> <Core = "Shift">   --->   Core 28 'Shift' <Latency = 0> <II = 1> <Delay = 3.47> <FuncUnit> <Opcode : 'shl' 'lshr' 'ashr'> <InPorts = 2> <OutPorts = 1>
ST_3 : Operation 27 [1/1] (0.00ns)   --->   "%trunc_ln184 = trunc i64 %lshr_ln184 to i1" [desDecrypt.c:184->desDecrypt.c:14]   --->   Operation 27 'trunc' 'trunc_ln184' <Predicate = true> <Delay = 0.00>
ST_3 : Operation 28 [1/1] (0.00ns)   --->   "%permuted_choice_1 = call i64 @_ssdm_op_BitConcatenate.i64.i63.i1(i63 %trunc_ln184_1, i1 %trunc_ln184)" [desDecrypt.c:184->desDecrypt.c:14]   --->   Operation 28 'bitconcatenate' 'permuted_choice_1' <Predicate = true> <Delay = 0.00>
ST_3 : Operation 29 [1/1] (0.00ns)   --->   "br label %0" [desDecrypt.c:182->desDecrypt.c:14]   --->   Operation 29 'br' <Predicate = true> <Delay = 0.00>


============================================================
+ Verbose Summary: Binding
============================================================
STG Binding: 
---------------- STG Properties BEGIN ----------------
- Is combinational: 0
- Is one-state seq: 0
- Is datapath-only: 0
- Is pipelined: 0
- Is top level: 0
Port [ Return ] is wired: 1; IO mode=ap_ctrl_hs:ce=0
Port [ key]:  wired=1; compound=1; hidden=0; nouse=0; global=0; static=0; extern=0; dir=0; type=3; pingpong=0; private_global=0; IO mode=ap_fifo:ce=0
Port [ PC1]:  wired=0; compound=1; hidden=1; nouse=0; global=1; static=1; extern=0; dir=0; type=1; pingpong=0; private_global=1; linkage=7; visibility=0; MemPort=[1]; IO mode=ap_memory:ce=0
---------------- STG Properties END ------------------

---------------- Datapath Model BEGIN ----------------

<LifeTime>
<method=bitvector/>
empty                 (specinterface    ) [ 0000]
key_read              (read             ) [ 0011]
br_ln0                (br               ) [ 0111]
permuted_choice_1_0_s (phi              ) [ 0010]
i_1_i                 (phi              ) [ 0010]
icmp_ln182            (icmp             ) [ 0011]
empty_63              (speclooptripcount) [ 0000]
i                     (add              ) [ 0111]
br_ln182              (br               ) [ 0000]
zext_ln184            (zext             ) [ 0000]
PC1_addr              (getelementptr    ) [ 0001]
trunc_ln184_1         (trunc            ) [ 0001]
trunc_ln182           (trunc            ) [ 0000]
mrv                   (insertvalue      ) [ 0000]
mrv_1                 (insertvalue      ) [ 0000]
ret_ln14              (ret              ) [ 0000]
specloopname_ln182    (specloopname     ) [ 0000]
PC1_load              (load             ) [ 0000]
zext_ln184_1          (zext             ) [ 0000]
sub_ln184             (sub              ) [ 0000]
zext_ln184_2          (zext             ) [ 0000]
lshr_ln184            (lshr             ) [ 0000]
trunc_ln184           (trunc            ) [ 0000]
permuted_choice_1     (bitconcatenate   ) [ 0111]
br_ln182              (br               ) [ 0111]
</LifeTime>

<model>

<comp_list>
<comp id="0" class="1000" name="key">
<pin_list>
<pin id="1" dir="1" index="0" bw="1" slack="0"/>
</pin_list>
<bind>
<StgValue><ssdm name="key"/></StgValue>
</bind>
</comp>

<comp id="2" class="1000" name="PC1">
<pin_list>
<pin id="3" dir="1" index="0" bw="1" slack="0"/>
</pin_list>
<bind>
<StgValue><ssdm name="PC1"/><MemPortTyVec>1 </MemPortTyVec>
</StgValue>
</bind>
</comp>

<comp id="4" class="1001" name="const_4">
<pin_list>
<pin id="5" dir="1" index="0" bw="1" slack="2147483647"/>
</pin_list>
<bind>
<StgValue><ssdm name="_ssdm_op_SpecInterface"/></StgValue>
</bind>
</comp>

<comp id="6" class="1001" name="const_6">
<pin_list>
<pin id="7" dir="1" index="0" bw="1" slack="2147483647"/>
</pin_list>
<bind>
<StgValue><ssdm name="ap_fifo_str"/></StgValue>
</bind>
</comp>

<comp id="8" class="1001" name="const_8">
<pin_list>
<pin id="9" dir="1" index="0" bw="1" slack="2147483647"/>
</pin_list>
<bind>
<StgValue><ssdm name=""/></StgValue>
</bind>
</comp>

<comp id="10" class="1001" name="const_10">
<pin_list>
<pin id="11" dir="1" index="0" bw="1" slack="2147483647"/>
</pin_list>
<bind>
<StgValue><ssdm name="p_str"/></StgValue>
</bind>
</comp>

<comp id="12" class="1001" name="const_12">
<pin_list>
<pin id="13" dir="1" index="0" bw="1" slack="2147483647"/>
</pin_list>
<bind>
<StgValue><ssdm name=""/></StgValue>
</bind>
</comp>

<comp id="14" class="1001" name="const_14">
<pin_list>
<pin id="15" dir="1" index="0" bw="1" slack="2147483647"/>
</pin_list>
<bind>
<StgValue><ssdm name=""/></StgValue>
</bind>
</comp>

<comp id="16" class="1001" name="const_16">
<pin_list>
<pin id="17" dir="1" index="0" bw="1" slack="2147483647"/>
</pin_list>
<bind>
<StgValue><ssdm name="ScalarProp_str"/></StgValue>
</bind>
</comp>

<comp id="18" class="1001" name="const_18">
<pin_list>
<pin id="19" dir="1" index="0" bw="1" slack="0"/>
</pin_list>
<bind>
<StgValue><ssdm name="_ssdm_op_Read.ap_fifo.i64P"/></StgValue>
</bind>
</comp>

<comp id="20" class="1001" name="const_20">
<pin_list>
<pin id="21" dir="1" index="0" bw="1" slack="0"/>
</pin_list>
<bind>
<StgValue><ssdm name=""/></StgValue>
</bind>
</comp>

<comp id="22" class="1001" name="const_22">
<pin_list>
<pin id="23" dir="1" index="0" bw="1" slack="1"/>
</pin_list>
<bind>
<StgValue><ssdm name=""/></StgValue>
</bind>
</comp>

<comp id="24" class="1001" name="const_24">
<pin_list>
<pin id="25" dir="1" index="0" bw="1" slack="0"/>
</pin_list>
<bind>
<StgValue><ssdm name=""/></StgValue>
</bind>
</comp>

<comp id="26" class="1001" name="const_26">
<pin_list>
<pin id="27" dir="1" index="0" bw="1" slack="2147483647"/>
</pin_list>
<bind>
<StgValue><ssdm name="_ssdm_op_SpecLoopTripCount"/></StgValue>
</bind>
</comp>

<comp id="28" class="1001" name="const_28">
<pin_list>
<pin id="29" dir="1" index="0" bw="1" slack="2147483647"/>
</pin_list>
<bind>
<StgValue><ssdm name=""/></StgValue>
</bind>
</comp>

<comp id="30" class="1001" name="const_30">
<pin_list>
<pin id="31" dir="1" index="0" bw="1" slack="0"/>
</pin_list>
<bind>
<StgValue><ssdm name=""/></StgValue>
</bind>
</comp>

<comp id="32" class="1001" name="const_32">
<pin_list>
<pin id="33" dir="1" index="0" bw="1" slack="0"/>
</pin_list>
<bind>
<StgValue><ssdm name=""/></StgValue>
</bind>
</comp>

<comp id="34" class="1001" name="const_34">
<pin_list>
<pin id="35" dir="1" index="0" bw="1" slack="2147483647"/>
</pin_list>
<bind>
<StgValue><ssdm name="_ssdm_op_SpecLoopName"/></StgValue>
</bind>
</comp>

<comp id="36" class="1001" name="const_36">
<pin_list>
<pin id="37" dir="1" index="0" bw="1" slack="2147483647"/>
</pin_list>
<bind>
<StgValue><ssdm name="p_str2"/></StgValue>
</bind>
</comp>

<comp id="38" class="1001" name="const_38">
<pin_list>
<pin id="39" dir="1" index="0" bw="1" slack="0"/>
</pin_list>
<bind>
<StgValue><ssdm name=""/></StgValue>
</bind>
</comp>

<comp id="40" class="1001" name="const_40">
<pin_list>
<pin id="41" dir="1" index="0" bw="1" slack="0"/>
</pin_list>
<bind>
<StgValue><ssdm name="_ssdm_op_BitConcatenate.i64.i63.i1"/></StgValue>
</bind>
</comp>

<comp id="42" class="1004" name="key_read_read_fu_42">
<pin_list>
<pin id="43" dir="0" index="0" bw="64" slack="0"/>
<pin id="44" dir="0" index="1" bw="64" slack="0"/>
<pin id="45" dir="1" index="2" bw="64" slack="2"/>
</pin_list>
<bind>
<opcode="read(1150) " fcode="read"/>
<opset="key_read/1 "/>
</bind>
</comp>

<comp id="48" class="1004" name="PC1_addr_gep_fu_48">
<pin_list>
<pin id="49" dir="0" index="0" bw="6" slack="0"/>
<pin id="50" dir="0" index="1" bw="1" slack="0"/>
<pin id="51" dir="0" index="2" bw="6" slack="0"/>
<pin id="52" dir="1" index="3" bw="6" slack="0"/>
</pin_list>
<bind>
<opcode="getelementptr(29) " fcode="getelementptr"/>
<opset="PC1_addr/2 "/>
</bind>
</comp>

<comp id="55" class="1004" name="grp_access_fu_55">
<pin_list>
<pin id="56" dir="0" index="0" bw="6" slack="0"/>
<pin id="57" dir="0" index="1" bw="6" slack="2147483647"/>
<pin id="58" dir="0" index="2" bw="0" slack="2147483647"/>
<pin id="59" dir="1" index="3" bw="6" slack="0"/>
</pin_list>
<bind>
<opcode="load(27) " fcode="load"/>
<opset="PC1_load/2 "/>
</bind>
</comp>

<comp id="61" class="1005" name="permuted_choice_1_0_s_reg_61">
<pin_list>
<pin id="62" dir="0" index="0" bw="64" slack="1"/>
<pin id="63" dir="1" index="1" bw="64" slack="1"/>
</pin_list>
<bind>
<opset="permuted_choice_1_0_s (phireg) "/>
</bind>
</comp>

<comp id="65" class="1004" name="permuted_choice_1_0_s_phi_fu_65">
<pin_list>
<pin id="66" dir="0" index="0" bw="1" slack="1"/>
<pin id="67" dir="0" index="1" bw="0" slack="2147483647"/>
<pin id="68" dir="0" index="2" bw="64" slack="1"/>
<pin id="69" dir="0" index="3" bw="0" slack="2147483647"/>
<pin id="70" dir="1" index="4" bw="64" slack="0"/>
</pin_list>
<bind>
<opcode="phi(47) " fcode="phi"/>
<opset="permuted_choice_1_0_s/2 "/>
</bind>
</comp>

<comp id="72" class="1005" name="i_1_i_reg_72">
<pin_list>
<pin id="73" dir="0" index="0" bw="6" slack="1"/>
<pin id="74" dir="1" index="1" bw="6" slack="1"/>
</pin_list>
<bind>
<opset="i_1_i (phireg) "/>
</bind>
</comp>

<comp id="76" class="1004" name="i_1_i_phi_fu_76">
<pin_list>
<pin id="77" dir="0" index="0" bw="1" slack="1"/>
<pin id="78" dir="0" index="1" bw="0" slack="2147483647"/>
<pin id="79" dir="0" index="2" bw="6" slack="0"/>
<pin id="80" dir="0" index="3" bw="0" slack="2147483647"/>
<pin id="81" dir="1" index="4" bw="6" slack="0"/>
</pin_list>
<bind>
<opcode="phi(47) " fcode="phi"/>
<opset="i_1_i/2 "/>
</bind>
</comp>

<comp id="83" class="1004" name="icmp_ln182_fu_83">
<pin_list>
<pin id="84" dir="0" index="0" bw="6" slack="0"/>
<pin id="85" dir="0" index="1" bw="6" slack="0"/>
<pin id="86" dir="1" index="2" bw="1" slack="2147483647"/>
</pin_list>
<bind>
<opcode="icmp(45) " fcode="icmp"/>
<opset="icmp_ln182/2 "/>
</bind>
</comp>

<comp id="89" class="1004" name="i_fu_89">
<pin_list>
<pin id="90" dir="0" index="0" bw="6" slack="0"/>
<pin id="91" dir="0" index="1" bw="1" slack="0"/>
<pin id="92" dir="1" index="2" bw="6" slack="0"/>
</pin_list>
<bind>
<opcode="add(8) " fcode="add"/>
<opset="i/2 "/>
</bind>
</comp>

<comp id="95" class="1004" name="zext_ln184_fu_95">
<pin_list>
<pin id="96" dir="0" index="0" bw="6" slack="0"/>
<pin id="97" dir="1" index="1" bw="64" slack="0"/>
</pin_list>
<bind>
<opcode="zext(34) " fcode="zext"/>
<opset="zext_ln184/2 "/>
</bind>
</comp>

<comp id="100" class="1004" name="trunc_ln184_1_fu_100">
<pin_list>
<pin id="101" dir="0" index="0" bw="64" slack="0"/>
<pin id="102" dir="1" index="1" bw="63" slack="1"/>
</pin_list>
<bind>
<opcode="trunc(33) " fcode="trunc"/>
<opset="trunc_ln184_1/2 "/>
</bind>
</comp>

<comp id="104" class="1004" name="trunc_ln182_fu_104">
<pin_list>
<pin id="105" dir="0" index="0" bw="64" slack="0"/>
<pin id="106" dir="1" index="1" bw="60" slack="0"/>
</pin_list>
<bind>
<opcode="trunc(33) " fcode="trunc"/>
<opset="trunc_ln182/2 "/>
</bind>
</comp>

<comp id="108" class="1004" name="mrv_fu_108">
<pin_list>
<pin id="109" dir="0" index="0" bw="124" slack="0"/>
<pin id="110" dir="0" index="1" bw="64" slack="0"/>
<pin id="111" dir="1" index="2" bw="124" slack="0"/>
</pin_list>
<bind>
<opcode="insertvalue(57) " fcode="insertvalue"/>
<opset="mrv/2 "/>
</bind>
</comp>

<comp id="114" class="1004" name="mrv_1_fu_114">
<pin_list>
<pin id="115" dir="0" index="0" bw="124" slack="0"/>
<pin id="116" dir="0" index="1" bw="60" slack="0"/>
<pin id="117" dir="1" index="2" bw="124" slack="2147483647"/>
</pin_list>
<bind>
<opcode="insertvalue(57) " fcode="insertvalue"/>
<opset="mrv_1/2 "/>
</bind>
</comp>

<comp id="120" class="1004" name="zext_ln184_1_fu_120">
<pin_list>
<pin id="121" dir="0" index="0" bw="6" slack="0"/>
<pin id="122" dir="1" index="1" bw="7" slack="0"/>
</pin_list>
<bind>
<opcode="zext(34) " fcode="zext"/>
<opset="zext_ln184_1/3 "/>
</bind>
</comp>

<comp id="124" class="1004" name="sub_ln184_fu_124">
<pin_list>
<pin id="125" dir="0" index="0" bw="7" slack="0"/>
<pin id="126" dir="0" index="1" bw="6" slack="0"/>
<pin id="127" dir="1" index="2" bw="7" slack="0"/>
</pin_list>
<bind>
<opcode="sub(10) " fcode="sub"/>
<opset="sub_ln184/3 "/>
</bind>
</comp>

<comp id="130" class="1004" name="zext_ln184_2_fu_130">
<pin_list>
<pin id="131" dir="0" index="0" bw="7" slack="0"/>
<pin id="132" dir="1" index="1" bw="64" slack="0"/>
</pin_list>
<bind>
<opcode="zext(34) " fcode="zext"/>
<opset="zext_ln184_2/3 "/>
</bind>
</comp>

<comp id="134" class="1004" name="lshr_ln184_fu_134">
<pin_list>
<pin id="135" dir="0" index="0" bw="64" slack="2"/>
<pin id="136" dir="0" index="1" bw="7" slack="0"/>
<pin id="137" dir="1" index="2" bw="64" slack="0"/>
</pin_list>
<bind>
<opcode="lshr(21) " fcode="lshr"/>
<opset="lshr_ln184/3 "/>
</bind>
</comp>

<comp id="139" class="1004" name="trunc_ln184_fu_139">
<pin_list>
<pin id="140" dir="0" index="0" bw="64" slack="0"/>
<pin id="141" dir="1" index="1" bw="1" slack="0"/>
</pin_list>
<bind>
<opcode="trunc(33) " fcode="trunc"/>
<opset="trunc_ln184/3 "/>
</bind>
</comp>

<comp id="143" class="1004" name="permuted_choice_1_fu_143">
<pin_list>
<pin id="144" dir="0" index="0" bw="64" slack="0"/>
<pin id="145" dir="0" index="1" bw="63" slack="1"/>
<pin id="146" dir="0" index="2" bw="1" slack="0"/>
<pin id="147" dir="1" index="3" bw="64" slack="1"/>
</pin_list>
<bind>
<opcode="bitconcatenate(1004) " fcode="bitconcatenate"/>
<opset="permuted_choice_1/3 "/>
</bind>
</comp>

<comp id="150" class="1005" name="key_read_reg_150">
<pin_list>
<pin id="151" dir="0" index="0" bw="64" slack="2"/>
<pin id="152" dir="1" index="1" bw="64" slack="2"/>
</pin_list>
<bind>
<opset="key_read "/>
</bind>
</comp>

<comp id="158" class="1005" name="i_reg_158">
<pin_list>
<pin id="159" dir="0" index="0" bw="6" slack="0"/>
<pin id="160" dir="1" index="1" bw="6" slack="0"/>
</pin_list>
<bind>
<opset="i "/>
</bind>
</comp>

<comp id="163" class="1005" name="PC1_addr_reg_163">
<pin_list>
<pin id="164" dir="0" index="0" bw="6" slack="1"/>
<pin id="165" dir="1" index="1" bw="6" slack="1"/>
</pin_list>
<bind>
<opset="PC1_addr "/>
</bind>
</comp>

<comp id="168" class="1005" name="trunc_ln184_1_reg_168">
<pin_list>
<pin id="169" dir="0" index="0" bw="63" slack="1"/>
<pin id="170" dir="1" index="1" bw="63" slack="1"/>
</pin_list>
<bind>
<opset="trunc_ln184_1 "/>
</bind>
</comp>

<comp id="173" class="1005" name="permuted_choice_1_reg_173">
<pin_list>
<pin id="174" dir="0" index="0" bw="64" slack="1"/>
<pin id="175" dir="1" index="1" bw="64" slack="1"/>
</pin_list>
<bind>
<opset="permuted_choice_1 "/>
</bind>
</comp>

</comp_list>

<net_list>
<net id="46"><net_src comp="18" pin="0"/><net_sink comp="42" pin=0"/></net>

<net id="47"><net_src comp="0" pin="0"/><net_sink comp="42" pin=1"/></net>

<net id="53"><net_src comp="2" pin="0"/><net_sink comp="48" pin=0"/></net>

<net id="54"><net_src comp="20" pin="0"/><net_sink comp="48" pin=1"/></net>

<net id="60"><net_src comp="48" pin="3"/><net_sink comp="55" pin=0"/></net>

<net id="64"><net_src comp="20" pin="0"/><net_sink comp="61" pin=0"/></net>

<net id="71"><net_src comp="61" pin="1"/><net_sink comp="65" pin=0"/></net>

<net id="75"><net_src comp="22" pin="0"/><net_sink comp="72" pin=0"/></net>

<net id="82"><net_src comp="72" pin="1"/><net_sink comp="76" pin=0"/></net>

<net id="87"><net_src comp="76" pin="4"/><net_sink comp="83" pin=0"/></net>

<net id="88"><net_src comp="24" pin="0"/><net_sink comp="83" pin=1"/></net>

<net id="93"><net_src comp="76" pin="4"/><net_sink comp="89" pin=0"/></net>

<net id="94"><net_src comp="30" pin="0"/><net_sink comp="89" pin=1"/></net>

<net id="98"><net_src comp="76" pin="4"/><net_sink comp="95" pin=0"/></net>

<net id="99"><net_src comp="95" pin="1"/><net_sink comp="48" pin=2"/></net>

<net id="103"><net_src comp="65" pin="4"/><net_sink comp="100" pin=0"/></net>

<net id="107"><net_src comp="65" pin="4"/><net_sink comp="104" pin=0"/></net>

<net id="112"><net_src comp="32" pin="0"/><net_sink comp="108" pin=0"/></net>

<net id="113"><net_src comp="65" pin="4"/><net_sink comp="108" pin=1"/></net>

<net id="118"><net_src comp="108" pin="2"/><net_sink comp="114" pin=0"/></net>

<net id="119"><net_src comp="104" pin="1"/><net_sink comp="114" pin=1"/></net>

<net id="123"><net_src comp="55" pin="3"/><net_sink comp="120" pin=0"/></net>

<net id="128"><net_src comp="38" pin="0"/><net_sink comp="124" pin=0"/></net>

<net id="129"><net_src comp="120" pin="1"/><net_sink comp="124" pin=1"/></net>

<net id="133"><net_src comp="124" pin="2"/><net_sink comp="130" pin=0"/></net>

<net id="138"><net_src comp="130" pin="1"/><net_sink comp="134" pin=1"/></net>

<net id="142"><net_src comp="134" pin="2"/><net_sink comp="139" pin=0"/></net>

<net id="148"><net_src comp="40" pin="0"/><net_sink comp="143" pin=0"/></net>

<net id="149"><net_src comp="139" pin="1"/><net_sink comp="143" pin=2"/></net>

<net id="153"><net_src comp="42" pin="2"/><net_sink comp="150" pin=0"/></net>

<net id="154"><net_src comp="150" pin="1"/><net_sink comp="134" pin=0"/></net>

<net id="161"><net_src comp="89" pin="2"/><net_sink comp="158" pin=0"/></net>

<net id="162"><net_src comp="158" pin="1"/><net_sink comp="76" pin=2"/></net>

<net id="166"><net_src comp="48" pin="3"/><net_sink comp="163" pin=0"/></net>

<net id="167"><net_src comp="163" pin="1"/><net_sink comp="55" pin=0"/></net>

<net id="171"><net_src comp="100" pin="1"/><net_sink comp="168" pin=0"/></net>

<net id="172"><net_src comp="168" pin="1"/><net_sink comp="143" pin=1"/></net>

<net id="176"><net_src comp="143" pin="3"/><net_sink comp="173" pin=0"/></net>

<net id="177"><net_src comp="173" pin="1"/><net_sink comp="65" pin=2"/></net>

</net_list>

</model> 
---------------- Datapath Model END ------------------

* FSMD analyzer results:
  - Output states:
	Port: PC1 | {}
 - Input state : 
	Port: Loop_unroll2_proc : key | {1 }
	Port: Loop_unroll2_proc : PC1 | {2 3 }
  - Chain level:
	State 1
	State 2
		icmp_ln182 : 1
		i : 1
		br_ln182 : 2
		zext_ln184 : 1
		PC1_addr : 2
		PC1_load : 3
		trunc_ln184_1 : 1
		trunc_ln182 : 1
		mrv : 1
		mrv_1 : 2
		ret_ln14 : 3
	State 3
		zext_ln184_1 : 1
		sub_ln184 : 2
		zext_ln184_2 : 3
		lshr_ln184 : 4
		trunc_ln184 : 5
		permuted_choice_1 : 6


============================================================
+ Verbose Summary: Datapath Resource usage 
============================================================

* Functional unit list:
|----------|--------------------------|---------|---------|
| Operation|      Functional Unit     |    FF   |   LUT   |
|----------|--------------------------|---------|---------|
|   lshr   |     lshr_ln184_fu_134    |    0    |   182   |
|----------|--------------------------|---------|---------|
|    add   |          i_fu_89         |    0    |    15   |
|----------|--------------------------|---------|---------|
|    sub   |     sub_ln184_fu_124     |    0    |    15   |
|----------|--------------------------|---------|---------|
|   icmp   |     icmp_ln182_fu_83     |    0    |    11   |
|----------|--------------------------|---------|---------|
|   read   |    key_read_read_fu_42   |    0    |    0    |
|----------|--------------------------|---------|---------|
|          |     zext_ln184_fu_95     |    0    |    0    |
|   zext   |    zext_ln184_1_fu_120   |    0    |    0    |
|          |    zext_ln184_2_fu_130   |    0    |    0    |
|----------|--------------------------|---------|---------|
|          |   trunc_ln184_1_fu_100   |    0    |    0    |
|   trunc  |    trunc_ln182_fu_104    |    0    |    0    |
|          |    trunc_ln184_fu_139    |    0    |    0    |
|----------|--------------------------|---------|---------|
|insertvalue|        mrv_fu_108        |    0    |    0    |
|          |       mrv_1_fu_114       |    0    |    0    |
|----------|--------------------------|---------|---------|
|bitconcatenate| permuted_choice_1_fu_143 |    0    |    0    |
|----------|--------------------------|---------|---------|
|   Total  |                          |    0    |   223   |
|----------|--------------------------|---------|---------|

Memories:
N/A

* Register list:
+----------------------------+--------+
|                            |   FF   |
+----------------------------+--------+
|      PC1_addr_reg_163      |    6   |
|        i_1_i_reg_72        |    6   |
|          i_reg_158         |    6   |
|      key_read_reg_150      |   64   |
|permuted_choice_1_0_s_reg_61|   64   |
|  permuted_choice_1_reg_173 |   64   |
|    trunc_ln184_1_reg_168   |   63   |
+----------------------------+--------+
|            Total           |   273  |
+----------------------------+--------+

* Multiplexer (MUX) list: 
|------------------|------|------|------|--------||---------||---------|
|       Comp       |  Pin | Size |  BW  | S x BW ||  Delay  ||   LUT   |
|------------------|------|------|------|--------||---------||---------|
| grp_access_fu_55 |  p0  |   2  |   6  |   12   ||    9    |
|------------------|------|------|------|--------||---------||---------|
|       Total      |      |      |      |   12   ||   1.35  ||    9    |
|------------------|------|------|------|--------||---------||---------|



* Summary:
+-----------+--------+--------+--------+
|           |  Delay |   FF   |   LUT  |
+-----------+--------+--------+--------+
|  Function |    -   |    0   |   223  |
|   Memory  |    -   |    -   |    -   |
|Multiplexer|    1   |    -   |    9   |
|  Register |    -   |   273  |    -   |
+-----------+--------+--------+--------+
|   Total   |    1   |   273  |   232  |
+-----------+--------+--------+--------+
