Report time       : Wed Dec 23 20:38:36 EST 2020.
Solution          : q2_4_pipelineDES.
Simulation tool   : xsim.

+----------+----------+-----------------------------------------------+-----------------------------------------------+
|          |          |                    Latency                    |                    Interval                   |
+   RTL    +  Status  +-----------------------------------------------+-----------------------------------------------+
|          |          |      min      |      avg      |      max      |      min      |      avg      |      max      |
+----------+----------+-----------------------------------------------+-----------------------------------------------+
|      VHDL|        NA|             NA|             NA|             NA|             NA|             NA|             NA|
|   Verilog|      Pass|             16|             16|             16|             NA|             NA|             NA|
+----------+----------+-----------------------------------------------+-----------------------------------------------+
