

================================================================
== Vivado HLS Report for 'Loop_3_proc'
================================================================
* Date:           Tue Dec 22 19:03:30 2020

* Version:        2019.1 (Build 2552052 on Fri May 24 15:28:33 MDT 2019)
* Project:        DES_DEC
* Solution:       Dataflow_DES
* Product family: artix7
* Target device:  xc7a35tl-cpg236-2L


================================================================
== Performance Estimates
================================================================
+ Timing (ns): 
    * Summary: 
    +--------+-------+----------+------------+
    |  Clock | Target| Estimated| Uncertainty|
    +--------+-------+----------+------------+
    |ap_clk  |  10.00|     7.850|        1.25|
    +--------+-------+----------+------------+

+ Latency (clock cycles): 
    * Summary: 
    +------+------+------+------+---------+
    |   Latency   |   Interval  | Pipeline|
    |  min |  max |  min |  max |   Type  |
    +------+------+------+------+---------+
    |  1585|  1585|  1585|  1585|   none  |
    +------+------+------+------+---------+

    + Detail: 
        * Instance: 
        N/A

        * Loop: 
        +-------------+------+------+----------+-----------+-----------+------+----------+
        |             |   Latency   | Iteration|  Initiation Interval  | Trip |          |
        |  Loop Name  |  min |  max |  Latency |  achieved |   target  | Count| Pipelined|
        +-------------+------+------+----------+-----------+-----------+------+----------+
        |- Loop 1     |  1584|  1584|        99|          -|          -|    16|    no    |
        | + Loop 1.1  |    96|    96|         2|          -|          -|    48|    no    |
        +-------------+------+------+----------+-----------+-----------+------+----------+



================================================================
== Utilization Estimates
================================================================
* Summary: 
+-----------------+---------+-------+-------+-------+-----+
|       Name      | BRAM_18K| DSP48E|   FF  |  LUT  | URAM|
+-----------------+---------+-------+-------+-------+-----+
|DSP              |        -|      -|      -|      -|    -|
|Expression       |        -|      -|      0|    285|    -|
|FIFO             |        -|      -|      -|      -|    -|
|Instance         |        -|      -|      -|      -|    -|
|Memory           |        0|      -|      6|      5|    -|
|Multiplexer      |        -|      -|      -|     99|    -|
|Register         |        -|      -|    271|      -|    -|
+-----------------+---------+-------+-------+-------+-----+
|Total            |        0|      0|    277|    389|    0|
+-----------------+---------+-------+-------+-------+-----+
|Available        |      100|     90|  41600|  20800|    0|
+-----------------+---------+-------+-------+-------+-----+
|Utilization (%)  |        0|      0|   ~0  |      1|    0|
+-----------------+---------+-------+-------+-------+-----+

+ Detail: 
    * Instance: 
    N/A

    * DSP48E: 
    N/A

    * Memory: 
    +-------+-----------------+---------+---+----+-----+------+-----+------+-------------+
    | Memory|      Module     | BRAM_18K| FF| LUT| URAM| Words| Bits| Banks| W*Bits*Banks|
    +-------+-----------------+---------+---+----+-----+------+-----+------+-------------+
    |PC2_U  |Loop_3_proc_PC2  |        0|  6|   5|    0|    48|    6|     1|          288|
    +-------+-----------------+---------+---+----+-----+------+-----+------+-------------+
    |Total  |                 |        0|  6|   5|    0|    48|    6|     1|          288|
    +-------+-----------------+---------+---+----+-----+------+-----+------+-------------+

    * FIFO: 
    N/A

    * Expression: 
    +----------------------+----------+-------+---+-----+------------+------------+
    |     Variable Name    | Operation| DSP48E| FF| LUT | Bitwidth P0| Bitwidth P1|
    +----------------------+----------+-------+---+-----+------------+------------+
    |i_fu_177_p2           |     +    |      0|  0|   15|           5|           1|
    |j_fu_348_p2           |     +    |      0|  0|   15|           6|           1|
    |sub_ln218_fu_363_p2   |     -    |      0|  0|   15|           5|           6|
    |empty_70_fu_183_p2    |   icmp   |      0|  0|   11|           5|           4|
    |empty_71_fu_189_p2    |   icmp   |      0|  0|   11|           5|           4|
    |empty_73_fu_201_p2    |   icmp   |      0|  0|   11|           5|           1|
    |empty_75_fu_213_p2    |   icmp   |      0|  0|   11|           5|           1|
    |icmp_ln192_fu_171_p2  |   icmp   |      0|  0|   11|           5|           6|
    |icmp_ln216_fu_342_p2  |   icmp   |      0|  0|   11|           6|           6|
    |lshr_ln218_fu_373_p2  |   lshr   |      0|  0|  166|          56|          56|
    |ap_block_state1       |    or    |      0|  0|    2|           1|           1|
    |empty_72_fu_195_p2    |    or    |      0|  0|    2|           1|           1|
    |empty_74_fu_207_p2    |    or    |      0|  0|    2|           1|           1|
    |empty_76_fu_219_p2    |    or    |      0|  0|    2|           1|           1|
    +----------------------+----------+-------+---+-----+------------+------------+
    |Total                 |          |      0|  0|  285|         107|          90|
    +----------------------+----------+-------+---+-----+------------+------------+

    * Multiplexer: 
    +----------------------+----+-----------+-----+-----------+
    |         Name         | LUT| Input Size| Bits| Total Bits|
    +----------------------+----+-----------+-----+-----------+
    |C_3_fu_62             |  15|          3|   28|         84|
    |D_fu_66               |  15|          3|   28|         84|
    |ap_NS_fsm             |  33|          6|    1|          6|
    |ap_done               |   9|          2|    1|          2|
    |i_2_i_reg_107         |   9|          2|    5|         10|
    |j_0_i_reg_130         |   9|          2|    6|         12|
    |sub_key_load_reg_118  |   9|          2|   64|        128|
    +----------------------+----+-----------+-----+-----------+
    |Total                 |  99|         20|  133|        326|
    +----------------------+----+-----------+-----+-----------+

    * Register: 
    +-----------------------+----+----+-----+-----------+
    |          Name         | FF | LUT| Bits| Const Bits|
    +-----------------------+----+----+-----+-----------+
    |C_3_fu_62              |  28|   0|   28|          0|
    |D_fu_66                |  28|   0|   28|          0|
    |ap_CS_fsm              |   5|   0|    5|          0|
    |ap_done_reg            |   1|   0|    1|          0|
    |i_2_i_reg_107          |   5|   0|    5|          0|
    |i_reg_408              |   5|   0|    5|          0|
    |j_0_i_reg_130          |   6|   0|    6|          0|
    |j_reg_429              |   6|   0|    6|          0|
    |sub_key_addr_reg_416   |   4|   0|    4|          0|
    |sub_key_load_reg_118   |  64|   0|   64|          0|
    |tmp_8_reg_421          |  56|   0|   56|          0|
    |trunc_ln218_1_reg_439  |  63|   0|   63|          0|
    +-----------------------+----+----+-----+-----------+
    |Total                  | 271|   0|  271|          0|
    +-----------------------+----+----+-----+-----------+



================================================================
== Interface
================================================================
* Summary: 
+------------------+-----+-----+------------+--------------+--------------+
|     RTL Ports    | Dir | Bits|  Protocol  | Source Object|    C Type    |
+------------------+-----+-----+------------+--------------+--------------+
|ap_clk            |  in |    1| ap_ctrl_hs |  Loop_3_proc | return value |
|ap_rst            |  in |    1| ap_ctrl_hs |  Loop_3_proc | return value |
|ap_start          |  in |    1| ap_ctrl_hs |  Loop_3_proc | return value |
|ap_done           | out |    1| ap_ctrl_hs |  Loop_3_proc | return value |
|ap_continue       |  in |    1| ap_ctrl_hs |  Loop_3_proc | return value |
|ap_idle           | out |    1| ap_ctrl_hs |  Loop_3_proc | return value |
|ap_ready          | out |    1| ap_ctrl_hs |  Loop_3_proc | return value |
|p_read            |  in |   60|   ap_none  |    p_read    |    scalar    |
|p_read1           |  in |   64|   ap_none  |    p_read1   |    scalar    |
|sub_key_address0  | out |    4|  ap_memory |    sub_key   |     array    |
|sub_key_ce0       | out |    1|  ap_memory |    sub_key   |     array    |
|sub_key_we0       | out |    1|  ap_memory |    sub_key   |     array    |
|sub_key_d0        | out |   64|  ap_memory |    sub_key   |     array    |
+------------------+-----+-----+------------+--------------+--------------+

