

================================================================
== Vivado HLS Report for 'des_dec'
================================================================
* Date:           Tue Dec 22 18:53:59 2020

* Version:        2019.1 (Build 2552052 on Fri May 24 15:28:33 MDT 2019)
* Project:        DES_DEC
* Solution:       Pipeline_loop4
* Product family: artix7
* Target device:  xc7a35tl-cpg236-2L


================================================================
== Performance Estimates
================================================================
+ Timing (ns): 
    * Summary: 
    +--------+-------+----------+------------+
    |  Clock | Target| Estimated| Uncertainty|
    +--------+-------+----------+------------+
    |ap_clk  |  10.00|     8.117|        1.25|
    +--------+-------+----------+------------+

+ Latency (clock cycles): 
    * Summary: 
    +------+------+------+------+---------+
    |   Latency   |   Interval  | Pipeline|
    |  min |  max |  min |  max |   Type  |
    +------+------+------+------+---------+
    |  1976|  1976|  1976|  1976|   none  |
    +------+------+------+------+---------+

    + Detail: 
        * Instance: 
        N/A

        * Loop: 
        +------------------+------+------+----------+-----------+-----------+------+----------+
        |                  |   Latency   | Iteration|  Initiation Interval  | Trip |          |
        |     Loop Name    |  min |  max |  Latency |  achieved |   target  | Count| Pipelined|
        +------------------+------+------+----------+-----------+-----------+------+----------+
        |- unroll1         |   128|   128|         2|          -|          -|    64|    no    |
        |- unroll2         |   112|   112|         2|          -|          -|    56|    no    |
        |- Loop 3          |  1584|  1584|        99|          -|          -|    16|    no    |
        | + Loop 3.1       |    96|    96|         2|          -|          -|    48|    no    |
        |- Pipeline_loop4  |    18|    18|         3|          1|          1|    16|    yes   |
        |- Loop 5          |   128|   128|         2|          -|          -|    64|    no    |
        +------------------+------+------+----------+-----------+-----------+------+----------+



================================================================
== Utilization Estimates
================================================================
* Summary: 
+-----------------+---------+-------+-------+-------+-----+
|       Name      | BRAM_18K| DSP48E|   FF  |  LUT  | URAM|
+-----------------+---------+-------+-------+-------+-----+
|DSP              |        -|      -|      -|      -|    -|
|Expression       |        -|      -|      0|   1786|    -|
|FIFO             |        -|      -|      -|      -|    -|
|Instance         |        -|      -|      -|      -|    -|
|Memory           |        6|      -|     26|     25|    0|
|Multiplexer      |        -|      -|      -|    230|    -|
|Register         |        -|      -|    901|      -|    -|
+-----------------+---------+-------+-------+-------+-----+
|Total            |        6|      0|    927|   2041|    0|
+-----------------+---------+-------+-------+-------+-----+
|Available        |      100|     90|  41600|  20800|    0|
+-----------------+---------+-------+-------+-------+-----+
|Utilization (%)  |        6|      0|      2|      9|    0|
+-----------------+---------+-------+-------+-------+-----+

+ Detail: 
    * Instance: 
    N/A

    * DSP48E: 
    N/A

    * Memory: 
    +-----------+-----------------+---------+---+----+-----+------+-----+------+-------------+
    |   Memory  |      Module     | BRAM_18K| FF| LUT| URAM| Words| Bits| Banks| W*Bits*Banks|
    +-----------+-----------------+---------+---+----+-----+------+-----+------+-------------+
    |IP_U       |des_dec_IP       |        0|  7|   7|    0|    64|    7|     1|          448|
    |PC1_U      |des_dec_PC1      |        0|  6|   6|    0|    56|    6|     1|          336|
    |PC2_U      |des_dec_PC2      |        0|  6|   5|    0|    48|    6|     1|          288|
    |PI_U       |des_dec_PI       |        0|  7|   7|    0|    64|    7|     1|          448|
    |S_U        |des_dec_S        |        4|  0|   0|    0|   512|    4|     1|         2048|
    |sub_key_U  |des_dec_sub_key  |        2|  0|   0|    0|    16|   64|     1|         1024|
    +-----------+-----------------+---------+---+----+-----+------+-----+------+-------------+
    |Total      |                 |        6| 26|  25|    0|   760|   94|     6|         4592|
    +-----------+-----------------+---------+---+----+-----+------+-----+------+-------------+

    * FIFO: 
    N/A

    * Expression: 
    +-------------------------+----------+-------+---+-----+------------+------------+
    |      Variable Name      | Operation| DSP48E| FF| LUT | Bitwidth P0| Bitwidth P1|
    +-------------------------+----------+-------+---+-----+------------+------------+
    |add_ln246_1_fu_1988_p2   |     +    |      0|  0|   18|           8|          11|
    |add_ln246_2_fu_2047_p2   |     +    |      0|  0|   18|           8|          11|
    |add_ln246_3_fu_2106_p2   |     +    |      0|  0|   18|           9|          11|
    |add_ln246_4_fu_2165_p2   |     +    |      0|  0|   18|           9|          11|
    |add_ln246_5_fu_2224_p2   |     +    |      0|  0|   18|           9|          11|
    |add_ln246_6_fu_2291_p2   |     +    |      0|  0|   18|           9|          11|
    |add_ln246_fu_1929_p2     |     +    |      0|  0|   18|           7|          11|
    |i_10_fu_2614_p2          |     +    |      0|  0|   15|           7|           1|
    |i_5_fu_710_p2            |     +    |      0|  0|   15|           6|           1|
    |i_8_fu_785_p2            |     +    |      0|  0|   15|           5|           1|
    |i_9_fu_1003_p2           |     +    |      0|  0|   15|           5|           1|
    |i_fu_649_p2              |     +    |      0|  0|   15|           7|           1|
    |j_fu_956_p2              |     +    |      0|  0|   15|           6|           1|
    |sub_ln174_fu_678_p2      |     -    |      0|  0|   15|           8|           7|
    |sub_ln184_fu_753_p2      |     -    |      0|  0|   15|           8|           7|
    |sub_ln218_fu_971_p2      |     -    |      0|  0|   15|           5|           6|
    |sub_ln232_fu_1009_p2     |     -    |      0|  0|   15|           4|           5|
    |sub_ln270_fu_2629_p2     |     -    |      0|  0|   15|           8|           7|
    |empty_27_fu_791_p2       |   icmp   |      0|  0|   11|           5|           4|
    |empty_28_fu_797_p2       |   icmp   |      0|  0|   11|           5|           4|
    |empty_30_fu_809_p2       |   icmp   |      0|  0|   11|           5|           1|
    |empty_32_fu_821_p2       |   icmp   |      0|  0|   11|           5|           1|
    |icmp_ln171_fu_643_p2     |   icmp   |      0|  0|   11|           7|           8|
    |icmp_ln182_fu_704_p2     |   icmp   |      0|  0|   11|           6|           5|
    |icmp_ln192_fu_779_p2     |   icmp   |      0|  0|   11|           5|           6|
    |icmp_ln216_fu_950_p2     |   icmp   |      0|  0|   11|           6|           6|
    |icmp_ln223_fu_997_p2     |   icmp   |      0|  0|   11|           5|           6|
    |icmp_ln267_fu_2608_p2    |   icmp   |      0|  0|   11|           7|           8|
    |lshr_ln174_fu_688_p2     |   lshr   |      0|  0|  182|          64|          64|
    |lshr_ln184_fu_763_p2     |   lshr   |      0|  0|  182|          64|          64|
    |lshr_ln218_fu_981_p2     |   lshr   |      0|  0|  166|          56|          56|
    |lshr_ln270_fu_2639_p2    |   lshr   |      0|  0|  182|          64|          64|
    |empty_29_fu_803_p2       |    or    |      0|  0|    2|           1|           1|
    |empty_31_fu_815_p2       |    or    |      0|  0|    2|           1|           1|
    |empty_33_fu_827_p2       |    or    |      0|  0|    2|           1|           1|
    |R_1_fu_2594_p2           |    xor   |      0|  0|   32|          32|          32|
    |ap_enable_pp0            |    xor   |      0|  0|    2|           1|           2|
    |s_input_fu_1696_p2       |    xor   |      0|  0|   51|          51|          51|
    |xor_ln232_10_fu_1756_p2  |    xor   |      0|  0|   19|          19|          19|
    |xor_ln232_11_fu_1762_p2  |    xor   |      0|  0|   33|          33|          33|
    |xor_ln232_12_fu_1768_p2  |    xor   |      0|  0|   30|          30|          30|
    |xor_ln232_13_fu_1774_p2  |    xor   |      0|  0|   25|          25|          25|
    |xor_ln232_14_fu_1780_p2  |    xor   |      0|  0|   39|          39|          39|
    |xor_ln232_15_fu_1786_p2  |    xor   |      0|  0|   36|          36|          36|
    |xor_ln232_16_fu_1792_p2  |    xor   |      0|  0|   31|          31|          31|
    |xor_ln232_17_fu_1798_p2  |    xor   |      0|  0|   45|          45|          45|
    |xor_ln232_18_fu_1804_p2  |    xor   |      0|  0|   42|          42|          42|
    |xor_ln232_19_fu_1810_p2  |    xor   |      0|  0|   37|          37|          37|
    |xor_ln232_1_fu_1702_p2   |    xor   |      0|  0|    9|           9|           9|
    |xor_ln232_20_fu_1816_p2  |    xor   |      0|  0|   48|          48|          48|
    |xor_ln232_21_fu_1822_p2  |    xor   |      0|  0|   43|          43|          43|
    |xor_ln232_2_fu_1708_p2   |    xor   |      0|  0|   15|          15|          15|
    |xor_ln232_3_fu_1714_p2   |    xor   |      0|  0|   12|          12|          12|
    |xor_ln232_4_fu_1720_p2   |    xor   |      0|  0|    7|           7|           7|
    |xor_ln232_5_fu_1726_p2   |    xor   |      0|  0|   21|          21|          21|
    |xor_ln232_6_fu_1732_p2   |    xor   |      0|  0|   18|          18|          18|
    |xor_ln232_7_fu_1738_p2   |    xor   |      0|  0|   13|          13|          13|
    |xor_ln232_8_fu_1744_p2   |    xor   |      0|  0|   27|          27|          27|
    |xor_ln232_9_fu_1750_p2   |    xor   |      0|  0|   24|          24|          24|
    |xor_ln240_fu_2239_p2     |    xor   |      0|  0|    6|           6|           6|
    |xor_ln241_fu_2245_p2     |    xor   |      0|  0|    2|           1|           1|
    +-------------------------+----------+-------+---+-----+------------+------------+
    |Total                    |          |      0|  0| 1786|        1100|        1081|
    +-------------------------+----------+-------+---+-----+------------+------------+

    * Multiplexer: 
    +-------------------------------+----+-----------+-----+-----------+
    |              Name             | LUT| Input Size| Bits| Total Bits|
    +-------------------------------+----+-----------+-----+-----------+
    |C_1_fu_318                     |  15|          3|   28|         84|
    |D_fu_322                       |  15|          3|   28|         84|
    |L_0_reg_604                    |   9|          2|   32|         64|
    |ap_NS_fsm                      |  59|         14|    1|         14|
    |ap_enable_reg_pp0_iter2        |   9|          2|    1|          2|
    |ap_phi_mux_temp_phi_fu_597_p4  |   9|          2|   32|         64|
    |i_0_reg_516                    |   9|          2|    7|         14|
    |i_1_reg_538                    |   9|          2|    6|         12|
    |i_2_reg_549                    |   9|          2|    5|         10|
    |i_3_reg_583                    |   9|          2|    5|         10|
    |i_4_reg_615                    |   9|          2|    7|         14|
    |init_perm_res_0_reg_505        |   9|          2|   64|        128|
    |inv_init_perm_res_0_reg_626    |   9|          2|   64|        128|
    |j_0_reg_572                    |   9|          2|    6|         12|
    |permuted_choice_1_0_reg_527    |   9|          2|   64|        128|
    |sub_key_address0               |  15|          3|    4|         12|
    |sub_key_load_1_reg_560         |   9|          2|   64|        128|
    |temp_reg_594                   |   9|          2|   32|         64|
    +-------------------------------+----+-----------+-----+-----------+
    |Total                          | 230|         51|  450|        972|
    +-------------------------------+----+-----------+-----+-----------+

    * Register: 
    +-----------------------------------+----+----+-----+-----------+
    |                Name               | FF | LUT| Bits| Const Bits|
    +-----------------------------------+----+----+-----+-----------+
    |C_1_fu_318                         |  28|   0|   28|          0|
    |D_fu_322                           |  28|   0|   28|          0|
    |L_0_reg_604                        |  32|   0|   32|          0|
    |L_reg_2683                         |  32|   0|   32|          0|
    |R_reg_2688                         |  32|   0|   32|          0|
    |ap_CS_fsm                          |  13|   0|   13|          0|
    |ap_enable_reg_pp0_iter0            |   1|   0|    1|          0|
    |ap_enable_reg_pp0_iter1            |   1|   0|    1|          0|
    |ap_enable_reg_pp0_iter2            |   1|   0|    1|          0|
    |i_0_reg_516                        |   7|   0|    7|          0|
    |i_10_reg_2849                      |   7|   0|    7|          0|
    |i_1_reg_538                        |   6|   0|    6|          0|
    |i_2_reg_549                        |   5|   0|    5|          0|
    |i_3_reg_583                        |   5|   0|    5|          0|
    |i_4_reg_615                        |   7|   0|    7|          0|
    |i_5_reg_2701                       |   6|   0|    6|          0|
    |i_8_reg_2741                       |   5|   0|    5|          0|
    |i_reg_2668                         |   7|   0|    7|          0|
    |icmp_ln223_reg_2782                |   1|   0|    1|          0|
    |icmp_ln223_reg_2782_pp0_iter1_reg  |   1|   0|    1|          0|
    |init_perm_res_0_reg_505            |  64|   0|   64|          0|
    |inv_init_perm_res_0_reg_626        |  64|   0|   64|          0|
    |j_0_reg_572                        |   6|   0|    6|          0|
    |j_reg_2762                         |   6|   0|    6|          0|
    |permuted_choice_1_0_reg_527        |  64|   0|   64|          0|
    |pre_output_reg_2841                |  64|   0|   64|          0|
    |sub_key_addr_reg_2749              |   4|   0|    4|          0|
    |sub_key_load_1_reg_560             |  64|   0|   64|          0|
    |temp_reg_594                       |  32|   0|   32|          0|
    |tmp_22_reg_2754                    |  56|   0|   56|          0|
    |trunc_ln174_1_reg_2678             |  63|   0|   63|          0|
    |trunc_ln184_1_reg_2711             |  63|   0|   63|          0|
    |trunc_ln218_1_reg_2772             |  63|   0|   63|          0|
    |trunc_ln270_1_reg_2859             |  63|   0|   63|          0|
    +-----------------------------------+----+----+-----+-----------+
    |Total                              | 901|   0|  901|          0|
    +-----------------------------------+----+----+-----+-----------+



================================================================
== Interface
================================================================
* Summary: 
+-----------+-----+-----+------------+--------------+--------------+
| RTL Ports | Dir | Bits|  Protocol  | Source Object|    C Type    |
+-----------+-----+-----+------------+--------------+--------------+
|ap_clk     |  in |    1| ap_ctrl_hs |    des_dec   | return value |
|ap_rst     |  in |    1| ap_ctrl_hs |    des_dec   | return value |
|ap_start   |  in |    1| ap_ctrl_hs |    des_dec   | return value |
|ap_done    | out |    1| ap_ctrl_hs |    des_dec   | return value |
|ap_idle    | out |    1| ap_ctrl_hs |    des_dec   | return value |
|ap_ready   | out |    1| ap_ctrl_hs |    des_dec   | return value |
|ap_return  | out |   64| ap_ctrl_hs |    des_dec   | return value |
|input_r    |  in |   64|   ap_none  |    input_r   |    scalar    |
|key        |  in |   64|   ap_none  |      key     |    scalar    |
+-----------+-----+-----+------------+--------------+--------------+

