

================================================================
== Vivado HLS Report for 'des_dec'
================================================================
* Date:           Wed Dec 23 23:39:57 2020

* Version:        2019.1 (Build 2552052 on Fri May 24 15:28:33 MDT 2019)
* Project:        DES_DEC
* Solution:       C_2
* Product family: artix7
* Target device:  xc7a35tl-cpg236-2L


================================================================
== Performance Estimates
================================================================
+ Timing (ns): 
    * Summary: 
    +--------+-------+----------+------------+
    |  Clock | Target| Estimated| Uncertainty|
    +--------+-------+----------+------------+
    |ap_clk  |  10.00|     8.690|        1.25|
    +--------+-------+----------+------------+

+ Latency (clock cycles): 
    * Summary: 
    +------+------+------+------+---------+
    |   Latency   |   Interval  | Pipeline|
    |  min |  max |  min |  max |   Type  |
    +------+------+------+------+---------+
    |  3531|  3531|  3531|  3531|   none  |
    +------+------+------+------+---------+

    + Detail: 
        * Instance: 
        N/A

        * Loop: 
        +------------------+------+------+----------+-----------+-----------+------+----------+
        |                  |   Latency   | Iteration|  Initiation Interval  | Trip |          |
        |     Loop Name    |  min |  max |  Latency |  achieved |   target  | Count| Pipelined|
        +------------------+------+------+----------+-----------+-----------+------+----------+
        |- unroll1         |   128|   128|         2|          -|          -|    64|    no    |
        |- unroll2         |   112|   112|         2|          -|          -|    56|    no    |
        |- Pipeline_loop4  |  3152|  3152|       197|          -|          -|    16|    no    |
        | + loop4_1        |    96|    96|         2|          -|          -|    48|    no    |
        | + loop4_2        |    32|    32|         4|          -|          -|     8|    no    |
        | + loop4_3        |    64|    64|         2|          -|          -|    32|    no    |
        |- loop5           |   128|   128|         2|          -|          -|    64|    no    |
        +------------------+------+------+----------+-----------+-----------+------+----------+

============================================================
+ Verbose Summary: Synthesis Manager
============================================================
InlineROM: 1
ExposeGlobal: 0
============================================================
+ Verbose Summary: CDFG Model
============================================================
IsTopModel: 1
ResetActiveHigh: 1
IsCombinational: 0
IsDatapathOnly: 0
HasWiredReturn: 1
HasMFsm: 0
HasVarLatency: 1
IsPipeline: 0
IsRtlPipelined: 0
IsInstanceOverlapped: 0
IsDontTouch: 0
HasImplIP: 0
IsGatedGlobalClock: 0


============================================================
+ Verbose Summary: Schedule
============================================================
* Number of FSM states : 24
* Pipeline : 0
* Dataflow Pipeline: 0

* FSM state transitions: 
1 --> 2 
2 --> 3 4 
3 --> 2 
4 --> 5 6 
5 --> 4 
6 --> 7 
7 --> 8 
8 --> 9 
9 --> 10 
10 --> 11 
11 --> 12 
12 --> 13 
13 --> 14 23 
14 --> 15 16 
15 --> 14 
16 --> 17 
17 --> 18 21 
18 --> 19 
19 --> 20 
20 --> 17 
21 --> 22 13 
22 --> 21 
23 --> 24 
24 --> 23 

* FSM state operations: 

State 1 <SV = 0> <Delay = 1.35>
ST_1 : Operation 25 [1/1] (0.00ns)   --->   "call void (...)* @_ssdm_op_SpecBitsMap(i64 %input_r) nounwind, !map !8"   --->   Operation 25 'specbitsmap' <Predicate = true> <Delay = 0.00>
ST_1 : Operation 26 [1/1] (0.00ns)   --->   "call void (...)* @_ssdm_op_SpecBitsMap(i64 %key) nounwind, !map !14"   --->   Operation 26 'specbitsmap' <Predicate = true> <Delay = 0.00>
ST_1 : Operation 27 [1/1] (0.00ns)   --->   "call void (...)* @_ssdm_op_SpecBitsMap(i64 0) nounwind, !map !18"   --->   Operation 27 'specbitsmap' <Predicate = true> <Delay = 0.00>
ST_1 : Operation 28 [1/1] (0.00ns)   --->   "call void (...)* @_ssdm_op_SpecTopModule([8 x i8]* @des_dec_str) nounwind"   --->   Operation 28 'spectopmodule' <Predicate = true> <Delay = 0.00>
ST_1 : Operation 29 [1/1] (0.00ns)   --->   "%key_read = call i64 @_ssdm_op_Read.ap_auto.i64(i64 %key) nounwind" [desDecrypt.c:14]   --->   Operation 29 'read' 'key_read' <Predicate = true> <Delay = 0.00>
ST_1 : Operation 30 [1/1] (0.00ns)   --->   "%input_read = call i64 @_ssdm_op_Read.ap_auto.i64(i64 %input_r) nounwind" [desDecrypt.c:14]   --->   Operation 30 'read' 'input_read' <Predicate = true> <Delay = 0.00>
ST_1 : Operation 31 [1/1] (1.35ns)   --->   "br label %1" [desDecrypt.c:171]   --->   Operation 31 'br' <Predicate = true> <Delay = 1.35>

State 2 <SV = 1> <Delay = 4.43>
ST_2 : Operation 32 [1/1] (0.00ns)   --->   "%init_perm_res_0 = phi i64 [ 0, %0 ], [ %init_perm_res, %2 ]"   --->   Operation 32 'phi' 'init_perm_res_0' <Predicate = true> <Delay = 0.00>
ST_2 : Operation 33 [1/1] (0.00ns)   --->   "%i_0 = phi i7 [ 0, %0 ], [ %i, %2 ]"   --->   Operation 33 'phi' 'i_0' <Predicate = true> <Delay = 0.00>
ST_2 : Operation 34 [1/1] (1.23ns)   --->   "%icmp_ln171 = icmp eq i7 %i_0, -64" [desDecrypt.c:171]   --->   Operation 34 'icmp' 'icmp_ln171' <Predicate = true> <Delay = 1.23> <Core = "Cmp">   --->   Core 25 'Cmp' <Latency = 0> <II = 1> <Delay = 1.23> <FuncUnit> <Opcode : 'icmp'> <InPorts = 2> <OutPorts = 1>
ST_2 : Operation 35 [1/1] (0.00ns)   --->   "%empty = call i32 (...)* @_ssdm_op_SpecLoopTripCount(i64 64, i64 64, i64 64) nounwind"   --->   Operation 35 'speclooptripcount' 'empty' <Predicate = true> <Delay = 0.00>
ST_2 : Operation 36 [1/1] (1.66ns)   --->   "%i = add i7 %i_0, 1" [desDecrypt.c:171]   --->   Operation 36 'add' 'i' <Predicate = true> <Delay = 1.66> <Core = "AddSub">   --->   Core 14 'AddSub' <Latency = 0> <II = 1> <Delay = 1.66> <FuncUnit> <Opcode : 'add' 'sub'> <InPorts = 2> <OutPorts = 1>
ST_2 : Operation 37 [1/1] (0.00ns)   --->   "br i1 %icmp_ln171, label %3, label %2" [desDecrypt.c:171]   --->   Operation 37 'br' <Predicate = true> <Delay = 0.00>
ST_2 : Operation 38 [1/1] (1.66ns)   --->   "%add_ln174 = add i7 16, %i_0" [desDecrypt.c:174]   --->   Operation 38 'add' 'add_ln174' <Predicate = (!icmp_ln171)> <Delay = 1.66> <Core = "AddSub">   --->   Core 14 'AddSub' <Latency = 0> <II = 1> <Delay = 1.66> <FuncUnit> <Opcode : 'add' 'sub'> <InPorts = 2> <OutPorts = 1>
ST_2 : Operation 39 [1/1] (0.00ns)   --->   "%zext_ln174_1 = zext i7 %add_ln174 to i64" [desDecrypt.c:174]   --->   Operation 39 'zext' 'zext_ln174_1' <Predicate = (!icmp_ln171)> <Delay = 0.00>
ST_2 : Operation 40 [1/1] (0.00ns)   --->   "%array_temp_addr = getelementptr [144 x i48]* @array_temp, i64 0, i64 %zext_ln174_1" [desDecrypt.c:174]   --->   Operation 40 'getelementptr' 'array_temp_addr' <Predicate = (!icmp_ln171)> <Delay = 0.00>
ST_2 : Operation 41 [2/2] (2.77ns)   --->   "%array_temp_load = load i48* %array_temp_addr, align 8" [desDecrypt.c:174]   --->   Operation 41 'load' 'array_temp_load' <Predicate = (!icmp_ln171)> <Delay = 2.77> <Core = "RAM">   --->   Core 37 'RAM' <Latency = 1> <II = 1> <Delay = 2.77> <Storage> <Opcode : 'load' 'store'> <Ports = 2> <Width = 48> <Depth = 144> <RAM>
ST_2 : Operation 42 [1/1] (0.00ns)   --->   "%trunc_ln174_2 = trunc i64 %init_perm_res_0 to i63" [desDecrypt.c:174]   --->   Operation 42 'trunc' 'trunc_ln174_2' <Predicate = (!icmp_ln171)> <Delay = 0.00>
ST_2 : Operation 43 [1/1] (0.00ns)   --->   "%L = call i32 @_ssdm_op_PartSelect.i32.i64.i32.i32(i64 %init_perm_res_0, i32 32, i32 63)" [desDecrypt.c:178]   --->   Operation 43 'partselect' 'L' <Predicate = (icmp_ln171)> <Delay = 0.00>
ST_2 : Operation 44 [1/1] (0.00ns)   --->   "%R = trunc i64 %init_perm_res_0 to i32" [desDecrypt.c:179]   --->   Operation 44 'trunc' 'R' <Predicate = (icmp_ln171)> <Delay = 0.00>
ST_2 : Operation 45 [1/1] (1.35ns)   --->   "br label %4" [desDecrypt.c:182]   --->   Operation 45 'br' <Predicate = (icmp_ln171)> <Delay = 1.35>

State 3 <SV = 2> <Delay = 7.90>
ST_3 : Operation 46 [1/1] (0.00ns)   --->   "call void (...)* @_ssdm_op_SpecLoopName([8 x i8]* @p_str3) nounwind" [desDecrypt.c:171]   --->   Operation 46 'specloopname' <Predicate = true> <Delay = 0.00>
ST_3 : Operation 47 [1/2] (2.77ns)   --->   "%array_temp_load = load i48* %array_temp_addr, align 8" [desDecrypt.c:174]   --->   Operation 47 'load' 'array_temp_load' <Predicate = true> <Delay = 2.77> <Core = "RAM">   --->   Core 37 'RAM' <Latency = 1> <II = 1> <Delay = 2.77> <Storage> <Opcode : 'load' 'store'> <Ports = 2> <Width = 48> <Depth = 144> <RAM>
ST_3 : Operation 48 [1/1] (0.00ns)   --->   "%trunc_ln174 = trunc i48 %array_temp_load to i7" [desDecrypt.c:174]   --->   Operation 48 'trunc' 'trunc_ln174' <Predicate = true> <Delay = 0.00>
ST_3 : Operation 49 [1/1] (1.66ns)   --->   "%sub_ln174 = sub i7 -64, %trunc_ln174" [desDecrypt.c:174]   --->   Operation 49 'sub' 'sub_ln174' <Predicate = true> <Delay = 1.66> <Core = "AddSub">   --->   Core 14 'AddSub' <Latency = 0> <II = 1> <Delay = 1.66> <FuncUnit> <Opcode : 'add' 'sub'> <InPorts = 2> <OutPorts = 1>
ST_3 : Operation 50 [1/1] (0.00ns)   --->   "%zext_ln174 = zext i7 %sub_ln174 to i64" [desDecrypt.c:174]   --->   Operation 50 'zext' 'zext_ln174' <Predicate = true> <Delay = 0.00>
ST_3 : Operation 51 [1/1] (3.47ns)   --->   "%lshr_ln174 = lshr i64 %input_read, %zext_ln174" [desDecrypt.c:174]   --->   Operation 51 'lshr' 'lshr_ln174' <Predicate = true> <Delay = 3.47> <Core = "Shift">   --->   Core 28 'Shift' <Latency = 0> <II = 1> <Delay = 3.47> <FuncUnit> <Opcode : 'shl' 'lshr' 'ashr'> <InPorts = 2> <OutPorts = 1>
ST_3 : Operation 52 [1/1] (0.00ns)   --->   "%trunc_ln174_1 = trunc i64 %lshr_ln174 to i1" [desDecrypt.c:174]   --->   Operation 52 'trunc' 'trunc_ln174_1' <Predicate = true> <Delay = 0.00>
ST_3 : Operation 53 [1/1] (0.00ns)   --->   "%init_perm_res = call i64 @_ssdm_op_BitConcatenate.i64.i63.i1(i63 %trunc_ln174_2, i1 %trunc_ln174_1)" [desDecrypt.c:174]   --->   Operation 53 'bitconcatenate' 'init_perm_res' <Predicate = true> <Delay = 0.00>
ST_3 : Operation 54 [1/1] (0.00ns)   --->   "br label %1" [desDecrypt.c:171]   --->   Operation 54 'br' <Predicate = true> <Delay = 0.00>

State 4 <SV = 2> <Delay = 3.58>
ST_4 : Operation 55 [1/1] (0.00ns)   --->   "%permuted_choice_1_0 = phi i64 [ 0, %3 ], [ %permuted_choice_1, %5 ]"   --->   Operation 55 'phi' 'permuted_choice_1_0' <Predicate = true> <Delay = 0.00>
ST_4 : Operation 56 [1/1] (0.00ns)   --->   "%i_1 = phi i6 [ 0, %3 ], [ %i_2, %5 ]"   --->   Operation 56 'phi' 'i_1' <Predicate = true> <Delay = 0.00>
ST_4 : Operation 57 [1/1] (1.22ns)   --->   "%icmp_ln182 = icmp eq i6 %i_1, -8" [desDecrypt.c:182]   --->   Operation 57 'icmp' 'icmp_ln182' <Predicate = true> <Delay = 1.22> <Core = "Cmp">   --->   Core 25 'Cmp' <Latency = 0> <II = 1> <Delay = 1.23> <FuncUnit> <Opcode : 'icmp'> <InPorts = 2> <OutPorts = 1>
ST_4 : Operation 58 [1/1] (0.00ns)   --->   "%empty_7 = call i32 (...)* @_ssdm_op_SpecLoopTripCount(i64 56, i64 56, i64 56) nounwind"   --->   Operation 58 'speclooptripcount' 'empty_7' <Predicate = true> <Delay = 0.00>
ST_4 : Operation 59 [1/1] (1.60ns)   --->   "%i_2 = add i6 %i_1, 1" [desDecrypt.c:182]   --->   Operation 59 'add' 'i_2' <Predicate = true> <Delay = 1.60> <Core = "AddSub">   --->   Core 14 'AddSub' <Latency = 0> <II = 1> <Delay = 1.66> <FuncUnit> <Opcode : 'add' 'sub'> <InPorts = 2> <OutPorts = 1>
ST_4 : Operation 60 [1/1] (0.00ns)   --->   "br i1 %icmp_ln182, label %._crit_edge14.0, label %5" [desDecrypt.c:182]   --->   Operation 60 'br' <Predicate = true> <Delay = 0.00>
ST_4 : Operation 61 [1/1] (0.00ns)   --->   "%zext_ln184_1 = zext i6 %i_1 to i64" [desDecrypt.c:184]   --->   Operation 61 'zext' 'zext_ln184_1' <Predicate = (!icmp_ln182)> <Delay = 0.00>
ST_4 : Operation 62 [1/1] (0.00ns)   --->   "%PC1_addr = getelementptr [56 x i6]* @PC1, i64 0, i64 %zext_ln184_1" [desDecrypt.c:184]   --->   Operation 62 'getelementptr' 'PC1_addr' <Predicate = (!icmp_ln182)> <Delay = 0.00>
ST_4 : Operation 63 [2/2] (2.77ns)   --->   "%PC1_load = load i6* %PC1_addr, align 1" [desDecrypt.c:184]   --->   Operation 63 'load' 'PC1_load' <Predicate = (!icmp_ln182)> <Delay = 2.77> <Core = "ROM_nP">   --->   Core 52 'ROM_nP' <Latency = 1> <II = 1> <Delay = 2.77> <Storage> <Opcode : 'load'> <Ports = 0> <Width = 6> <Depth = 32> <ROM>
ST_4 : Operation 64 [1/1] (0.00ns)   --->   "%trunc_ln184_1 = trunc i64 %permuted_choice_1_0 to i63" [desDecrypt.c:184]   --->   Operation 64 'trunc' 'trunc_ln184_1' <Predicate = (!icmp_ln182)> <Delay = 0.00>
ST_4 : Operation 65 [1/1] (0.00ns)   --->   "%s_output_1 = alloca i32"   --->   Operation 65 'alloca' 's_output_1' <Predicate = (icmp_ln182)> <Delay = 0.00>
ST_4 : Operation 66 [1/1] (0.00ns)   --->   "%tmp = call i1 @_ssdm_op_BitSelect.i1.i64.i32(i64 %permuted_choice_1_0, i32 55)" [desDecrypt.c:197]   --->   Operation 66 'bitselect' 'tmp' <Predicate = (icmp_ln182)> <Delay = 0.00>
ST_4 : Operation 67 [1/1] (0.00ns)   --->   "%tmp_1 = call i1 @_ssdm_op_BitSelect.i1.i64.i32(i64 %permuted_choice_1_0, i32 27)" [desDecrypt.c:198]   --->   Operation 67 'bitselect' 'tmp_1' <Predicate = (icmp_ln182)> <Delay = 0.00>
ST_4 : Operation 68 [1/1] (0.00ns)   --->   "%trunc_ln198 = trunc i64 %permuted_choice_1_0 to i1" [desDecrypt.c:198]   --->   Operation 68 'trunc' 'trunc_ln198' <Predicate = (icmp_ln182)> <Delay = 0.00>
ST_4 : Operation 69 [1/1] (0.00ns)   --->   "%tmp_2 = call i1 @_ssdm_op_BitSelect.i1.i64.i32(i64 %permuted_choice_1_0, i32 28)" [desDecrypt.c:212]   --->   Operation 69 'bitselect' 'tmp_2' <Predicate = (icmp_ln182)> <Delay = 0.00>
ST_4 : Operation 70 [1/1] (0.00ns)   --->   "%tmp_3 = call i1 @_ssdm_op_BitSelect.i1.i64.i32(i64 %permuted_choice_1_0, i32 40)" [desDecrypt.c:218]   --->   Operation 70 'bitselect' 'tmp_3' <Predicate = (icmp_ln182)> <Delay = 0.00>
ST_4 : Operation 71 [1/1] (0.00ns)   --->   "%tmp_4 = call i1 @_ssdm_op_BitSelect.i1.i64.i32(i64 %permuted_choice_1_0, i32 38)" [desDecrypt.c:218]   --->   Operation 71 'bitselect' 'tmp_4' <Predicate = (icmp_ln182)> <Delay = 0.00>
ST_4 : Operation 72 [1/1] (0.00ns)   --->   "%tmp_6 = call i1 @_ssdm_op_BitSelect.i1.i64.i32(i64 %permuted_choice_1_0, i32 41)" [desDecrypt.c:218]   --->   Operation 72 'bitselect' 'tmp_6' <Predicate = (icmp_ln182)> <Delay = 0.00>
ST_4 : Operation 73 [1/1] (0.00ns)   --->   "%tmp_7 = call i1 @_ssdm_op_BitSelect.i1.i64.i32(i64 %permuted_choice_1_0, i32 44)" [desDecrypt.c:218]   --->   Operation 73 'bitselect' 'tmp_7' <Predicate = (icmp_ln182)> <Delay = 0.00>
ST_4 : Operation 74 [1/1] (0.00ns)   --->   "%tmp_8 = call i1 @_ssdm_op_BitSelect.i1.i64.i32(i64 %permuted_choice_1_0, i32 31)" [desDecrypt.c:218]   --->   Operation 74 'bitselect' 'tmp_8' <Predicate = (icmp_ln182)> <Delay = 0.00>
ST_4 : Operation 75 [1/1] (0.00ns)   --->   "%tmp_9 = call i1 @_ssdm_op_BitSelect.i1.i64.i32(i64 %permuted_choice_1_0, i32 54)" [desDecrypt.c:218]   --->   Operation 75 'bitselect' 'tmp_9' <Predicate = (icmp_ln182)> <Delay = 0.00>
ST_4 : Operation 76 [1/1] (0.00ns)   --->   "%tmp_10 = call i1 @_ssdm_op_BitSelect.i1.i64.i32(i64 %permuted_choice_1_0, i32 50)" [desDecrypt.c:218]   --->   Operation 76 'bitselect' 'tmp_10' <Predicate = (icmp_ln182)> <Delay = 0.00>
ST_4 : Operation 77 [1/1] (0.00ns)   --->   "%tmp_11 = call i1 @_ssdm_op_BitSelect.i1.i64.i32(i64 %permuted_choice_1_0, i32 52)" [desDecrypt.c:218]   --->   Operation 77 'bitselect' 'tmp_11' <Predicate = (icmp_ln182)> <Delay = 0.00>
ST_4 : Operation 78 [1/1] (0.00ns)   --->   "%tmp_12 = call i1 @_ssdm_op_BitSelect.i1.i64.i32(i64 %permuted_choice_1_0, i32 49)" [desDecrypt.c:218]   --->   Operation 78 'bitselect' 'tmp_12' <Predicate = (icmp_ln182)> <Delay = 0.00>
ST_4 : Operation 79 [1/1] (0.00ns)   --->   "%tmp_13 = call i1 @_ssdm_op_BitSelect.i1.i64.i32(i64 %permuted_choice_1_0, i32 34)" [desDecrypt.c:218]   --->   Operation 79 'bitselect' 'tmp_13' <Predicate = (icmp_ln182)> <Delay = 0.00>
ST_4 : Operation 80 [1/1] (0.00ns)   --->   "%tmp_14 = call i1 @_ssdm_op_BitSelect.i1.i64.i32(i64 %permuted_choice_1_0, i32 45)" [desDecrypt.c:218]   --->   Operation 80 'bitselect' 'tmp_14' <Predicate = (icmp_ln182)> <Delay = 0.00>
ST_4 : Operation 81 [1/1] (0.00ns)   --->   "%tmp_15 = call i1 @_ssdm_op_BitSelect.i1.i64.i32(i64 %permuted_choice_1_0, i32 32)" [desDecrypt.c:218]   --->   Operation 81 'bitselect' 'tmp_15' <Predicate = (icmp_ln182)> <Delay = 0.00>
ST_4 : Operation 82 [1/1] (0.00ns)   --->   "%tmp_16 = call i1 @_ssdm_op_BitSelect.i1.i64.i32(i64 %permuted_choice_1_0, i32 36)" [desDecrypt.c:218]   --->   Operation 82 'bitselect' 'tmp_16' <Predicate = (icmp_ln182)> <Delay = 0.00>
ST_4 : Operation 83 [1/1] (0.00ns)   --->   "%tmp_17 = call i1 @_ssdm_op_BitSelect.i1.i64.i32(i64 %permuted_choice_1_0, i32 43)" [desDecrypt.c:218]   --->   Operation 83 'bitselect' 'tmp_17' <Predicate = (icmp_ln182)> <Delay = 0.00>
ST_4 : Operation 84 [1/1] (0.00ns)   --->   "%tmp_18 = call i1 @_ssdm_op_BitSelect.i1.i64.i32(i64 %permuted_choice_1_0, i32 51)" [desDecrypt.c:218]   --->   Operation 84 'bitselect' 'tmp_18' <Predicate = (icmp_ln182)> <Delay = 0.00>
ST_4 : Operation 85 [1/1] (0.00ns)   --->   "%tmp_19 = call i1 @_ssdm_op_BitSelect.i1.i64.i32(i64 %permuted_choice_1_0, i32 29)" [desDecrypt.c:218]   --->   Operation 85 'bitselect' 'tmp_19' <Predicate = (icmp_ln182)> <Delay = 0.00>
ST_4 : Operation 86 [1/1] (0.00ns)   --->   "%tmp_20 = call i1 @_ssdm_op_BitSelect.i1.i64.i32(i64 %permuted_choice_1_0, i32 47)" [desDecrypt.c:218]   --->   Operation 86 'bitselect' 'tmp_20' <Predicate = (icmp_ln182)> <Delay = 0.00>
ST_4 : Operation 87 [1/1] (0.00ns)   --->   "%tmp_21 = call i1 @_ssdm_op_BitSelect.i1.i64.i32(i64 %permuted_choice_1_0, i32 39)" [desDecrypt.c:218]   --->   Operation 87 'bitselect' 'tmp_21' <Predicate = (icmp_ln182)> <Delay = 0.00>
ST_4 : Operation 88 [1/1] (0.00ns)   --->   "%tmp_22 = call i1 @_ssdm_op_BitSelect.i1.i64.i32(i64 %permuted_choice_1_0, i32 48)" [desDecrypt.c:218]   --->   Operation 88 'bitselect' 'tmp_22' <Predicate = (icmp_ln182)> <Delay = 0.00>
ST_4 : Operation 89 [1/1] (0.00ns)   --->   "%tmp_23 = call i1 @_ssdm_op_BitSelect.i1.i64.i32(i64 %permuted_choice_1_0, i32 35)" [desDecrypt.c:218]   --->   Operation 89 'bitselect' 'tmp_23' <Predicate = (icmp_ln182)> <Delay = 0.00>
ST_4 : Operation 90 [1/1] (0.00ns)   --->   "%tmp_24 = call i1 @_ssdm_op_BitSelect.i1.i64.i32(i64 %permuted_choice_1_0, i32 42)" [desDecrypt.c:218]   --->   Operation 90 'bitselect' 'tmp_24' <Predicate = (icmp_ln182)> <Delay = 0.00>
ST_4 : Operation 91 [1/1] (0.00ns)   --->   "%tmp_25 = call i1 @_ssdm_op_BitSelect.i1.i64.i32(i64 %permuted_choice_1_0, i32 53)" [desDecrypt.c:218]   --->   Operation 91 'bitselect' 'tmp_25' <Predicate = (icmp_ln182)> <Delay = 0.00>
ST_4 : Operation 92 [1/1] (0.00ns)   --->   "%tmp_26 = call i1 @_ssdm_op_BitSelect.i1.i64.i32(i64 %permuted_choice_1_0, i32 14)" [desDecrypt.c:218]   --->   Operation 92 'bitselect' 'tmp_26' <Predicate = (icmp_ln182)> <Delay = 0.00>
ST_4 : Operation 93 [1/1] (0.00ns)   --->   "%tmp_27 = call i1 @_ssdm_op_BitSelect.i1.i64.i32(i64 %permuted_choice_1_0, i32 3)" [desDecrypt.c:218]   --->   Operation 93 'bitselect' 'tmp_27' <Predicate = (icmp_ln182)> <Delay = 0.00>
ST_4 : Operation 94 [1/1] (0.00ns)   --->   "%tmp_28 = call i1 @_ssdm_op_BitSelect.i1.i64.i32(i64 %permuted_choice_1_0, i32 24)" [desDecrypt.c:218]   --->   Operation 94 'bitselect' 'tmp_28' <Predicate = (icmp_ln182)> <Delay = 0.00>
ST_4 : Operation 95 [1/1] (0.00ns)   --->   "%tmp_29 = call i1 @_ssdm_op_BitSelect.i1.i64.i32(i64 %permuted_choice_1_0, i32 18)" [desDecrypt.c:218]   --->   Operation 95 'bitselect' 'tmp_29' <Predicate = (icmp_ln182)> <Delay = 0.00>
ST_4 : Operation 96 [1/1] (0.00ns)   --->   "%tmp_30 = call i1 @_ssdm_op_BitSelect.i1.i64.i32(i64 %permuted_choice_1_0, i32 8)" [desDecrypt.c:218]   --->   Operation 96 'bitselect' 'tmp_30' <Predicate = (icmp_ln182)> <Delay = 0.00>
ST_4 : Operation 97 [1/1] (0.00ns)   --->   "%tmp_31 = call i1 @_ssdm_op_BitSelect.i1.i64.i32(i64 %permuted_choice_1_0, i32 25)" [desDecrypt.c:218]   --->   Operation 97 'bitselect' 'tmp_31' <Predicate = (icmp_ln182)> <Delay = 0.00>
ST_4 : Operation 98 [1/1] (0.00ns)   --->   "%tmp_32 = call i1 @_ssdm_op_BitSelect.i1.i64.i32(i64 %permuted_choice_1_0, i32 15)" [desDecrypt.c:218]   --->   Operation 98 'bitselect' 'tmp_32' <Predicate = (icmp_ln182)> <Delay = 0.00>
ST_4 : Operation 99 [1/1] (0.00ns)   --->   "%tmp_33 = call i1 @_ssdm_op_BitSelect.i1.i64.i32(i64 %permuted_choice_1_0, i32 4)" [desDecrypt.c:218]   --->   Operation 99 'bitselect' 'tmp_33' <Predicate = (icmp_ln182)> <Delay = 0.00>
ST_4 : Operation 100 [1/1] (0.00ns)   --->   "%tmp_34 = call i1 @_ssdm_op_BitSelect.i1.i64.i32(i64 %permuted_choice_1_0, i32 10)" [desDecrypt.c:218]   --->   Operation 100 'bitselect' 'tmp_34' <Predicate = (icmp_ln182)> <Delay = 0.00>
ST_4 : Operation 101 [1/1] (0.00ns)   --->   "%tmp_35 = call i1 @_ssdm_op_BitSelect.i1.i64.i32(i64 %permuted_choice_1_0, i32 22)" [desDecrypt.c:218]   --->   Operation 101 'bitselect' 'tmp_35' <Predicate = (icmp_ln182)> <Delay = 0.00>
ST_4 : Operation 102 [1/1] (0.00ns)   --->   "%tmp_36 = call i1 @_ssdm_op_BitSelect.i1.i64.i32(i64 %permuted_choice_1_0, i32 7)" [desDecrypt.c:218]   --->   Operation 102 'bitselect' 'tmp_36' <Predicate = (icmp_ln182)> <Delay = 0.00>
ST_4 : Operation 103 [1/1] (0.00ns)   --->   "%tmp_37 = call i1 @_ssdm_op_BitSelect.i1.i64.i32(i64 %permuted_choice_1_0, i32 11)" [desDecrypt.c:218]   --->   Operation 103 'bitselect' 'tmp_37' <Predicate = (icmp_ln182)> <Delay = 0.00>
ST_4 : Operation 104 [1/1] (0.00ns)   --->   "%tmp_38 = call i1 @_ssdm_op_BitSelect.i1.i64.i32(i64 %permuted_choice_1_0, i32 6)" [desDecrypt.c:218]   --->   Operation 104 'bitselect' 'tmp_38' <Predicate = (icmp_ln182)> <Delay = 0.00>
ST_4 : Operation 105 [1/1] (0.00ns)   --->   "%tmp_39 = call i1 @_ssdm_op_BitSelect.i1.i64.i32(i64 %permuted_choice_1_0, i32 16)" [desDecrypt.c:218]   --->   Operation 105 'bitselect' 'tmp_39' <Predicate = (icmp_ln182)> <Delay = 0.00>
ST_4 : Operation 106 [1/1] (0.00ns)   --->   "%tmp_40 = call i1 @_ssdm_op_BitSelect.i1.i64.i32(i64 %permuted_choice_1_0, i32 21)" [desDecrypt.c:218]   --->   Operation 106 'bitselect' 'tmp_40' <Predicate = (icmp_ln182)> <Delay = 0.00>
ST_4 : Operation 107 [1/1] (0.00ns)   --->   "%tmp_41 = call i1 @_ssdm_op_BitSelect.i1.i64.i32(i64 %permuted_choice_1_0, i32 2)" [desDecrypt.c:218]   --->   Operation 107 'bitselect' 'tmp_41' <Predicate = (icmp_ln182)> <Delay = 0.00>
ST_4 : Operation 108 [1/1] (0.00ns)   --->   "%tmp_42 = call i1 @_ssdm_op_BitSelect.i1.i64.i32(i64 %permuted_choice_1_0, i32 9)" [desDecrypt.c:218]   --->   Operation 108 'bitselect' 'tmp_42' <Predicate = (icmp_ln182)> <Delay = 0.00>
ST_4 : Operation 109 [1/1] (0.00ns)   --->   "%tmp_43 = call i1 @_ssdm_op_BitSelect.i1.i64.i32(i64 %permuted_choice_1_0, i32 13)" [desDecrypt.c:218]   --->   Operation 109 'bitselect' 'tmp_43' <Predicate = (icmp_ln182)> <Delay = 0.00>
ST_4 : Operation 110 [1/1] (0.00ns)   --->   "%tmp_44 = call i1 @_ssdm_op_BitSelect.i1.i64.i32(i64 %permuted_choice_1_0, i32 5)" [desDecrypt.c:218]   --->   Operation 110 'bitselect' 'tmp_44' <Predicate = (icmp_ln182)> <Delay = 0.00>
ST_4 : Operation 111 [1/1] (0.00ns)   --->   "%tmp_45 = call i1 @_ssdm_op_BitSelect.i1.i64.i32(i64 %permuted_choice_1_0, i32 19)" [desDecrypt.c:218]   --->   Operation 111 'bitselect' 'tmp_45' <Predicate = (icmp_ln182)> <Delay = 0.00>
ST_4 : Operation 112 [1/1] (0.00ns)   --->   "%tmp_46 = call i1 @_ssdm_op_BitSelect.i1.i64.i32(i64 %permuted_choice_1_0, i32 26)" [desDecrypt.c:218]   --->   Operation 112 'bitselect' 'tmp_46' <Predicate = (icmp_ln182)> <Delay = 0.00>
ST_4 : Operation 113 [1/1] (0.00ns)   --->   "%tmp_47 = call i1 @_ssdm_op_BitSelect.i1.i64.i32(i64 %permuted_choice_1_0, i32 23)" [desDecrypt.c:218]   --->   Operation 113 'bitselect' 'tmp_47' <Predicate = (icmp_ln182)> <Delay = 0.00>
ST_4 : Operation 114 [1/1] (0.00ns)   --->   "%or_ln218_s = call i48 @_ssdm_op_BitConcatenate.i48.i1.i1.i1.i1.i1.i1.i1.i1.i1.i1.i1.i1.i1.i1.i1.i1.i1.i1.i1.i1.i1.i1.i1.i1.i1.i1.i1.i1.i1.i1.i1.i1.i1.i1.i1.i1.i1.i1.i1.i1.i1.i1.i1.i1.i1.i1.i1.i1(i1 %tmp_6, i1 %tmp_4, i1 %tmp_7, i1 %tmp_8, i1 %tmp_9, i1 %tmp_10, i1 %tmp_11, i1 %tmp, i1 %tmp_3, i1 %tmp_12, i1 %tmp_13, i1 %tmp_14, i1 %tmp_15, i1 %tmp_16, i1 %tmp_17, i1 %tmp_18, i1 %tmp_19, i1 %tmp_20, i1 %tmp_21, i1 %tmp_22, i1 %tmp_2, i1 %tmp_23, i1 %tmp_24, i1 %tmp_25, i1 %tmp_26, i1 %tmp_27, i1 %tmp_28, i1 %tmp_29, i1 %tmp_30, i1 %trunc_ln198, i1 %tmp_31, i1 %tmp_32, i1 %tmp_33, i1 %tmp_34, i1 %tmp_35, i1 %tmp_36, i1 %tmp_37, i1 %tmp_38, i1 %tmp_39, i1 %tmp_1, i1 %tmp_40, i1 %tmp_41, i1 %tmp_42, i1 %tmp_43, i1 %tmp_44, i1 %tmp_45, i1 %tmp_46, i1 %tmp_47)" [desDecrypt.c:218]   --->   Operation 114 'bitconcatenate' 'or_ln218_s' <Predicate = (icmp_ln182)> <Delay = 0.00>
ST_4 : Operation 115 [1/1] (2.77ns)   --->   "store i48 %or_ln218_s, i48* getelementptr inbounds ([144 x i48]* @array_temp, i64 0, i64 0), align 16" [desDecrypt.c:218]   --->   Operation 115 'store' <Predicate = (icmp_ln182)> <Delay = 2.77> <Core = "RAM">   --->   Core 37 'RAM' <Latency = 1> <II = 1> <Delay = 2.77> <Storage> <Opcode : 'load' 'store'> <Ports = 2> <Width = 48> <Depth = 144> <RAM>
ST_4 : Operation 116 [1/1] (0.00ns)   --->   "%trunc_ln198_1 = trunc i64 %permuted_choice_1_0 to i26" [desDecrypt.c:198]   --->   Operation 116 'trunc' 'trunc_ln198_1' <Predicate = (icmp_ln182)> <Delay = 0.00>
ST_4 : Operation 117 [1/1] (0.00ns)   --->   "%trunc_ln198_s = call i28 @_ssdm_op_BitConcatenate.i28.i26.i1.i1(i26 %trunc_ln198_1, i1 %tmp_1, i1 false)" [desDecrypt.c:198]   --->   Operation 117 'bitconcatenate' 'trunc_ln198_s' <Predicate = (icmp_ln182)> <Delay = 0.00>
ST_4 : Operation 118 [1/1] (0.00ns)   --->   "%zext_ln198 = zext i1 %tmp_46 to i27" [desDecrypt.c:198]   --->   Operation 118 'zext' 'zext_ln198' <Predicate = (icmp_ln182)> <Delay = 0.00>
ST_4 : Operation 119 [1/1] (0.00ns)   --->   "%tmp_5 = call i28 @_ssdm_op_BitConcatenate.i28.i1.i27(i1 false, i27 %zext_ln198)" [desDecrypt.c:212]   --->   Operation 119 'bitconcatenate' 'tmp_5' <Predicate = (icmp_ln182)> <Delay = 0.00>
ST_4 : Operation 120 [1/1] (0.80ns)   --->   "%or_ln212 = or i28 %tmp_5, %trunc_ln198_s" [desDecrypt.c:212]   --->   Operation 120 'or' 'or_ln212' <Predicate = (icmp_ln182)> <Delay = 0.80> <Core = "LogicGate">   --->   Core 27 'LogicGate' <Latency = 0> <II = 1> <Delay = 0.80> <FuncUnit> <Opcode : 'and' 'or' 'xor'> <InPorts = 2> <OutPorts = 1>
ST_4 : Operation 121 [1/1] (0.00ns)   --->   "%tmp_48 = call i1 @_ssdm_op_BitSelect.i1.i64.i32(i64 %permuted_choice_1_0, i32 37)" [desDecrypt.c:218]   --->   Operation 121 'bitselect' 'tmp_48' <Predicate = (icmp_ln182)> <Delay = 0.00>
ST_4 : Operation 122 [1/1] (0.00ns)   --->   "%tmp_52 = call i1 @_ssdm_op_BitSelect.i1.i64.i32(i64 %permuted_choice_1_0, i32 30)" [desDecrypt.c:218]   --->   Operation 122 'bitselect' 'tmp_52' <Predicate = (icmp_ln182)> <Delay = 0.00>
ST_4 : Operation 123 [1/1] (0.00ns)   --->   "%tmp_53 = call i1 @_ssdm_op_BitSelect.i1.i64.i32(i64 %permuted_choice_1_0, i32 33)" [desDecrypt.c:218]   --->   Operation 123 'bitselect' 'tmp_53' <Predicate = (icmp_ln182)> <Delay = 0.00>
ST_4 : Operation 124 [1/1] (0.00ns)   --->   "%tmp_54 = call i1 @_ssdm_op_BitSelect.i1.i64.i32(i64 %permuted_choice_1_0, i32 46)" [desDecrypt.c:218]   --->   Operation 124 'bitselect' 'tmp_54' <Predicate = (icmp_ln182)> <Delay = 0.00>
ST_4 : Operation 125 [1/1] (0.00ns)   --->   "%tmp_55 = call i1 @_ssdm_op_BitSelect.i1.i64.i32(i64 %permuted_choice_1_0, i32 17)" [desDecrypt.c:218]   --->   Operation 125 'bitselect' 'tmp_55' <Predicate = (icmp_ln182)> <Delay = 0.00>
ST_4 : Operation 126 [1/1] (0.00ns)   --->   "%tmp_56 = call i1 @_ssdm_op_BitSelect.i1.i64.i32(i64 %permuted_choice_1_0, i32 20)" [desDecrypt.c:218]   --->   Operation 126 'bitselect' 'tmp_56' <Predicate = (icmp_ln182)> <Delay = 0.00>
ST_4 : Operation 127 [1/1] (0.00ns)   --->   "%tmp_57 = call i1 @_ssdm_op_BitSelect.i1.i64.i32(i64 %permuted_choice_1_0, i32 1)" [desDecrypt.c:218]   --->   Operation 127 'bitselect' 'tmp_57' <Predicate = (icmp_ln182)> <Delay = 0.00>
ST_4 : Operation 128 [1/1] (0.00ns)   --->   "%tmp_58 = call i1 @_ssdm_op_BitSelect.i1.i64.i32(i64 %permuted_choice_1_0, i32 12)" [desDecrypt.c:218]   --->   Operation 128 'bitselect' 'tmp_58' <Predicate = (icmp_ln182)> <Delay = 0.00>
ST_4 : Operation 129 [1/1] (0.00ns)   --->   "%tmp_59 = call i1 @_ssdm_op_BitSelect.i1.i28.i32(i28 %or_ln212, i32 27)" [desDecrypt.c:218]   --->   Operation 129 'bitselect' 'tmp_59' <Predicate = (icmp_ln182)> <Delay = 0.00>
ST_4 : Operation 130 [1/1] (0.00ns)   --->   "%or_ln218_2 = call i48 @_ssdm_op_BitConcatenate.i48.i1.i1.i1.i1.i1.i1.i1.i1.i1.i1.i1.i1.i1.i1.i1.i1.i1.i1.i1.i1.i1.i1.i1.i1.i1.i1.i1.i1.i1.i1.i1.i1.i1.i1.i1.i1.i1.i1.i1.i1.i1.i1.i1.i1.i1.i1.i1.i1(i1 %tmp_3, i1 %tmp_48, i1 %tmp_17, i1 %tmp_52, i1 %tmp_25, i1 %tmp_12, i1 %tmp_18, i1 %tmp_9, i1 %tmp_21, i1 %tmp_22, i1 %tmp_53, i1 %tmp_7, i1 %tmp_8, i1 %tmp_23, i1 %tmp_24, i1 %tmp_10, i1 %tmp_2, i1 %tmp_54, i1 %tmp_4, i1 %tmp_20, i1 %tmp, i1 %tmp_13, i1 %tmp_6, i1 %tmp_11, i1 %tmp_43, i1 %tmp_41, i1 %tmp_47, i1 %tmp_55, i1 %tmp_36, i1 %tmp_1, i1 %tmp_28, i1 %tmp_26, i1 %tmp_27, i1 %tmp_42, i1 %tmp_40, i1 %tmp_38, i1 %tmp_34, i1 %tmp_44, i1 %tmp_32, i1 %tmp_46, i1 %tmp_56, i1 %tmp_57, i1 %tmp_30, i1 %tmp_58, i1 %tmp_33, i1 %tmp_29, i1 %tmp_59, i1 %tmp_35)" [desDecrypt.c:218]   --->   Operation 130 'bitconcatenate' 'or_ln218_2' <Predicate = (icmp_ln182)> <Delay = 0.00>
ST_4 : Operation 131 [1/1] (2.77ns)   --->   "store i48 %or_ln218_2, i48* getelementptr inbounds ([144 x i48]* @array_temp, i64 0, i64 1), align 8" [desDecrypt.c:218]   --->   Operation 131 'store' <Predicate = (icmp_ln182)> <Delay = 2.77> <Core = "RAM">   --->   Core 37 'RAM' <Latency = 1> <II = 1> <Delay = 2.77> <Storage> <Opcode : 'load' 'store'> <Ports = 2> <Width = 48> <Depth = 144> <RAM>
ST_4 : Operation 132 [1/1] (1.35ns)   --->   "store i32 0, i32* %s_output_1" [desDecrypt.c:223]   --->   Operation 132 'store' <Predicate = (icmp_ln182)> <Delay = 1.35>

State 5 <SV = 3> <Delay = 7.90>
ST_5 : Operation 133 [1/1] (0.00ns)   --->   "call void (...)* @_ssdm_op_SpecLoopName([8 x i8]* @p_str4) nounwind" [desDecrypt.c:182]   --->   Operation 133 'specloopname' <Predicate = true> <Delay = 0.00>
ST_5 : Operation 134 [1/2] (2.77ns)   --->   "%PC1_load = load i6* %PC1_addr, align 1" [desDecrypt.c:184]   --->   Operation 134 'load' 'PC1_load' <Predicate = true> <Delay = 2.77> <Core = "ROM_nP">   --->   Core 52 'ROM_nP' <Latency = 1> <II = 1> <Delay = 2.77> <Storage> <Opcode : 'load'> <Ports = 0> <Width = 6> <Depth = 32> <ROM>
ST_5 : Operation 135 [1/1] (0.00ns)   --->   "%zext_ln184_2 = zext i6 %PC1_load to i7" [desDecrypt.c:184]   --->   Operation 135 'zext' 'zext_ln184_2' <Predicate = true> <Delay = 0.00>
ST_5 : Operation 136 [1/1] (1.66ns)   --->   "%sub_ln184 = sub i7 -64, %zext_ln184_2" [desDecrypt.c:184]   --->   Operation 136 'sub' 'sub_ln184' <Predicate = true> <Delay = 1.66> <Core = "AddSub">   --->   Core 14 'AddSub' <Latency = 0> <II = 1> <Delay = 1.66> <FuncUnit> <Opcode : 'add' 'sub'> <InPorts = 2> <OutPorts = 1>
ST_5 : Operation 137 [1/1] (0.00ns)   --->   "%zext_ln184 = zext i7 %sub_ln184 to i64" [desDecrypt.c:184]   --->   Operation 137 'zext' 'zext_ln184' <Predicate = true> <Delay = 0.00>
ST_5 : Operation 138 [1/1] (3.47ns)   --->   "%lshr_ln184 = lshr i64 %key_read, %zext_ln184" [desDecrypt.c:184]   --->   Operation 138 'lshr' 'lshr_ln184' <Predicate = true> <Delay = 3.47> <Core = "Shift">   --->   Core 28 'Shift' <Latency = 0> <II = 1> <Delay = 3.47> <FuncUnit> <Opcode : 'shl' 'lshr' 'ashr'> <InPorts = 2> <OutPorts = 1>
ST_5 : Operation 139 [1/1] (0.00ns)   --->   "%trunc_ln184 = trunc i64 %lshr_ln184 to i1" [desDecrypt.c:184]   --->   Operation 139 'trunc' 'trunc_ln184' <Predicate = true> <Delay = 0.00>
ST_5 : Operation 140 [1/1] (0.00ns)   --->   "%permuted_choice_1 = call i64 @_ssdm_op_BitConcatenate.i64.i63.i1(i63 %trunc_ln184_1, i1 %trunc_ln184)" [desDecrypt.c:184]   --->   Operation 140 'bitconcatenate' 'permuted_choice_1' <Predicate = true> <Delay = 0.00>
ST_5 : Operation 141 [1/1] (0.00ns)   --->   "br label %4" [desDecrypt.c:182]   --->   Operation 141 'br' <Predicate = true> <Delay = 0.00>

State 6 <SV = 3> <Delay = 2.77>
ST_6 : Operation 142 [1/1] (0.00ns)   --->   "%or_ln218_1 = call i48 @_ssdm_op_BitConcatenate.i48.i1.i1.i1.i1.i1.i1.i1.i1.i1.i1.i1.i1.i1.i1.i1.i1.i1.i1.i1.i1.i1.i1.i1.i1.i1.i1.i1.i1.i1.i1.i1.i1.i1.i1.i1.i1.i1.i1.i1.i1.i1.i1.i1.i1.i1.i1.i1.i1(i1 %tmp_4, i1 %tmp_23, i1 %tmp_6, i1 %tmp_2, i1 %tmp_18, i1 %tmp_20, i1 %tmp_12, i1 %tmp_11, i1 %tmp_48, i1 %tmp_54, i1 %tmp_8, i1 %tmp_24, i1 %tmp_19, i1 %tmp_53, i1 %tmp_3, i1 %tmp_22, i1 %tmp_9, i1 %tmp_7, i1 %tmp_16, i1 %tmp_14, i1 %tmp_25, i1 %tmp_15, i1 %tmp_21, i1 %tmp_10, i1 %tmp_37, i1 %trunc_ln198, i1 %tmp_40, i1 %tmp_32, i1 %tmp_44, i1 %tmp_31, i1 %tmp_35, i1 %tmp_58, i1 %tmp_57, i1 %tmp_36, i1 %tmp_45, i1 %tmp_33, i1 %tmp_30, i1 %tmp_27, i1 %tmp_43, i1 %tmp_28, i1 %tmp_29, i1 %tmp_1, i1 %tmp_38, i1 %tmp_34, i1 %tmp_41, i1 %tmp_39, i1 %tmp_47, i1 %tmp_56)" [desDecrypt.c:218]   --->   Operation 142 'bitconcatenate' 'or_ln218_1' <Predicate = true> <Delay = 0.00>
ST_6 : Operation 143 [1/1] (2.77ns)   --->   "store i48 %or_ln218_1, i48* getelementptr inbounds ([144 x i48]* @array_temp, i64 0, i64 2), align 16" [desDecrypt.c:218]   --->   Operation 143 'store' <Predicate = true> <Delay = 2.77> <Core = "RAM">   --->   Core 37 'RAM' <Latency = 1> <II = 1> <Delay = 2.77> <Storage> <Opcode : 'load' 'store'> <Ports = 2> <Width = 48> <Depth = 144> <RAM>
ST_6 : Operation 144 [1/1] (0.00ns)   --->   "%or_ln218_3 = call i48 @_ssdm_op_BitConcatenate.i48.i1.i1.i1.i1.i1.i1.i1.i1.i1.i1.i1.i1.i1.i1.i1.i1.i1.i1.i1.i1.i1.i1.i1.i1.i1.i1.i1.i1.i1.i1.i1.i1.i1.i1.i1.i1.i1.i1.i1.i1.i1.i1.i1.i1.i1.i1.i1.i1(i1 %tmp_16, i1 %tmp_53, i1 %tmp_21, i1 %tmp_9, i1 %tmp_12, i1 %tmp_14, i1 %tmp_20, i1 %tmp_10, i1 %tmp_23, i1 %tmp_7, i1 %tmp_19, i1 %tmp_3, i1 %tmp, i1 %tmp_8, i1 %tmp_4, i1 %tmp_54, i1 %tmp_11, i1 %tmp_24, i1 %tmp_13, i1 %tmp_17, i1 %tmp_18, i1 %tmp_52, i1 %tmp_48, i1 %tmp_22, i1 %tmp_42, i1 %tmp_46, i1 %tmp_45, i1 %tmp_43, i1 %tmp_27, i1 %tmp_47, i1 %tmp_56, i1 %tmp_34, i1 %tmp_1, i1 %tmp_44, i1 %tmp_55, i1 %tmp_41, i1 %tmp_38, i1 %tmp_57, i1 %tmp_37, i1 %tmp_35, i1 %tmp_39, i1 %tmp_31, i1 %tmp_33, i1 %tmp_30, i1 %trunc_ln198, i1 %tmp_26, i1 %tmp_40, i1 %tmp_29)" [desDecrypt.c:218]   --->   Operation 144 'bitconcatenate' 'or_ln218_3' <Predicate = true> <Delay = 0.00>
ST_6 : Operation 145 [1/1] (2.77ns)   --->   "store i48 %or_ln218_3, i48* getelementptr inbounds ([144 x i48]* @array_temp, i64 0, i64 3), align 8" [desDecrypt.c:218]   --->   Operation 145 'store' <Predicate = true> <Delay = 2.77> <Core = "RAM">   --->   Core 37 'RAM' <Latency = 1> <II = 1> <Delay = 2.77> <Storage> <Opcode : 'load' 'store'> <Ports = 2> <Width = 48> <Depth = 144> <RAM>

State 7 <SV = 4> <Delay = 2.77>
ST_7 : Operation 146 [1/1] (0.00ns)   --->   "%or_ln218_4 = call i48 @_ssdm_op_BitConcatenate.i48.i1.i1.i1.i1.i1.i1.i1.i1.i1.i1.i1.i1.i1.i1.i1.i1.i1.i1.i1.i1.i1.i1.i1.i1.i1.i1.i1.i1.i1.i1.i1.i1.i1.i1.i1.i1.i1.i1.i1.i1.i1.i1.i1.i1.i1.i1.i1.i1(i1 %tmp_13, i1 %tmp_8, i1 %tmp_48, i1 %tmp_11, i1 %tmp_20, i1 %tmp_17, i1 %tmp_14, i1 %tmp_22, i1 %tmp_53, i1 %tmp_24, i1 %tmp, i1 %tmp_4, i1 %tmp_25, i1 %tmp_19, i1 %tmp_16, i1 %tmp_7, i1 %tmp_10, i1 %tmp_3, i1 %tmp_15, i1 %tmp_6, i1 %tmp_12, i1 %tmp_2, i1 %tmp_23, i1 %tmp_54, i1 %tmp_36, i1 %tmp_28, i1 %tmp_55, i1 %tmp_37, i1 %tmp_57, i1 %tmp_40, i1 %tmp_29, i1 %tmp_30, i1 %tmp_31, i1 %tmp_27, i1 %tmp_32, i1 %trunc_ln198, i1 %tmp_33, i1 %tmp_1, i1 %tmp_42, i1 %tmp_56, i1 %tmp_26, i1 %tmp_47, i1 %tmp_41, i1 %tmp_38, i1 %tmp_46, i1 %tmp_58, i1 %tmp_45, i1 %tmp_39)" [desDecrypt.c:218]   --->   Operation 146 'bitconcatenate' 'or_ln218_4' <Predicate = true> <Delay = 0.00>
ST_7 : Operation 147 [1/1] (2.77ns)   --->   "store i48 %or_ln218_4, i48* getelementptr inbounds ([144 x i48]* @array_temp, i64 0, i64 4), align 16" [desDecrypt.c:218]   --->   Operation 147 'store' <Predicate = true> <Delay = 2.77> <Core = "RAM">   --->   Core 37 'RAM' <Latency = 1> <II = 1> <Delay = 2.77> <Storage> <Opcode : 'load' 'store'> <Ports = 2> <Width = 48> <Depth = 144> <RAM>
ST_7 : Operation 148 [1/1] (0.00ns)   --->   "%or_ln218_5 = call i48 @_ssdm_op_BitConcatenate.i48.i1.i1.i1.i1.i1.i1.i1.i1.i1.i1.i1.i1.i1.i1.i1.i1.i1.i1.i1.i1.i1.i1.i1.i1.i1.i1.i1.i1.i1.i1.i1.i1.i1.i1.i1.i1.i1.i1.i1.i1.i1.i1.i1.i1.i1.i1.i1.i1(i1 %tmp_15, i1 %tmp_19, i1 %tmp_23, i1 %tmp_10, i1 %tmp_14, i1 %tmp_6, i1 %tmp_17, i1 %tmp_54, i1 %tmp_8, i1 %tmp_3, i1 %tmp_25, i1 %tmp_16, i1 %tmp_18, i1 %tmp, i1 %tmp_13, i1 %tmp_24, i1 %tmp_22, i1 %tmp_4, i1 %tmp_52, i1 %tmp_21, i1 %tmp_20, i1 %tmp_9, i1 %tmp_53, i1 %tmp_7, i1 %tmp_44, i1 %tmp_35, i1 %tmp_32, i1 %tmp_42, i1 %tmp_1, i1 %tmp_45, i1 %tmp_39, i1 %tmp_38, i1 %tmp_47, i1 %tmp_57, i1 %tmp_43, i1 %tmp_46, i1 %tmp_41, i1 %tmp_31, i1 %tmp_36, i1 %tmp_29, i1 %tmp_58, i1 %tmp_40, i1 %trunc_ln198, i1 %tmp_33, i1 %tmp_28, i1 %tmp_34, i1 %tmp_55, i1 %tmp_26)" [desDecrypt.c:218]   --->   Operation 148 'bitconcatenate' 'or_ln218_5' <Predicate = true> <Delay = 0.00>
ST_7 : Operation 149 [1/1] (2.77ns)   --->   "store i48 %or_ln218_5, i48* getelementptr inbounds ([144 x i48]* @array_temp, i64 0, i64 5), align 8" [desDecrypt.c:218]   --->   Operation 149 'store' <Predicate = true> <Delay = 2.77> <Core = "RAM">   --->   Core 37 'RAM' <Latency = 1> <II = 1> <Delay = 2.77> <Storage> <Opcode : 'load' 'store'> <Ports = 2> <Width = 48> <Depth = 144> <RAM>

State 8 <SV = 5> <Delay = 2.77>
ST_8 : Operation 150 [1/1] (0.00ns)   --->   "%or_ln218_6 = call i48 @_ssdm_op_BitConcatenate.i48.i1.i1.i1.i1.i1.i1.i1.i1.i1.i1.i1.i1.i1.i1.i1.i1.i1.i1.i1.i1.i1.i1.i1.i1.i1.i1.i1.i1.i1.i1.i1.i1.i1.i1.i1.i1.i1.i1.i1.i1.i1.i1.i1.i1.i1.i1.i1.i1(i1 %tmp_52, i1 %tmp, i1 %tmp_53, i1 %tmp_22, i1 %tmp_17, i1 %tmp_21, i1 %tmp_6, i1 %tmp_7, i1 %tmp_19, i1 %tmp_4, i1 %tmp_18, i1 %tmp_13, i1 %tmp_12, i1 %tmp_25, i1 %tmp_15, i1 %tmp_3, i1 %tmp_54, i1 %tmp_16, i1 %tmp_2, i1 %tmp_48, i1 %tmp_14, i1 %tmp_11, i1 %tmp_8, i1 %tmp_24, i1 %tmp_27, i1 %tmp_56, i1 %tmp_43, i1 %tmp_36, i1 %tmp_31, i1 %tmp_55, i1 %tmp_26, i1 %tmp_33, i1 %tmp_40, i1 %tmp_1, i1 %tmp_37, i1 %tmp_28, i1 %trunc_ln198, i1 %tmp_47, i1 %tmp_44, i1 %tmp_39, i1 %tmp_34, i1 %tmp_45, i1 %tmp_46, i1 %tmp_41, i1 %tmp_35, i1 %tmp_30, i1 %tmp_32, i1 %tmp_58)" [desDecrypt.c:218]   --->   Operation 150 'bitconcatenate' 'or_ln218_6' <Predicate = true> <Delay = 0.00>
ST_8 : Operation 151 [1/1] (2.77ns)   --->   "store i48 %or_ln218_6, i48* getelementptr inbounds ([144 x i48]* @array_temp, i64 0, i64 6), align 16" [desDecrypt.c:218]   --->   Operation 151 'store' <Predicate = true> <Delay = 2.77> <Core = "RAM">   --->   Core 37 'RAM' <Latency = 1> <II = 1> <Delay = 2.77> <Storage> <Opcode : 'load' 'store'> <Ports = 2> <Width = 48> <Depth = 144> <RAM>
ST_8 : Operation 152 [1/1] (0.00ns)   --->   "%or_ln218_7 = call i48 @_ssdm_op_BitConcatenate.i48.i1.i1.i1.i1.i1.i1.i1.i1.i1.i1.i1.i1.i1.i1.i1.i1.i1.i1.i1.i1.i1.i1.i1.i1.i1.i1.i1.i1.i1.i1.i1.i1.i1.i1.i1.i1.i1.i1.i1.i1.i1.i1.i1.i1.i1.i1.i1.i1(i1 %tmp_2, i1 %tmp_25, i1 %tmp_8, i1 %tmp_54, i1 %tmp_6, i1 %tmp_48, i1 %tmp_21, i1 %tmp_24, i1 %tmp, i1 %tmp_16, i1 %tmp_12, i1 %tmp_15, i1 %tmp_20, i1 %tmp_18, i1 %tmp_52, i1 %tmp_4, i1 %tmp_7, i1 %tmp_13, i1 %tmp_9, i1 %tmp_23, i1 %tmp_17, i1 %tmp_10, i1 %tmp_19, i1 %tmp_3, i1 %tmp_57, i1 %tmp_29, i1 %tmp_37, i1 %tmp_44, i1 %tmp_47, i1 %tmp_32, i1 %tmp_58, i1 %tmp_41, i1 %tmp_45, i1 %tmp_31, i1 %tmp_42, i1 %tmp_35, i1 %tmp_46, i1 %tmp_40, i1 %tmp_27, i1 %tmp_26, i1 %tmp_30, i1 %tmp_55, i1 %tmp_28, i1 %trunc_ln198, i1 %tmp_56, i1 %tmp_38, i1 %tmp_43, i1 %tmp_34)" [desDecrypt.c:218]   --->   Operation 152 'bitconcatenate' 'or_ln218_7' <Predicate = true> <Delay = 0.00>
ST_8 : Operation 153 [1/1] (2.77ns)   --->   "store i48 %or_ln218_7, i48* getelementptr inbounds ([144 x i48]* @array_temp, i64 0, i64 7), align 8" [desDecrypt.c:218]   --->   Operation 153 'store' <Predicate = true> <Delay = 2.77> <Core = "RAM">   --->   Core 37 'RAM' <Latency = 1> <II = 1> <Delay = 2.77> <Storage> <Opcode : 'load' 'store'> <Ports = 2> <Width = 48> <Depth = 144> <RAM>

State 9 <SV = 6> <Delay = 2.77>
ST_9 : Operation 154 [1/1] (0.00ns)   --->   "%or_ln218_8 = call i48 @_ssdm_op_BitConcatenate.i48.i1.i1.i1.i1.i1.i1.i1.i1.i1.i1.i1.i1.i1.i1.i1.i1.i1.i1.i1.i1.i1.i1.i1.i1.i1.i1.i1.i1.i1.i1.i1.i1.i1.i1.i1.i1.i1.i1.i1.i1.i1.i1.i1.i1.i1.i1.i1.i1(i1 %tmp, i1 %tmp_11, i1 %tmp_52, i1 %tmp_14, i1 %tmp_3, i1 %tmp_16, i1 %tmp_4, i1 %tmp_6, i1 %tmp_9, i1 %tmp_23, i1 %tmp_22, i1 %tmp_8, i1 %tmp_54, i1 %tmp_10, i1 %tmp_19, i1 %tmp_48, i1 %tmp_17, i1 %tmp_53, i1 %tmp_25, i1 %tmp_13, i1 %tmp_24, i1 %tmp_12, i1 %tmp_2, i1 %tmp_21, i1 %trunc_ln198, i1 %tmp_55, i1 %tmp_34, i1 %tmp_33, i1 %tmp_35, i1 %tmp_26, i1 %tmp_37, i1 %tmp_57, i1 %tmp_29, i1 %tmp_28, i1 %tmp_30, i1 %tmp_40, i1 %tmp_31, i1 %tmp_56, i1 %tmp_41, i1 %tmp_43, i1 %tmp_36, i1 %tmp_39, i1 %tmp_47, i1 %tmp_1, i1 %tmp_45, i1 %tmp_44, i1 %tmp_58, i1 %tmp_42)" [desDecrypt.c:218]   --->   Operation 154 'bitconcatenate' 'or_ln218_8' <Predicate = true> <Delay = 0.00>
ST_9 : Operation 155 [1/1] (2.77ns)   --->   "store i48 %or_ln218_8, i48* getelementptr inbounds ([144 x i48]* @array_temp, i64 0, i64 8), align 16" [desDecrypt.c:218]   --->   Operation 155 'store' <Predicate = true> <Delay = 2.77> <Core = "RAM">   --->   Core 37 'RAM' <Latency = 1> <II = 1> <Delay = 2.77> <Storage> <Opcode : 'load' 'store'> <Ports = 2> <Width = 48> <Depth = 144> <RAM>
ST_9 : Operation 156 [1/1] (0.00ns)   --->   "%or_ln218_9 = call i48 @_ssdm_op_BitConcatenate.i48.i1.i1.i1.i1.i1.i1.i1.i1.i1.i1.i1.i1.i1.i1.i1.i1.i1.i1.i1.i1.i1.i1.i1.i1.i1.i1.i1.i1.i1.i1.i1.i1.i1.i1.i1.i1.i1.i1.i1.i1.i1.i1.i1.i1.i1.i1.i1.i1(i1 %tmp_25, i1 %tmp_10, i1 %tmp_2, i1 %tmp_17, i1 %tmp_4, i1 %tmp_13, i1 %tmp_16, i1 %tmp_21, i1 %tmp_11, i1 %tmp_53, i1 %tmp_54, i1 %tmp_19, i1 %tmp_7, i1 %tmp_22, i1 %tmp, i1 %tmp_23, i1 %tmp_6, i1 %tmp_8, i1 %tmp_18, i1 %tmp_15, i1 %tmp_3, i1 %tmp_20, i1 %tmp_9, i1 %tmp_48, i1 %tmp_46, i1 %tmp_32, i1 %tmp_30, i1 %tmp_41, i1 %tmp_56, i1 %tmp_58, i1 %tmp_42, i1 %tmp_1, i1 %tmp_39, i1 %tmp_35, i1 %tmp_38, i1 %tmp_45, i1 %tmp_47, i1 %tmp_29, i1 %trunc_ln198, i1 %tmp_37, i1 %tmp_44, i1 %tmp_26, i1 %tmp_40, i1 %tmp_31, i1 %tmp_55, i1 %tmp_27, i1 %tmp_34, i1 %tmp_36)" [desDecrypt.c:218]   --->   Operation 156 'bitconcatenate' 'or_ln218_9' <Predicate = true> <Delay = 0.00>
ST_9 : Operation 157 [1/1] (2.77ns)   --->   "store i48 %or_ln218_9, i48* getelementptr inbounds ([144 x i48]* @array_temp, i64 0, i64 9), align 8" [desDecrypt.c:218]   --->   Operation 157 'store' <Predicate = true> <Delay = 2.77> <Core = "RAM">   --->   Core 37 'RAM' <Latency = 1> <II = 1> <Delay = 2.77> <Storage> <Opcode : 'load' 'store'> <Ports = 2> <Width = 48> <Depth = 144> <RAM>

State 10 <SV = 7> <Delay = 2.77>
ST_10 : Operation 158 [1/1] (0.00ns)   --->   "%or_ln218_10 = call i48 @_ssdm_op_BitConcatenate.i48.i1.i1.i1.i1.i1.i1.i1.i1.i1.i1.i1.i1.i1.i1.i1.i1.i1.i1.i1.i1.i1.i1.i1.i1.i1.i1.i1.i1.i1.i1.i1.i1.i1.i1.i1.i1.i1.i1.i1.i1.i1.i1.i1.i1.i1.i1.i1.i1(i1 %tmp_18, i1 %tmp_22, i1 %tmp_9, i1 %tmp_6, i1 %tmp_16, i1 %tmp_15, i1 %tmp_13, i1 %tmp_48, i1 %tmp_10, i1 %tmp_8, i1 %tmp_7, i1 %tmp, i1 %tmp_24, i1 %tmp_54, i1 %tmp_25, i1 %tmp_53, i1 %tmp_21, i1 %tmp_19, i1 %tmp_12, i1 %tmp_52, i1 %tmp_4, i1 %tmp_14, i1 %tmp_11, i1 %tmp_23, i1 %tmp_28, i1 %tmp_43, i1 %tmp_38, i1 %trunc_ln198, i1 %tmp_29, i1 %tmp_34, i1 %tmp_36, i1 %tmp_31, i1 %tmp_26, i1 %tmp_56, i1 %tmp_33, i1 %tmp_55, i1 %tmp_40, i1 %tmp_39, i1 %tmp_46, i1 %tmp_42, i1 %tmp_27, i1 %tmp_58, i1 %tmp_45, i1 %tmp_47, i1 %tmp_32, i1 %tmp_57, i1 %tmp_30, i1 %tmp_44)" [desDecrypt.c:218]   --->   Operation 158 'bitconcatenate' 'or_ln218_10' <Predicate = true> <Delay = 0.00>
ST_10 : Operation 159 [1/1] (2.77ns)   --->   "store i48 %or_ln218_10, i48* getelementptr inbounds ([144 x i48]* @array_temp, i64 0, i64 10), align 16" [desDecrypt.c:218]   --->   Operation 159 'store' <Predicate = true> <Delay = 2.77> <Core = "RAM">   --->   Core 37 'RAM' <Latency = 1> <II = 1> <Delay = 2.77> <Storage> <Opcode : 'load' 'store'> <Ports = 2> <Width = 48> <Depth = 144> <RAM>
ST_10 : Operation 160 [1/1] (0.00ns)   --->   "%or_ln218_11 = call i48 @_ssdm_op_BitConcatenate.i48.i1.i1.i1.i1.i1.i1.i1.i1.i1.i1.i1.i1.i1.i1.i1.i1.i1.i1.i1.i1.i1.i1.i1.i1.i1.i1.i1.i1.i1.i1.i1.i1.i1.i1.i1.i1.i1.i1.i1.i1.i1.i1.i1.i1.i1.i1.i1.i1(i1 %tmp_12, i1 %tmp_54, i1 %tmp_11, i1 %tmp_21, i1 %tmp_13, i1 %tmp_52, i1 %tmp_15, i1 %tmp_23, i1 %tmp_22, i1 %tmp_19, i1 %tmp_24, i1 %tmp_25, i1 %tmp_3, i1 %tmp_7, i1 %tmp_18, i1 %tmp_8, i1 %tmp_48, i1 %tmp, i1 %tmp_20, i1 %tmp_2, i1 %tmp_16, i1 %tmp_17, i1 %tmp_10, i1 %tmp_53, i1 %tmp_35, i1 %tmp_37, i1 %tmp_33, i1 %tmp_46, i1 %tmp_39, i1 %tmp_30, i1 %tmp_44, i1 %tmp_47, i1 %tmp_58, i1 %tmp_29, i1 %tmp_41, i1 %tmp_32, i1 %tmp_45, i1 %tmp_26, i1 %tmp_28, i1 %tmp_36, i1 %tmp_57, i1 %tmp_34, i1 %tmp_55, i1 %tmp_40, i1 %tmp_43, i1 %tmp_1, i1 %tmp_38, i1 %tmp_27)" [desDecrypt.c:218]   --->   Operation 160 'bitconcatenate' 'or_ln218_11' <Predicate = true> <Delay = 0.00>
ST_10 : Operation 161 [1/1] (2.77ns)   --->   "store i48 %or_ln218_11, i48* getelementptr inbounds ([144 x i48]* @array_temp, i64 0, i64 11), align 8" [desDecrypt.c:218]   --->   Operation 161 'store' <Predicate = true> <Delay = 2.77> <Core = "RAM">   --->   Core 37 'RAM' <Latency = 1> <II = 1> <Delay = 2.77> <Storage> <Opcode : 'load' 'store'> <Ports = 2> <Width = 48> <Depth = 144> <RAM>

State 11 <SV = 8> <Delay = 2.77>
ST_11 : Operation 162 [1/1] (0.00ns)   --->   "%or_ln218_12 = call i48 @_ssdm_op_BitConcatenate.i48.i1.i1.i1.i1.i1.i1.i1.i1.i1.i1.i1.i1.i1.i1.i1.i1.i1.i1.i1.i1.i1.i1.i1.i1.i1.i1.i1.i1.i1.i1.i1.i1.i1.i1.i1.i1.i1.i1.i1.i1.i1.i1.i1.i1.i1.i1.i1.i1(i1 %tmp_20, i1 %tmp_7, i1 %tmp_10, i1 %tmp_48, i1 %tmp_15, i1 %tmp_2, i1 %tmp_52, i1 %tmp_53, i1 %tmp_54, i1 %tmp, i1 %tmp_3, i1 %tmp_18, i1 %tmp_4, i1 %tmp_24, i1 %tmp_12, i1 %tmp_19, i1 %tmp_23, i1 %tmp_25, i1 %tmp_14, i1 %tmp_9, i1 %tmp_13, i1 %tmp_6, i1 %tmp_22, i1 %tmp_8, i1 %tmp_56, i1 %tmp_42, i1 %tmp_41, i1 %tmp_28, i1 %tmp_26, i1 %tmp_38, i1 %tmp_27, i1 %tmp_40, i1 %tmp_34, i1 %tmp_39, i1 %trunc_ln198, i1 %tmp_43, i1 %tmp_55, i1 %tmp_58, i1 %tmp_35, i1 %tmp_44, i1 %tmp_1, i1 %tmp_30, i1 %tmp_32, i1 %tmp_45, i1 %tmp_37, i1 %tmp_31, i1 %tmp_33, i1 %tmp_57)" [desDecrypt.c:218]   --->   Operation 162 'bitconcatenate' 'or_ln218_12' <Predicate = true> <Delay = 0.00>
ST_11 : Operation 163 [1/1] (2.77ns)   --->   "store i48 %or_ln218_12, i48* getelementptr inbounds ([144 x i48]* @array_temp, i64 0, i64 12), align 16" [desDecrypt.c:218]   --->   Operation 163 'store' <Predicate = true> <Delay = 2.77> <Core = "RAM">   --->   Core 37 'RAM' <Latency = 1> <II = 1> <Delay = 2.77> <Storage> <Opcode : 'load' 'store'> <Ports = 2> <Width = 48> <Depth = 144> <RAM>
ST_11 : Operation 164 [1/1] (0.00ns)   --->   "%or_ln218_13 = call i48 @_ssdm_op_BitConcatenate.i48.i1.i1.i1.i1.i1.i1.i1.i1.i1.i1.i1.i1.i1.i1.i1.i1.i1.i1.i1.i1.i1.i1.i1.i1.i1.i1.i1.i1.i1.i1.i1.i1.i1.i1.i1.i1.i1.i1.i1.i1.i1.i1.i1.i1.i1.i1.i1.i1(i1 %tmp_14, i1 %tmp_24, i1 %tmp_22, i1 %tmp_23, i1 %tmp_52, i1 %tmp_9, i1 %tmp_2, i1 %tmp_8, i1 %tmp_7, i1 %tmp_25, i1 %tmp_4, i1 %tmp_12, i1 %tmp_16, i1 %tmp_3, i1 %tmp_20, i1 %tmp, i1 %tmp_53, i1 %tmp_18, i1 %tmp_17, i1 %tmp_11, i1 %tmp_15, i1 %tmp_21, i1 %tmp_54, i1 %tmp_19, i1 %tmp_29, i1 %tmp_36, i1 %trunc_ln198, i1 %tmp_35, i1 %tmp_58, i1 %tmp_33, i1 %tmp_57, i1 %tmp_45, i1 %tmp_30, i1 %tmp_26, i1 %tmp_46, i1 %tmp_37, i1 %tmp_32, i1 %tmp_34, i1 %tmp_56, i1 %tmp_27, i1 %tmp_31, i1 %tmp_38, i1 %tmp_43, i1 %tmp_55, i1 %tmp_42, i1 %tmp_47, i1 %tmp_41, i1 %tmp_1)" [desDecrypt.c:218]   --->   Operation 164 'bitconcatenate' 'or_ln218_13' <Predicate = true> <Delay = 0.00>
ST_11 : Operation 165 [1/1] (2.77ns)   --->   "store i48 %or_ln218_13, i48* getelementptr inbounds ([144 x i48]* @array_temp, i64 0, i64 13), align 8" [desDecrypt.c:218]   --->   Operation 165 'store' <Predicate = true> <Delay = 2.77> <Core = "RAM">   --->   Core 37 'RAM' <Latency = 1> <II = 1> <Delay = 2.77> <Storage> <Opcode : 'load' 'store'> <Ports = 2> <Width = 48> <Depth = 144> <RAM>

State 12 <SV = 9> <Delay = 2.77>
ST_12 : Operation 166 [1/1] (0.00ns)   --->   "%or_ln218_14 = call i48 @_ssdm_op_BitConcatenate.i48.i1.i1.i1.i1.i1.i1.i1.i1.i1.i1.i1.i1.i1.i1.i1.i1.i1.i1.i1.i1.i1.i1.i1.i1.i1.i1.i1.i1.i1.i1.i1.i1.i1.i1.i1.i1.i1.i1.i1.i1.i1.i1.i1.i1.i1.i1.i1.i1(i1 %tmp_17, i1 %tmp_3, i1 %tmp_54, i1 %tmp_53, i1 %tmp_2, i1 %tmp_11, i1 %tmp_9, i1 %tmp_19, i1 %tmp_24, i1 %tmp_18, i1 %tmp_16, i1 %tmp_20, i1 %tmp_13, i1 %tmp_4, i1 %tmp_14, i1 %tmp_25, i1 %tmp_8, i1 %tmp_12, i1 %tmp_6, i1 %tmp_10, i1 %tmp_52, i1 %tmp_48, i1 %tmp_7, i1 %tmp, i1 %tmp_39, i1 %tmp_44, i1 %tmp_46, i1 %tmp_56, i1 %tmp_34, i1 %tmp_41, i1 %tmp_1, i1 %tmp_55, i1 %tmp_38, i1 %tmp_58, i1 %tmp_28, i1 %tmp_42, i1 %tmp_43, i1 %tmp_30, i1 %tmp_29, i1 %tmp_57, i1 %tmp_47, i1 %tmp_33, i1 %tmp_37, i1 %tmp_32, i1 %tmp_36, i1 %tmp_40, i1 %trunc_ln198, i1 %tmp_31)" [desDecrypt.c:218]   --->   Operation 166 'bitconcatenate' 'or_ln218_14' <Predicate = true> <Delay = 0.00>
ST_12 : Operation 167 [1/1] (2.77ns)   --->   "store i48 %or_ln218_14, i48* getelementptr inbounds ([144 x i48]* @array_temp, i64 0, i64 14), align 16" [desDecrypt.c:218]   --->   Operation 167 'store' <Predicate = true> <Delay = 2.77> <Core = "RAM">   --->   Core 37 'RAM' <Latency = 1> <II = 1> <Delay = 2.77> <Storage> <Opcode : 'load' 'store'> <Ports = 2> <Width = 48> <Depth = 144> <RAM>
ST_12 : Operation 168 [1/1] (0.00ns)   --->   "%or_ln218_15 = call i48 @_ssdm_op_BitConcatenate.i48.i1.i1.i1.i1.i1.i1.i1.i1.i1.i1.i1.i1.i1.i1.i1.i1.i1.i1.i1.i1.i1.i1.i1.i1.i1.i1.i1.i1.i1.i1.i1.i1.i1.i1.i1.i1.i1.i1.i1.i1.i1.i1.i1.i1.i1.i1.i1.i1(i1 %tmp_24, i1 %tmp_21, i1 %tmp_14, i1 %tmp_15, i1 %tmp, i1 %tmp_18, i1 %tmp_25, i1 %tmp_2, i1 %tmp_6, i1 %tmp_10, i1 %tmp_23, i1 %tmp_54, i1 %tmp_53, i1 %tmp_48, i1 %tmp_7, i1 %tmp_11, i1 %tmp_52, i1 %tmp_22, i1 %tmp_3, i1 %tmp_12, i1 %tmp_19, i1 %tmp_16, i1 %tmp_17, i1 %tmp_9, i1 %tmp_32, i1 %tmp_33, i1 %tmp_31, i1 %tmp_45, i1 %tmp_42, i1 %tmp_57, i1 %tmp_46, i1 %tmp_39, i1 %tmp_44, i1 %tmp_37, i1 %tmp_47, i1 %tmp_30, i1 %tmp_58, i1 %tmp_36, i1 %tmp_55, i1 %trunc_ln198, i1 %tmp_35, i1 %tmp_27, i1 %tmp_34, i1 %tmp_26, i1 %tmp_38, i1 %tmp_56, i1 %tmp_1, i1 %tmp_28)" [desDecrypt.c:218]   --->   Operation 168 'bitconcatenate' 'or_ln218_15' <Predicate = true> <Delay = 0.00>
ST_12 : Operation 169 [1/1] (2.77ns)   --->   "store i48 %or_ln218_15, i48* getelementptr inbounds ([144 x i48]* @array_temp, i64 0, i64 15), align 8" [desDecrypt.c:218]   --->   Operation 169 'store' <Predicate = true> <Delay = 2.77> <Core = "RAM">   --->   Core 37 'RAM' <Latency = 1> <II = 1> <Delay = 2.77> <Storage> <Opcode : 'load' 'store'> <Ports = 2> <Width = 48> <Depth = 144> <RAM>
ST_12 : Operation 170 [1/1] (1.35ns)   --->   "br label %.preheader3" [desDecrypt.c:223]   --->   Operation 170 'br' <Predicate = true> <Delay = 1.35>

State 13 <SV = 10> <Delay = 1.54>
ST_13 : Operation 171 [1/1] (0.00ns)   --->   "%temp = phi i32 [ %R_1, %Pipeline_loop4_end ], [ %R, %._crit_edge14.0 ]"   --->   Operation 171 'phi' 'temp' <Predicate = true> <Delay = 0.00>
ST_13 : Operation 172 [1/1] (0.00ns)   --->   "%L_0 = phi i32 [ %temp, %Pipeline_loop4_end ], [ %L, %._crit_edge14.0 ]"   --->   Operation 172 'phi' 'L_0' <Predicate = true> <Delay = 0.00>
ST_13 : Operation 173 [1/1] (0.00ns)   --->   "%i_3 = phi i5 [ %i_6, %Pipeline_loop4_end ], [ 0, %._crit_edge14.0 ]"   --->   Operation 173 'phi' 'i_3' <Predicate = true> <Delay = 0.00>
ST_13 : Operation 174 [1/1] (1.21ns)   --->   "%icmp_ln223 = icmp eq i5 %i_3, -16" [desDecrypt.c:223]   --->   Operation 174 'icmp' 'icmp_ln223' <Predicate = true> <Delay = 1.21> <Core = "Cmp">   --->   Core 25 'Cmp' <Latency = 0> <II = 1> <Delay = 1.23> <FuncUnit> <Opcode : 'icmp'> <InPorts = 2> <OutPorts = 1>
ST_13 : Operation 175 [1/1] (0.00ns)   --->   "%empty_8 = call i32 (...)* @_ssdm_op_SpecLoopTripCount(i64 16, i64 16, i64 16) nounwind"   --->   Operation 175 'speclooptripcount' 'empty_8' <Predicate = true> <Delay = 0.00>
ST_13 : Operation 176 [1/1] (1.54ns)   --->   "%i_6 = add i5 %i_3, 1" [desDecrypt.c:223]   --->   Operation 176 'add' 'i_6' <Predicate = true> <Delay = 1.54> <Core = "AddSub">   --->   Core 14 'AddSub' <Latency = 0> <II = 1> <Delay = 1.66> <FuncUnit> <Opcode : 'add' 'sub'> <InPorts = 2> <OutPorts = 1>
ST_13 : Operation 177 [1/1] (0.00ns)   --->   "br i1 %icmp_ln223, label %12, label %Pipeline_loop4_begin" [desDecrypt.c:223]   --->   Operation 177 'br' <Predicate = true> <Delay = 0.00>
ST_13 : Operation 178 [1/1] (0.00ns)   --->   "call void (...)* @_ssdm_op_SpecLoopName([15 x i8]* @p_str7) nounwind" [desDecrypt.c:223]   --->   Operation 178 'specloopname' <Predicate = (!icmp_ln223)> <Delay = 0.00>
ST_13 : Operation 179 [1/1] (0.00ns)   --->   "%tmp_s = call i32 (...)* @_ssdm_op_SpecRegionBegin([15 x i8]* @p_str7) nounwind" [desDecrypt.c:223]   --->   Operation 179 'specregionbegin' 'tmp_s' <Predicate = (!icmp_ln223)> <Delay = 0.00>
ST_13 : Operation 180 [1/1] (1.35ns)   --->   "br label %6" [desDecrypt.c:227]   --->   Operation 180 'br' <Predicate = (!icmp_ln223)> <Delay = 1.35>
ST_13 : Operation 181 [1/1] (0.00ns)   --->   "%pre_output = call i64 @_ssdm_op_BitConcatenate.i64.i32.i32(i32 %temp, i32 %L_0)" [desDecrypt.c:264]   --->   Operation 181 'bitconcatenate' 'pre_output' <Predicate = (icmp_ln223)> <Delay = 0.00>
ST_13 : Operation 182 [1/1] (1.35ns)   --->   "br label %13" [desDecrypt.c:267]   --->   Operation 182 'br' <Predicate = (icmp_ln223)> <Delay = 1.35>

State 14 <SV = 11> <Delay = 4.32>
ST_14 : Operation 183 [1/1] (0.00ns)   --->   "%s_input_0 = phi i64 [ 0, %Pipeline_loop4_begin ], [ %s_input, %7 ]"   --->   Operation 183 'phi' 's_input_0' <Predicate = true> <Delay = 0.00>
ST_14 : Operation 184 [1/1] (0.00ns)   --->   "%j_1 = phi i6 [ 0, %Pipeline_loop4_begin ], [ %j, %7 ]"   --->   Operation 184 'phi' 'j_1' <Predicate = true> <Delay = 0.00>
ST_14 : Operation 185 [1/1] (1.22ns)   --->   "%icmp_ln227 = icmp eq i6 %j_1, -16" [desDecrypt.c:227]   --->   Operation 185 'icmp' 'icmp_ln227' <Predicate = true> <Delay = 1.22> <Core = "Cmp">   --->   Core 25 'Cmp' <Latency = 0> <II = 1> <Delay = 1.23> <FuncUnit> <Opcode : 'icmp'> <InPorts = 2> <OutPorts = 1>
ST_14 : Operation 186 [1/1] (0.00ns)   --->   "%empty_9 = call i32 (...)* @_ssdm_op_SpecLoopTripCount(i64 48, i64 48, i64 48) nounwind"   --->   Operation 186 'speclooptripcount' 'empty_9' <Predicate = true> <Delay = 0.00>
ST_14 : Operation 187 [1/1] (1.60ns)   --->   "%j = add i6 %j_1, 1" [desDecrypt.c:227]   --->   Operation 187 'add' 'j' <Predicate = true> <Delay = 1.60> <Core = "AddSub">   --->   Core 14 'AddSub' <Latency = 0> <II = 1> <Delay = 1.66> <FuncUnit> <Opcode : 'add' 'sub'> <InPorts = 2> <OutPorts = 1>
ST_14 : Operation 188 [1/1] (0.00ns)   --->   "br i1 %icmp_ln227, label %8, label %7" [desDecrypt.c:227]   --->   Operation 188 'br' <Predicate = true> <Delay = 0.00>
ST_14 : Operation 189 [1/1] (0.00ns)   --->   "%zext_ln229 = zext i6 %j_1 to i64" [desDecrypt.c:229]   --->   Operation 189 'zext' 'zext_ln229' <Predicate = (!icmp_ln227)> <Delay = 0.00>
ST_14 : Operation 190 [1/1] (0.00ns)   --->   "%E_addr = getelementptr [48 x i6]* @E, i64 0, i64 %zext_ln229" [desDecrypt.c:229]   --->   Operation 190 'getelementptr' 'E_addr' <Predicate = (!icmp_ln227)> <Delay = 0.00>
ST_14 : Operation 191 [2/2] (2.77ns)   --->   "%E_load = load i6* %E_addr, align 1" [desDecrypt.c:229]   --->   Operation 191 'load' 'E_load' <Predicate = (!icmp_ln227)> <Delay = 2.77> <Core = "ROM_nP">   --->   Core 52 'ROM_nP' <Latency = 1> <II = 1> <Delay = 2.77> <Storage> <Opcode : 'load'> <Ports = 0> <Width = 6> <Depth = 32> <ROM>
ST_14 : Operation 192 [1/1] (1.54ns)   --->   "%sub_ln232 = sub i5 15, %i_3" [desDecrypt.c:232]   --->   Operation 192 'sub' 'sub_ln232' <Predicate = (icmp_ln227)> <Delay = 1.54> <Core = "AddSub">   --->   Core 14 'AddSub' <Latency = 0> <II = 1> <Delay = 1.66> <FuncUnit> <Opcode : 'add' 'sub'> <InPorts = 2> <OutPorts = 1>
ST_14 : Operation 193 [1/1] (0.00ns)   --->   "%zext_ln232 = zext i5 %sub_ln232 to i64" [desDecrypt.c:232]   --->   Operation 193 'zext' 'zext_ln232' <Predicate = (icmp_ln227)> <Delay = 0.00>
ST_14 : Operation 194 [1/1] (0.00ns)   --->   "%array_temp_addr_2 = getelementptr [144 x i48]* @array_temp, i64 0, i64 %zext_ln232" [desDecrypt.c:232]   --->   Operation 194 'getelementptr' 'array_temp_addr_2' <Predicate = (icmp_ln227)> <Delay = 0.00>
ST_14 : Operation 195 [2/2] (2.77ns)   --->   "%array_temp_load_2 = load i48* %array_temp_addr_2, align 8" [desDecrypt.c:232]   --->   Operation 195 'load' 'array_temp_load_2' <Predicate = (icmp_ln227)> <Delay = 2.77> <Core = "RAM">   --->   Core 37 'RAM' <Latency = 1> <II = 1> <Delay = 2.77> <Storage> <Opcode : 'load' 'store'> <Ports = 2> <Width = 48> <Depth = 144> <RAM>

State 15 <SV = 12> <Delay = 7.68>
ST_15 : Operation 196 [1/1] (0.00ns)   --->   "call void (...)* @_ssdm_op_SpecLoopName([8 x i8]* @p_str8) nounwind" [desDecrypt.c:227]   --->   Operation 196 'specloopname' <Predicate = true> <Delay = 0.00>
ST_15 : Operation 197 [1/2] (2.77ns)   --->   "%E_load = load i6* %E_addr, align 1" [desDecrypt.c:229]   --->   Operation 197 'load' 'E_load' <Predicate = true> <Delay = 2.77> <Core = "ROM_nP">   --->   Core 52 'ROM_nP' <Latency = 1> <II = 1> <Delay = 2.77> <Storage> <Opcode : 'load'> <Ports = 0> <Width = 6> <Depth = 32> <ROM>
ST_15 : Operation 198 [1/1] (1.60ns)   --->   "%sub_ln229 = sub i6 -32, %E_load" [desDecrypt.c:229]   --->   Operation 198 'sub' 'sub_ln229' <Predicate = true> <Delay = 1.60> <Core = "AddSub">   --->   Core 14 'AddSub' <Latency = 0> <II = 1> <Delay = 1.66> <FuncUnit> <Opcode : 'add' 'sub'> <InPorts = 2> <OutPorts = 1>
ST_15 : Operation 199 [1/1] (0.00ns)   --->   "%zext_ln229_1 = zext i6 %sub_ln229 to i32" [desDecrypt.c:229]   --->   Operation 199 'zext' 'zext_ln229_1' <Predicate = true> <Delay = 0.00>
ST_15 : Operation 200 [1/1] (3.30ns)   --->   "%lshr_ln229 = lshr i32 %temp, %zext_ln229_1" [desDecrypt.c:229]   --->   Operation 200 'lshr' 'lshr_ln229' <Predicate = true> <Delay = 3.30> <Core = "Shift">   --->   Core 28 'Shift' <Latency = 0> <II = 1> <Delay = 3.47> <FuncUnit> <Opcode : 'shl' 'lshr' 'ashr'> <InPorts = 2> <OutPorts = 1>
ST_15 : Operation 201 [1/1] (0.00ns)   --->   "%trunc_ln229 = trunc i32 %lshr_ln229 to i1" [desDecrypt.c:229]   --->   Operation 201 'trunc' 'trunc_ln229' <Predicate = true> <Delay = 0.00>
ST_15 : Operation 202 [1/1] (0.00ns)   --->   "%trunc_ln229_1 = trunc i64 %s_input_0 to i63" [desDecrypt.c:229]   --->   Operation 202 'trunc' 'trunc_ln229_1' <Predicate = true> <Delay = 0.00>
ST_15 : Operation 203 [1/1] (0.00ns)   --->   "%s_input = call i64 @_ssdm_op_BitConcatenate.i64.i63.i1(i63 %trunc_ln229_1, i1 %trunc_ln229)" [desDecrypt.c:229]   --->   Operation 203 'bitconcatenate' 's_input' <Predicate = true> <Delay = 0.00>
ST_15 : Operation 204 [1/1] (0.00ns)   --->   "br label %6" [desDecrypt.c:227]   --->   Operation 204 'br' <Predicate = true> <Delay = 0.00>

State 16 <SV = 12> <Delay = 3.58>
ST_16 : Operation 205 [1/2] (2.77ns)   --->   "%array_temp_load_2 = load i48* %array_temp_addr_2, align 8" [desDecrypt.c:232]   --->   Operation 205 'load' 'array_temp_load_2' <Predicate = true> <Delay = 2.77> <Core = "RAM">   --->   Core 37 'RAM' <Latency = 1> <II = 1> <Delay = 2.77> <Storage> <Opcode : 'load' 'store'> <Ports = 2> <Width = 48> <Depth = 144> <RAM>
ST_16 : Operation 206 [1/1] (0.00ns)   --->   "%trunc_ln232 = trunc i64 %s_input_0 to i48" [desDecrypt.c:232]   --->   Operation 206 'trunc' 'trunc_ln232' <Predicate = true> <Delay = 0.00>
ST_16 : Operation 207 [1/1] (0.00ns)   --->   "%trunc_ln232_1 = trunc i64 %s_input_0 to i47" [desDecrypt.c:232]   --->   Operation 207 'trunc' 'trunc_ln232_1' <Predicate = true> <Delay = 0.00>
ST_16 : Operation 208 [1/1] (0.00ns)   --->   "%trunc_ln232_2 = trunc i48 %array_temp_load_2 to i47" [desDecrypt.c:232]   --->   Operation 208 'trunc' 'trunc_ln232_2' <Predicate = true> <Delay = 0.00>
ST_16 : Operation 209 [1/1] (0.80ns)   --->   "%xor_ln232 = xor i47 %trunc_ln232_2, %trunc_ln232_1" [desDecrypt.c:232]   --->   Operation 209 'xor' 'xor_ln232' <Predicate = true> <Delay = 0.80> <Core = "LogicGate">   --->   Core 27 'LogicGate' <Latency = 0> <II = 1> <Delay = 0.80> <FuncUnit> <Opcode : 'and' 'or' 'xor'> <InPorts = 2> <OutPorts = 1>
ST_16 : Operation 210 [1/1] (0.80ns)   --->   "%xor_ln232_1 = xor i48 %array_temp_load_2, %trunc_ln232" [desDecrypt.c:232]   --->   Operation 210 'xor' 'xor_ln232_1' <Predicate = true> <Delay = 0.80> <Core = "LogicGate">   --->   Core 27 'LogicGate' <Latency = 0> <II = 1> <Delay = 0.80> <FuncUnit> <Opcode : 'and' 'or' 'xor'> <InPorts = 2> <OutPorts = 1>
ST_16 : Operation 211 [1/1] (1.35ns)   --->   "br label %9" [desDecrypt.c:235]   --->   Operation 211 'br' <Predicate = true> <Delay = 1.35>

State 17 <SV = 13> <Delay = 2.79>
ST_17 : Operation 212 [1/1] (0.00ns)   --->   "%j_2 = phi i4 [ 0, %8 ], [ %j_4, %10 ]"   --->   Operation 212 'phi' 'j_2' <Predicate = true> <Delay = 0.00>
ST_17 : Operation 213 [1/1] (1.21ns)   --->   "%icmp_ln235 = icmp eq i4 %j_2, -8" [desDecrypt.c:235]   --->   Operation 213 'icmp' 'icmp_ln235' <Predicate = true> <Delay = 1.21> <Core = "Cmp">   --->   Core 25 'Cmp' <Latency = 0> <II = 1> <Delay = 1.23> <FuncUnit> <Opcode : 'icmp'> <InPorts = 2> <OutPorts = 1>
ST_17 : Operation 214 [1/1] (0.00ns)   --->   "%empty_10 = call i32 (...)* @_ssdm_op_SpecLoopTripCount(i64 8, i64 8, i64 8) nounwind"   --->   Operation 214 'speclooptripcount' 'empty_10' <Predicate = true> <Delay = 0.00>
ST_17 : Operation 215 [1/1] (1.49ns)   --->   "%j_4 = add i4 %j_2, 1" [desDecrypt.c:235]   --->   Operation 215 'add' 'j_4' <Predicate = true> <Delay = 1.49> <Core = "AddSub">   --->   Core 14 'AddSub' <Latency = 0> <II = 1> <Delay = 1.66> <FuncUnit> <Opcode : 'add' 'sub'> <InPorts = 2> <OutPorts = 1>
ST_17 : Operation 216 [1/1] (0.00ns)   --->   "br i1 %icmp_ln235, label %.preheader.preheader, label %10" [desDecrypt.c:235]   --->   Operation 216 'br' <Predicate = true> <Delay = 0.00>
ST_17 : Operation 217 [1/1] (0.00ns)   --->   "%trunc_ln240 = trunc i4 %j_2 to i3" [desDecrypt.c:240]   --->   Operation 217 'trunc' 'trunc_ln240' <Predicate = (!icmp_ln235)> <Delay = 0.00>
ST_17 : Operation 218 [1/1] (0.00ns)   --->   "%shl_ln = call i6 @_ssdm_op_BitConcatenate.i6.i3.i3(i3 %trunc_ln240, i3 0)" [desDecrypt.c:240]   --->   Operation 218 'bitconcatenate' 'shl_ln' <Predicate = (!icmp_ln235)> <Delay = 0.00>
ST_17 : Operation 219 [1/1] (0.00ns)   --->   "%zext_ln240 = zext i6 %shl_ln to i7" [desDecrypt.c:240]   --->   Operation 219 'zext' 'zext_ln240' <Predicate = (!icmp_ln235)> <Delay = 0.00>
ST_17 : Operation 220 [1/1] (0.00ns)   --->   "%shl_ln240 = shl i4 %j_2, 1" [desDecrypt.c:240]   --->   Operation 220 'shl' 'shl_ln240' <Predicate = (!icmp_ln235)> <Delay = 0.00>
ST_17 : Operation 221 [1/1] (0.00ns)   --->   "%zext_ln240_1 = zext i4 %shl_ln240 to i6" [desDecrypt.c:240]   --->   Operation 221 'zext' 'zext_ln240_1' <Predicate = (!icmp_ln235)> <Delay = 0.00>
ST_17 : Operation 222 [1/1] (0.00ns)   --->   "%zext_ln240_2 = zext i4 %shl_ln240 to i7" [desDecrypt.c:240]   --->   Operation 222 'zext' 'zext_ln240_2' <Predicate = (!icmp_ln235)> <Delay = 0.00>
ST_17 : Operation 223 [1/1] (1.60ns)   --->   "%sub_ln240 = sub i7 %zext_ln240, %zext_ln240_2" [desDecrypt.c:240]   --->   Operation 223 'sub' 'sub_ln240' <Predicate = (!icmp_ln235)> <Delay = 1.60> <Core = "AddSub">   --->   Core 14 'AddSub' <Latency = 0> <II = 1> <Delay = 1.66> <FuncUnit> <Opcode : 'add' 'sub'> <InPorts = 2> <OutPorts = 1>
ST_17 : Operation 224 [1/1] (0.00ns)   --->   "%shl_ln240_1 = call i5 @_ssdm_op_BitConcatenate.i5.i3.i2(i3 %trunc_ln240, i2 0)" [desDecrypt.c:240]   --->   Operation 224 'bitconcatenate' 'shl_ln240_1' <Predicate = (!icmp_ln235)> <Delay = 0.00>
ST_17 : Operation 225 [1/1] (0.00ns)   --->   "%zext_ln240_5 = zext i5 %shl_ln240_1 to i6" [desDecrypt.c:240]   --->   Operation 225 'zext' 'zext_ln240_5' <Predicate = (!icmp_ln235)> <Delay = 0.00>
ST_17 : Operation 226 [1/1] (0.00ns) (grouped into TernaryAdder)   --->   "%sub_ln240_1 = sub i6 -22, %zext_ln240_1" [desDecrypt.c:240]   --->   Operation 226 'sub' 'sub_ln240_1' <Predicate = (!icmp_ln235)> <Delay = 0.00> <Core = "TAddSub">   --->   Core 83 'TAddSub' <Latency = 0> <II = 1> <Delay = 1.39> <IPBlock> <Opcode : 'add' 'sub'> <InPorts = 3> <OutPorts = 1> <Sync> <CReg>
ST_17 : Operation 227 [1/1] (2.79ns) (root node of TernaryAdder)   --->   "%sub_ln240_2 = sub i6 %sub_ln240_1, %zext_ln240_5" [desDecrypt.c:240]   --->   Operation 227 'sub' 'sub_ln240_2' <Predicate = (!icmp_ln235)> <Delay = 2.79> <Core = "TAddSub">   --->   Core 83 'TAddSub' <Latency = 0> <II = 1> <Delay = 1.39> <IPBlock> <Opcode : 'add' 'sub'> <InPorts = 3> <OutPorts = 1> <Sync> <CReg>
ST_17 : Operation 228 [1/1] (0.00ns) (grouped into TernaryAdder)   --->   "%sub_ln243 = sub i6 -21, %zext_ln240_1" [desDecrypt.c:243]   --->   Operation 228 'sub' 'sub_ln243' <Predicate = (!icmp_ln235)> <Delay = 0.00> <Core = "TAddSub">   --->   Core 83 'TAddSub' <Latency = 0> <II = 1> <Delay = 1.39> <IPBlock> <Opcode : 'add' 'sub'> <InPorts = 3> <OutPorts = 1> <Sync> <CReg>
ST_17 : Operation 229 [1/1] (2.79ns) (root node of TernaryAdder)   --->   "%sub_ln243_1 = sub i6 %sub_ln243, %zext_ln240_5" [desDecrypt.c:243]   --->   Operation 229 'sub' 'sub_ln243_1' <Predicate = (!icmp_ln235)> <Delay = 2.79> <Core = "TAddSub">   --->   Core 83 'TAddSub' <Latency = 0> <II = 1> <Delay = 1.39> <IPBlock> <Opcode : 'add' 'sub'> <InPorts = 3> <OutPorts = 1> <Sync> <CReg>
ST_17 : Operation 230 [1/1] (1.35ns)   --->   "br label %.preheader" [desDecrypt.c:252]   --->   Operation 230 'br' <Predicate = (icmp_ln235)> <Delay = 1.35>

State 18 <SV = 14> <Delay = 8.68>
ST_18 : Operation 231 [1/1] (0.00ns)   --->   "%sext_ln240 = sext i7 %sub_ln240 to i32" [desDecrypt.c:240]   --->   Operation 231 'sext' 'sext_ln240' <Predicate = true> <Delay = 0.00>
ST_18 : Operation 232 [1/1] (0.00ns) (grouped into LUT with out node add_ln246)   --->   "%zext_ln240_3 = zext i32 %sext_ln240 to i47" [desDecrypt.c:240]   --->   Operation 232 'zext' 'zext_ln240_3' <Predicate = true> <Delay = 0.00>
ST_18 : Operation 233 [1/1] (0.00ns) (grouped into LUT with out node lshr_ln240_1)   --->   "%zext_ln240_4 = zext i32 %sext_ln240 to i48" [desDecrypt.c:240]   --->   Operation 233 'zext' 'zext_ln240_4' <Predicate = true> <Delay = 0.00>
ST_18 : Operation 234 [1/1] (0.00ns) (grouped into LUT with out node lshr_ln240_1)   --->   "%lshr_ln240 = lshr i48 -136339441844224, %zext_ln240_4" [desDecrypt.c:240]   --->   Operation 234 'lshr' 'lshr_ln240' <Predicate = true> <Delay = 0.00> <Core = "Shift">   --->   Core 28 'Shift' <Latency = 0> <II = 1> <Delay = 3.47> <FuncUnit> <Opcode : 'shl' 'lshr' 'ashr'> <InPorts = 2> <OutPorts = 1>
ST_18 : Operation 235 [1/1] (0.00ns) (grouped into LUT with out node lshr_ln240_1)   --->   "%and_ln240 = and i48 %lshr_ln240, %xor_ln232_1" [desDecrypt.c:240]   --->   Operation 235 'and' 'and_ln240' <Predicate = true> <Delay = 0.00> <Core = "LogicGate">   --->   Core 27 'LogicGate' <Latency = 0> <II = 1> <Delay = 0.80> <FuncUnit> <Opcode : 'and' 'or' 'xor'> <InPorts = 2> <OutPorts = 1>
ST_18 : Operation 236 [1/1] (0.00ns) (grouped into LUT with out node lshr_ln240_1)   --->   "%zext_ln240_6 = zext i6 %sub_ln240_2 to i48" [desDecrypt.c:240]   --->   Operation 236 'zext' 'zext_ln240_6' <Predicate = true> <Delay = 0.00>
ST_18 : Operation 237 [1/1] (3.47ns) (out node of the LUT)   --->   "%lshr_ln240_1 = lshr i48 %and_ln240, %zext_ln240_6" [desDecrypt.c:240]   --->   Operation 237 'lshr' 'lshr_ln240_1' <Predicate = true> <Delay = 3.47> <Core = "Shift">   --->   Core 28 'Shift' <Latency = 0> <II = 1> <Delay = 3.47> <FuncUnit> <Opcode : 'shl' 'lshr' 'ashr'> <InPorts = 2> <OutPorts = 1>
ST_18 : Operation 238 [1/1] (0.00ns) (grouped into LUT with out node add_ln246)   --->   "%trunc_ln240_1 = trunc i48 %lshr_ln240_1 to i1" [desDecrypt.c:240]   --->   Operation 238 'trunc' 'trunc_ln240_1' <Predicate = true> <Delay = 0.00>
ST_18 : Operation 239 [1/1] (0.00ns) (grouped into LUT with out node add_ln246)   --->   "%tmp_60 = call i1 @_ssdm_op_BitSelect.i1.i48.i32(i48 %lshr_ln240_1, i32 4)" [desDecrypt.c:241]   --->   Operation 239 'bitselect' 'tmp_60' <Predicate = true> <Delay = 0.00>
ST_18 : Operation 240 [1/1] (0.00ns) (grouped into LUT with out node add_ln246)   --->   "%or_ln241 = or i1 %tmp_60, %trunc_ln240_1" [desDecrypt.c:241]   --->   Operation 240 'or' 'or_ln241' <Predicate = true> <Delay = 0.00> <Core = "LogicGate">   --->   Core 27 'LogicGate' <Latency = 0> <II = 1> <Delay = 0.80> <FuncUnit> <Opcode : 'and' 'or' 'xor'> <InPorts = 2> <OutPorts = 1>
ST_18 : Operation 241 [1/1] (0.00ns) (grouped into LUT with out node add_ln246)   --->   "%tmp_49 = call i3 @_ssdm_op_PartSelect.i3.i48.i32.i32(i48 %lshr_ln240_1, i32 5, i32 7)" [desDecrypt.c:241]   --->   Operation 241 'partselect' 'tmp_49' <Predicate = true> <Delay = 0.00>
ST_18 : Operation 242 [1/1] (0.00ns) (grouped into LUT with out node add_ln246)   --->   "%lshr_ln243 = lshr i47 -8796093022208, %zext_ln240_3" [desDecrypt.c:243]   --->   Operation 242 'lshr' 'lshr_ln243' <Predicate = true> <Delay = 0.00> <Core = "Shift">   --->   Core 28 'Shift' <Latency = 0> <II = 1> <Delay = 3.47> <FuncUnit> <Opcode : 'shl' 'lshr' 'ashr'> <InPorts = 2> <OutPorts = 1>
ST_18 : Operation 243 [1/1] (0.00ns) (grouped into LUT with out node add_ln246)   --->   "%and_ln243 = and i47 %lshr_ln243, %xor_ln232" [desDecrypt.c:243]   --->   Operation 243 'and' 'and_ln243' <Predicate = true> <Delay = 0.00> <Core = "LogicGate">   --->   Core 27 'LogicGate' <Latency = 0> <II = 1> <Delay = 0.80> <FuncUnit> <Opcode : 'and' 'or' 'xor'> <InPorts = 2> <OutPorts = 1>
ST_18 : Operation 244 [1/1] (0.00ns) (grouped into LUT with out node add_ln246)   --->   "%zext_ln243 = zext i6 %sub_ln243_1 to i47" [desDecrypt.c:243]   --->   Operation 244 'zext' 'zext_ln243' <Predicate = true> <Delay = 0.00>
ST_18 : Operation 245 [1/1] (0.00ns) (grouped into LUT with out node add_ln246)   --->   "%lshr_ln243_1 = lshr i47 %and_ln243, %zext_ln243" [desDecrypt.c:243]   --->   Operation 245 'lshr' 'lshr_ln243_1' <Predicate = true> <Delay = 0.00> <Core = "Shift">   --->   Core 28 'Shift' <Latency = 0> <II = 1> <Delay = 3.47> <FuncUnit> <Opcode : 'shl' 'lshr' 'ashr'> <InPorts = 2> <OutPorts = 1>
ST_18 : Operation 246 [1/1] (0.00ns) (grouped into LUT with out node add_ln246)   --->   "%tmp_50 = call i8 @_ssdm_op_BitConcatenate.i8.i3.i1.i4(i3 %tmp_49, i1 %or_ln241, i4 0)" [desDecrypt.c:246]   --->   Operation 246 'bitconcatenate' 'tmp_50' <Predicate = true> <Delay = 0.00>
ST_18 : Operation 247 [1/1] (0.00ns) (grouped into LUT with out node add_ln246)   --->   "%sext_ln246 = sext i8 %tmp_50 to i9" [desDecrypt.c:246]   --->   Operation 247 'sext' 'sext_ln246' <Predicate = true> <Delay = 0.00>
ST_18 : Operation 248 [1/1] (0.00ns) (grouped into LUT with out node add_ln246)   --->   "%trunc_ln246 = trunc i47 %lshr_ln243_1 to i8" [desDecrypt.c:246]   --->   Operation 248 'trunc' 'trunc_ln246' <Predicate = true> <Delay = 0.00>
ST_18 : Operation 249 [1/1] (0.00ns) (grouped into LUT with out node add_ln246)   --->   "%sext_ln246_1 = sext i8 %trunc_ln246 to i9" [desDecrypt.c:246]   --->   Operation 249 'sext' 'sext_ln246_1' <Predicate = true> <Delay = 0.00>
ST_18 : Operation 250 [1/1] (3.47ns) (out node of the LUT)   --->   "%add_ln246 = add i9 %sext_ln246_1, %sext_ln246" [desDecrypt.c:246]   --->   Operation 250 'add' 'add_ln246' <Predicate = true> <Delay = 3.47> <Core = "AddSub">   --->   Core 14 'AddSub' <Latency = 0> <II = 1> <Delay = 1.66> <FuncUnit> <Opcode : 'add' 'sub'> <InPorts = 2> <OutPorts = 1>
ST_18 : Operation 251 [1/1] (0.00ns)   --->   "%sext_ln246_2 = sext i9 %add_ln246 to i11" [desDecrypt.c:246]   --->   Operation 251 'sext' 'sext_ln246_2' <Predicate = true> <Delay = 0.00>
ST_18 : Operation 252 [1/1] (0.00ns)   --->   "%tmp_51 = call i10 @_ssdm_op_BitConcatenate.i10.i4.i6(i4 %j_2, i6 0)" [desDecrypt.c:246]   --->   Operation 252 'bitconcatenate' 'tmp_51' <Predicate = true> <Delay = 0.00>
ST_18 : Operation 253 [1/1] (0.00ns)   --->   "%zext_ln246 = zext i10 %tmp_51 to i11" [desDecrypt.c:246]   --->   Operation 253 'zext' 'zext_ln246' <Predicate = true> <Delay = 0.00>
ST_18 : Operation 254 [1/1] (1.74ns)   --->   "%add_ln246_1 = add i11 %sext_ln246_2, %zext_ln246" [desDecrypt.c:246]   --->   Operation 254 'add' 'add_ln246_1' <Predicate = true> <Delay = 1.74> <Core = "AddSub">   --->   Core 14 'AddSub' <Latency = 0> <II = 1> <Delay = 1.66> <FuncUnit> <Opcode : 'add' 'sub'> <InPorts = 2> <OutPorts = 1>

State 19 <SV = 15> <Delay = 2.77>
ST_19 : Operation 255 [1/1] (0.00ns)   --->   "%sext_ln246_3 = sext i11 %add_ln246_1 to i64" [desDecrypt.c:246]   --->   Operation 255 'sext' 'sext_ln246_3' <Predicate = true> <Delay = 0.00>
ST_19 : Operation 256 [1/1] (0.00ns)   --->   "%S_addr = getelementptr [512 x i4]* @S, i64 0, i64 %sext_ln246_3" [desDecrypt.c:246]   --->   Operation 256 'getelementptr' 'S_addr' <Predicate = true> <Delay = 0.00>
ST_19 : Operation 257 [2/2] (2.77ns)   --->   "%S_load = load i4* %S_addr, align 1" [desDecrypt.c:246]   --->   Operation 257 'load' 'S_load' <Predicate = true> <Delay = 2.77> <Core = "ROM_nP">   --->   Core 52 'ROM_nP' <Latency = 1> <II = 1> <Delay = 2.77> <Storage> <Opcode : 'load'> <Ports = 0> <Width = 6> <Depth = 32> <ROM>

State 20 <SV = 16> <Delay = 4.12>
ST_20 : Operation 258 [1/1] (0.00ns)   --->   "%s_output_1_load = load i32* %s_output_1" [desDecrypt.c:246]   --->   Operation 258 'load' 's_output_1_load' <Predicate = true> <Delay = 0.00>
ST_20 : Operation 259 [1/1] (0.00ns)   --->   "call void (...)* @_ssdm_op_SpecLoopName([8 x i8]* @p_str9) nounwind" [desDecrypt.c:235]   --->   Operation 259 'specloopname' <Predicate = true> <Delay = 0.00>
ST_20 : Operation 260 [1/2] (2.77ns)   --->   "%S_load = load i4* %S_addr, align 1" [desDecrypt.c:246]   --->   Operation 260 'load' 'S_load' <Predicate = true> <Delay = 2.77> <Core = "ROM_nP">   --->   Core 52 'ROM_nP' <Latency = 1> <II = 1> <Delay = 2.77> <Storage> <Opcode : 'load'> <Ports = 0> <Width = 6> <Depth = 32> <ROM>
ST_20 : Operation 261 [1/1] (0.00ns)   --->   "%trunc_ln246_1 = trunc i32 %s_output_1_load to i28" [desDecrypt.c:246]   --->   Operation 261 'trunc' 'trunc_ln246_1' <Predicate = true> <Delay = 0.00>
ST_20 : Operation 262 [1/1] (0.00ns)   --->   "%s_output = call i32 @_ssdm_op_BitConcatenate.i32.i28.i4(i28 %trunc_ln246_1, i4 %S_load)" [desDecrypt.c:246]   --->   Operation 262 'bitconcatenate' 's_output' <Predicate = true> <Delay = 0.00>
ST_20 : Operation 263 [1/1] (1.35ns)   --->   "store i32 %s_output, i32* %s_output_1" [desDecrypt.c:235]   --->   Operation 263 'store' <Predicate = true> <Delay = 1.35>
ST_20 : Operation 264 [1/1] (0.00ns)   --->   "br label %9" [desDecrypt.c:235]   --->   Operation 264 'br' <Predicate = true> <Delay = 0.00>

State 21 <SV = 14> <Delay = 2.77>
ST_21 : Operation 265 [1/1] (0.00ns)   --->   "%f_function_res_0 = phi i32 [ %f_function_res, %11 ], [ 0, %.preheader.preheader ]"   --->   Operation 265 'phi' 'f_function_res_0' <Predicate = true> <Delay = 0.00>
ST_21 : Operation 266 [1/1] (0.00ns)   --->   "%j_3 = phi i6 [ %j_5, %11 ], [ 0, %.preheader.preheader ]"   --->   Operation 266 'phi' 'j_3' <Predicate = true> <Delay = 0.00>
ST_21 : Operation 267 [1/1] (1.22ns)   --->   "%icmp_ln252 = icmp eq i6 %j_3, -32" [desDecrypt.c:252]   --->   Operation 267 'icmp' 'icmp_ln252' <Predicate = true> <Delay = 1.22> <Core = "Cmp">   --->   Core 25 'Cmp' <Latency = 0> <II = 1> <Delay = 1.23> <FuncUnit> <Opcode : 'icmp'> <InPorts = 2> <OutPorts = 1>
ST_21 : Operation 268 [1/1] (0.00ns)   --->   "%empty_11 = call i32 (...)* @_ssdm_op_SpecLoopTripCount(i64 32, i64 32, i64 32) nounwind"   --->   Operation 268 'speclooptripcount' 'empty_11' <Predicate = true> <Delay = 0.00>
ST_21 : Operation 269 [1/1] (1.60ns)   --->   "%j_5 = add i6 %j_3, 1" [desDecrypt.c:252]   --->   Operation 269 'add' 'j_5' <Predicate = true> <Delay = 1.60> <Core = "AddSub">   --->   Core 14 'AddSub' <Latency = 0> <II = 1> <Delay = 1.66> <FuncUnit> <Opcode : 'add' 'sub'> <InPorts = 2> <OutPorts = 1>
ST_21 : Operation 270 [1/1] (0.00ns)   --->   "br i1 %icmp_ln252, label %Pipeline_loop4_end, label %11" [desDecrypt.c:252]   --->   Operation 270 'br' <Predicate = true> <Delay = 0.00>
ST_21 : Operation 271 [1/1] (0.00ns)   --->   "%zext_ln254 = zext i6 %j_3 to i64" [desDecrypt.c:254]   --->   Operation 271 'zext' 'zext_ln254' <Predicate = (!icmp_ln252)> <Delay = 0.00>
ST_21 : Operation 272 [1/1] (0.00ns)   --->   "%P_addr = getelementptr [32 x i6]* @P, i64 0, i64 %zext_ln254" [desDecrypt.c:254]   --->   Operation 272 'getelementptr' 'P_addr' <Predicate = (!icmp_ln252)> <Delay = 0.00>
ST_21 : Operation 273 [2/2] (2.77ns)   --->   "%P_load = load i6* %P_addr, align 1" [desDecrypt.c:254]   --->   Operation 273 'load' 'P_load' <Predicate = (!icmp_ln252)> <Delay = 2.77> <Core = "ROM_nP">   --->   Core 52 'ROM_nP' <Latency = 1> <II = 1> <Delay = 2.77> <Storage> <Opcode : 'load'> <Ports = 0> <Width = 6> <Depth = 32> <ROM>
ST_21 : Operation 274 [1/1] (0.00ns)   --->   "%trunc_ln254_1 = trunc i32 %f_function_res_0 to i31" [desDecrypt.c:254]   --->   Operation 274 'trunc' 'trunc_ln254_1' <Predicate = (!icmp_ln252)> <Delay = 0.00>
ST_21 : Operation 275 [1/1] (0.80ns)   --->   "%R_1 = xor i32 %f_function_res_0, %L_0" [desDecrypt.c:259]   --->   Operation 275 'xor' 'R_1' <Predicate = (icmp_ln252)> <Delay = 0.80> <Core = "LogicGate">   --->   Core 27 'LogicGate' <Latency = 0> <II = 1> <Delay = 0.80> <FuncUnit> <Opcode : 'and' 'or' 'xor'> <InPorts = 2> <OutPorts = 1>
ST_21 : Operation 276 [1/1] (0.00ns)   --->   "%empty_12 = call i32 (...)* @_ssdm_op_SpecRegionEnd([15 x i8]* @p_str7, i32 %tmp_s) nounwind" [desDecrypt.c:262]   --->   Operation 276 'specregionend' 'empty_12' <Predicate = (icmp_ln252)> <Delay = 0.00>
ST_21 : Operation 277 [1/1] (0.00ns)   --->   "br label %.preheader3" [desDecrypt.c:223]   --->   Operation 277 'br' <Predicate = (icmp_ln252)> <Delay = 0.00>

State 22 <SV = 15> <Delay = 7.68>
ST_22 : Operation 278 [1/1] (0.00ns)   --->   "%s_output_1_load_1 = load i32* %s_output_1" [desDecrypt.c:254]   --->   Operation 278 'load' 's_output_1_load_1' <Predicate = true> <Delay = 0.00>
ST_22 : Operation 279 [1/1] (0.00ns)   --->   "call void (...)* @_ssdm_op_SpecLoopName([8 x i8]* @p_str10) nounwind" [desDecrypt.c:252]   --->   Operation 279 'specloopname' <Predicate = true> <Delay = 0.00>
ST_22 : Operation 280 [1/2] (2.77ns)   --->   "%P_load = load i6* %P_addr, align 1" [desDecrypt.c:254]   --->   Operation 280 'load' 'P_load' <Predicate = true> <Delay = 2.77> <Core = "ROM_nP">   --->   Core 52 'ROM_nP' <Latency = 1> <II = 1> <Delay = 2.77> <Storage> <Opcode : 'load'> <Ports = 0> <Width = 6> <Depth = 32> <ROM>
ST_22 : Operation 281 [1/1] (1.60ns)   --->   "%sub_ln254 = sub i6 -32, %P_load" [desDecrypt.c:254]   --->   Operation 281 'sub' 'sub_ln254' <Predicate = true> <Delay = 1.60> <Core = "AddSub">   --->   Core 14 'AddSub' <Latency = 0> <II = 1> <Delay = 1.66> <FuncUnit> <Opcode : 'add' 'sub'> <InPorts = 2> <OutPorts = 1>
ST_22 : Operation 282 [1/1] (0.00ns)   --->   "%zext_ln254_1 = zext i6 %sub_ln254 to i32" [desDecrypt.c:254]   --->   Operation 282 'zext' 'zext_ln254_1' <Predicate = true> <Delay = 0.00>
ST_22 : Operation 283 [1/1] (3.30ns)   --->   "%lshr_ln254 = lshr i32 %s_output_1_load_1, %zext_ln254_1" [desDecrypt.c:254]   --->   Operation 283 'lshr' 'lshr_ln254' <Predicate = true> <Delay = 3.30> <Core = "Shift">   --->   Core 28 'Shift' <Latency = 0> <II = 1> <Delay = 3.47> <FuncUnit> <Opcode : 'shl' 'lshr' 'ashr'> <InPorts = 2> <OutPorts = 1>
ST_22 : Operation 284 [1/1] (0.00ns)   --->   "%trunc_ln254 = trunc i32 %lshr_ln254 to i1" [desDecrypt.c:254]   --->   Operation 284 'trunc' 'trunc_ln254' <Predicate = true> <Delay = 0.00>
ST_22 : Operation 285 [1/1] (0.00ns)   --->   "%f_function_res = call i32 @_ssdm_op_BitConcatenate.i32.i31.i1(i31 %trunc_ln254_1, i1 %trunc_ln254)" [desDecrypt.c:254]   --->   Operation 285 'bitconcatenate' 'f_function_res' <Predicate = true> <Delay = 0.00>
ST_22 : Operation 286 [1/1] (0.00ns)   --->   "br label %.preheader" [desDecrypt.c:252]   --->   Operation 286 'br' <Predicate = true> <Delay = 0.00>

State 23 <SV = 11> <Delay = 4.49>
ST_23 : Operation 287 [1/1] (0.00ns)   --->   "%i_4 = phi i7 [ 0, %12 ], [ %i_5, %14 ]"   --->   Operation 287 'phi' 'i_4' <Predicate = true> <Delay = 0.00>
ST_23 : Operation 288 [1/1] (0.00ns)   --->   "%inv_init_perm_res_0 = phi i64 [ 0, %12 ], [ %inv_init_perm_res, %14 ]"   --->   Operation 288 'phi' 'inv_init_perm_res_0' <Predicate = true> <Delay = 0.00>
ST_23 : Operation 289 [1/1] (1.23ns)   --->   "%icmp_ln267 = icmp eq i7 %i_4, -64" [desDecrypt.c:267]   --->   Operation 289 'icmp' 'icmp_ln267' <Predicate = true> <Delay = 1.23> <Core = "Cmp">   --->   Core 25 'Cmp' <Latency = 0> <II = 1> <Delay = 1.23> <FuncUnit> <Opcode : 'icmp'> <InPorts = 2> <OutPorts = 1>
ST_23 : Operation 290 [1/1] (0.00ns)   --->   "%empty_13 = call i32 (...)* @_ssdm_op_SpecLoopTripCount(i64 64, i64 64, i64 64) nounwind"   --->   Operation 290 'speclooptripcount' 'empty_13' <Predicate = true> <Delay = 0.00>
ST_23 : Operation 291 [1/1] (1.66ns)   --->   "%i_5 = add i7 %i_4, 1" [desDecrypt.c:267]   --->   Operation 291 'add' 'i_5' <Predicate = true> <Delay = 1.66> <Core = "AddSub">   --->   Core 14 'AddSub' <Latency = 0> <II = 1> <Delay = 1.66> <FuncUnit> <Opcode : 'add' 'sub'> <InPorts = 2> <OutPorts = 1>
ST_23 : Operation 292 [1/1] (0.00ns)   --->   "br i1 %icmp_ln267, label %15, label %14" [desDecrypt.c:267]   --->   Operation 292 'br' <Predicate = true> <Delay = 0.00>
ST_23 : Operation 293 [1/1] (0.00ns)   --->   "%zext_ln270_1 = zext i7 %i_4 to i8" [desDecrypt.c:270]   --->   Operation 293 'zext' 'zext_ln270_1' <Predicate = (!icmp_ln267)> <Delay = 0.00>
ST_23 : Operation 294 [1/1] (1.71ns)   --->   "%add_ln270 = add i8 80, %zext_ln270_1" [desDecrypt.c:270]   --->   Operation 294 'add' 'add_ln270' <Predicate = (!icmp_ln267)> <Delay = 1.71> <Core = "AddSub">   --->   Core 14 'AddSub' <Latency = 0> <II = 1> <Delay = 1.66> <FuncUnit> <Opcode : 'add' 'sub'> <InPorts = 2> <OutPorts = 1>
ST_23 : Operation 295 [1/1] (0.00ns)   --->   "%zext_ln270_2 = zext i8 %add_ln270 to i64" [desDecrypt.c:270]   --->   Operation 295 'zext' 'zext_ln270_2' <Predicate = (!icmp_ln267)> <Delay = 0.00>
ST_23 : Operation 296 [1/1] (0.00ns)   --->   "%array_temp_addr_1 = getelementptr [144 x i48]* @array_temp, i64 0, i64 %zext_ln270_2" [desDecrypt.c:270]   --->   Operation 296 'getelementptr' 'array_temp_addr_1' <Predicate = (!icmp_ln267)> <Delay = 0.00>
ST_23 : Operation 297 [2/2] (2.77ns)   --->   "%array_temp_load_1 = load i48* %array_temp_addr_1, align 8" [desDecrypt.c:270]   --->   Operation 297 'load' 'array_temp_load_1' <Predicate = (!icmp_ln267)> <Delay = 2.77> <Core = "RAM">   --->   Core 37 'RAM' <Latency = 1> <II = 1> <Delay = 2.77> <Storage> <Opcode : 'load' 'store'> <Ports = 2> <Width = 48> <Depth = 144> <RAM>
ST_23 : Operation 298 [1/1] (0.00ns)   --->   "%trunc_ln270_2 = trunc i64 %inv_init_perm_res_0 to i63" [desDecrypt.c:270]   --->   Operation 298 'trunc' 'trunc_ln270_2' <Predicate = (!icmp_ln267)> <Delay = 0.00>
ST_23 : Operation 299 [1/1] (0.00ns)   --->   "ret i64 %inv_init_perm_res_0" [desDecrypt.c:274]   --->   Operation 299 'ret' <Predicate = (icmp_ln267)> <Delay = 0.00>

State 24 <SV = 12> <Delay = 7.90>
ST_24 : Operation 300 [1/1] (0.00ns)   --->   "call void (...)* @_ssdm_op_SpecLoopName([6 x i8]* @p_str11) nounwind" [desDecrypt.c:267]   --->   Operation 300 'specloopname' <Predicate = true> <Delay = 0.00>
ST_24 : Operation 301 [1/2] (2.77ns)   --->   "%array_temp_load_1 = load i48* %array_temp_addr_1, align 8" [desDecrypt.c:270]   --->   Operation 301 'load' 'array_temp_load_1' <Predicate = true> <Delay = 2.77> <Core = "RAM">   --->   Core 37 'RAM' <Latency = 1> <II = 1> <Delay = 2.77> <Storage> <Opcode : 'load' 'store'> <Ports = 2> <Width = 48> <Depth = 144> <RAM>
ST_24 : Operation 302 [1/1] (0.00ns)   --->   "%trunc_ln270 = trunc i48 %array_temp_load_1 to i7" [desDecrypt.c:270]   --->   Operation 302 'trunc' 'trunc_ln270' <Predicate = true> <Delay = 0.00>
ST_24 : Operation 303 [1/1] (1.66ns)   --->   "%sub_ln270 = sub i7 -64, %trunc_ln270" [desDecrypt.c:270]   --->   Operation 303 'sub' 'sub_ln270' <Predicate = true> <Delay = 1.66> <Core = "AddSub">   --->   Core 14 'AddSub' <Latency = 0> <II = 1> <Delay = 1.66> <FuncUnit> <Opcode : 'add' 'sub'> <InPorts = 2> <OutPorts = 1>
ST_24 : Operation 304 [1/1] (0.00ns)   --->   "%zext_ln270 = zext i7 %sub_ln270 to i64" [desDecrypt.c:270]   --->   Operation 304 'zext' 'zext_ln270' <Predicate = true> <Delay = 0.00>
ST_24 : Operation 305 [1/1] (3.47ns)   --->   "%lshr_ln270 = lshr i64 %pre_output, %zext_ln270" [desDecrypt.c:270]   --->   Operation 305 'lshr' 'lshr_ln270' <Predicate = true> <Delay = 3.47> <Core = "Shift">   --->   Core 28 'Shift' <Latency = 0> <II = 1> <Delay = 3.47> <FuncUnit> <Opcode : 'shl' 'lshr' 'ashr'> <InPorts = 2> <OutPorts = 1>
ST_24 : Operation 306 [1/1] (0.00ns)   --->   "%trunc_ln270_1 = trunc i64 %lshr_ln270 to i1" [desDecrypt.c:270]   --->   Operation 306 'trunc' 'trunc_ln270_1' <Predicate = true> <Delay = 0.00>
ST_24 : Operation 307 [1/1] (0.00ns)   --->   "%inv_init_perm_res = call i64 @_ssdm_op_BitConcatenate.i64.i63.i1(i63 %trunc_ln270_2, i1 %trunc_ln270_1)" [desDecrypt.c:270]   --->   Operation 307 'bitconcatenate' 'inv_init_perm_res' <Predicate = true> <Delay = 0.00>
ST_24 : Operation 308 [1/1] (0.00ns)   --->   "br label %13" [desDecrypt.c:267]   --->   Operation 308 'br' <Predicate = true> <Delay = 0.00>


============================================================
+ Verbose Summary: Timing violations
============================================================
Target clock period: 10ns, clock uncertainty: 1.25ns.

 <State 1>: 1.35ns
The critical path consists of the following:
	multiplexor before 'phi' operation ('init_perm_res') with incoming values : ('init_perm_res', desDecrypt.c:174) [16]  (1.35 ns)

 <State 2>: 4.43ns
The critical path consists of the following:
	'phi' operation ('i') with incoming values : ('i', desDecrypt.c:171) [17]  (0 ns)
	'add' operation ('add_ln174', desDecrypt.c:174) [24]  (1.66 ns)
	'getelementptr' operation ('array_temp_addr', desDecrypt.c:174) [26]  (0 ns)
	'load' operation ('array_temp_load', desDecrypt.c:174) on array 'array_temp' [27]  (2.77 ns)

 <State 3>: 7.91ns
The critical path consists of the following:
	'load' operation ('array_temp_load', desDecrypt.c:174) on array 'array_temp' [27]  (2.77 ns)
	'sub' operation ('sub_ln174', desDecrypt.c:174) [29]  (1.66 ns)
	'lshr' operation ('lshr_ln174', desDecrypt.c:174) [31]  (3.48 ns)

 <State 4>: 3.58ns
The critical path consists of the following:
	'phi' operation ('permuted_choice_1') with incoming values : ('permuted_choice_1', desDecrypt.c:184) [41]  (0 ns)
	'or' operation ('or_ln212', desDecrypt.c:212) [116]  (0.808 ns)
	'store' operation ('store_ln218', desDecrypt.c:218) of variable 'or_ln218_2', desDecrypt.c:218 on array 'array_temp' [127]  (2.77 ns)

 <State 5>: 7.91ns
The critical path consists of the following:
	'load' operation ('PC1_load', desDecrypt.c:184) on array 'PC1' [51]  (2.77 ns)
	'sub' operation ('sub_ln184', desDecrypt.c:184) [53]  (1.66 ns)
	'lshr' operation ('lshr_ln184', desDecrypt.c:184) [55]  (3.48 ns)

 <State 6>: 2.77ns
The critical path consists of the following:
	'store' operation ('store_ln218', desDecrypt.c:218) of variable 'or_ln218_1', desDecrypt.c:218 on array 'array_temp' [129]  (2.77 ns)

 <State 7>: 2.77ns
The critical path consists of the following:
	'store' operation ('store_ln218', desDecrypt.c:218) of variable 'or_ln218_4', desDecrypt.c:218 on array 'array_temp' [133]  (2.77 ns)

 <State 8>: 2.77ns
The critical path consists of the following:
	'store' operation ('store_ln218', desDecrypt.c:218) of variable 'or_ln218_6', desDecrypt.c:218 on array 'array_temp' [137]  (2.77 ns)

 <State 9>: 2.77ns
The critical path consists of the following:
	'store' operation ('store_ln218', desDecrypt.c:218) of variable 'or_ln218_8', desDecrypt.c:218 on array 'array_temp' [141]  (2.77 ns)

 <State 10>: 2.77ns
The critical path consists of the following:
	'store' operation ('store_ln218', desDecrypt.c:218) of variable 'or_ln218_10', desDecrypt.c:218 on array 'array_temp' [145]  (2.77 ns)

 <State 11>: 2.77ns
The critical path consists of the following:
	'store' operation ('store_ln218', desDecrypt.c:218) of variable 'or_ln218_12', desDecrypt.c:218 on array 'array_temp' [149]  (2.77 ns)

 <State 12>: 2.77ns
The critical path consists of the following:
	'store' operation ('store_ln218', desDecrypt.c:218) of variable 'or_ln218_14', desDecrypt.c:218 on array 'array_temp' [153]  (2.77 ns)

 <State 13>: 1.55ns
The critical path consists of the following:
	'phi' operation ('i') with incoming values : ('i', desDecrypt.c:223) [161]  (0 ns)
	'add' operation ('i', desDecrypt.c:223) [164]  (1.55 ns)

 <State 14>: 4.32ns
The critical path consists of the following:
	'sub' operation ('sub_ln232', desDecrypt.c:232) [190]  (1.55 ns)
	'getelementptr' operation ('array_temp_addr_2', desDecrypt.c:232) [192]  (0 ns)
	'load' operation ('array_temp_load_2', desDecrypt.c:232) on array 'array_temp' [193]  (2.77 ns)

 <State 15>: 7.69ns
The critical path consists of the following:
	'load' operation ('E_load', desDecrypt.c:229) on array 'E' [181]  (2.77 ns)
	'sub' operation ('sub_ln229', desDecrypt.c:229) [182]  (1.6 ns)
	'lshr' operation ('lshr_ln229', desDecrypt.c:229) [184]  (3.31 ns)

 <State 16>: 3.58ns
The critical path consists of the following:
	'load' operation ('array_temp_load_2', desDecrypt.c:232) on array 'array_temp' [193]  (2.77 ns)
	'xor' operation ('xor_ln232_1', desDecrypt.c:232) [198]  (0.809 ns)

 <State 17>: 2.8ns
The critical path consists of the following:
	'phi' operation ('j') with incoming values : ('j', desDecrypt.c:235) [201]  (0 ns)
	'shl' operation ('shl_ln240', desDecrypt.c:240) [212]  (0 ns)
	'sub' operation ('sub_ln240_1', desDecrypt.c:240) [223]  (0 ns)
	'sub' operation ('sub_ln240_2', desDecrypt.c:240) [224]  (2.8 ns)

 <State 18>: 8.69ns
The critical path consists of the following:
	'lshr' operation ('lshr_ln240', desDecrypt.c:240) [219]  (0 ns)
	'and' operation ('and_ln240', desDecrypt.c:240) [220]  (0 ns)
	'lshr' operation ('lshr_ln240_1', desDecrypt.c:240) [226]  (3.47 ns)
	'add' operation ('add_ln246', desDecrypt.c:246) [241]  (3.47 ns)
	'add' operation ('add_ln246_1', desDecrypt.c:246) [245]  (1.75 ns)

 <State 19>: 2.77ns
The critical path consists of the following:
	'getelementptr' operation ('S_addr', desDecrypt.c:246) [247]  (0 ns)
	'load' operation ('S_load', desDecrypt.c:246) on array 'S' [248]  (2.77 ns)

 <State 20>: 4.12ns
The critical path consists of the following:
	'load' operation ('S_load', desDecrypt.c:246) on array 'S' [248]  (2.77 ns)
	'store' operation ('store_ln235', desDecrypt.c:235) of variable 's_output', desDecrypt.c:246 on local variable 's_output' [251]  (1.35 ns)

 <State 21>: 2.77ns
The critical path consists of the following:
	'phi' operation ('j') with incoming values : ('j', desDecrypt.c:252) [257]  (0 ns)
	'getelementptr' operation ('P_addr', desDecrypt.c:254) [266]  (0 ns)
	'load' operation ('P_load', desDecrypt.c:254) on array 'P' [267]  (2.77 ns)

 <State 22>: 7.69ns
The critical path consists of the following:
	'load' operation ('P_load', desDecrypt.c:254) on array 'P' [267]  (2.77 ns)
	'sub' operation ('sub_ln254', desDecrypt.c:254) [268]  (1.6 ns)
	'lshr' operation ('lshr_ln254', desDecrypt.c:254) [270]  (3.31 ns)

 <State 23>: 4.49ns
The critical path consists of the following:
	'phi' operation ('i') with incoming values : ('i', desDecrypt.c:267) [283]  (0 ns)
	'add' operation ('add_ln270', desDecrypt.c:270) [292]  (1.72 ns)
	'getelementptr' operation ('array_temp_addr_1', desDecrypt.c:270) [294]  (0 ns)
	'load' operation ('array_temp_load_1', desDecrypt.c:270) on array 'array_temp' [295]  (2.77 ns)

 <State 24>: 7.91ns
The critical path consists of the following:
	'load' operation ('array_temp_load_1', desDecrypt.c:270) on array 'array_temp' [295]  (2.77 ns)
	'sub' operation ('sub_ln270', desDecrypt.c:270) [297]  (1.66 ns)
	'lshr' operation ('lshr_ln270', desDecrypt.c:270) [299]  (3.48 ns)


============================================================
+ Verbose Summary: Binding
============================================================
N/A
* FSMD analyzer results:
  - Output states:
 - Input state : 
  - Chain level:
	State 1
	State 2
	State 3
	State 4
	State 5
	State 6
	State 7
	State 8
	State 9
	State 10
	State 11
	State 12
	State 13
	State 14
	State 15
	State 16
	State 17
	State 18
	State 19
	State 20
	State 21
	State 22
	State 23
	State 24


============================================================
+ Verbose Summary: Datapath Resource usage 
============================================================
N/A
