

================================================================
== Vivado HLS Report for 'des_dec'
================================================================
* Date:           Thu Dec 24 03:30:23 2020

* Version:        2019.1 (Build 2552052 on Fri May 24 15:28:33 MDT 2019)
* Project:        DES_DEC
* Solution:       C_8_Register
* Product family: artix7
* Target device:  xc7a35tl-cpg236-2L


================================================================
== Performance Estimates
================================================================
+ Timing (ns): 
    * Summary: 
    +--------+-------+----------+------------+
    |  Clock | Target| Estimated| Uncertainty|
    +--------+-------+----------+------------+
    |ap_clk  |  10.00|     8.690|        1.25|
    +--------+-------+----------+------------+

+ Latency (clock cycles): 
    * Summary: 
    +------+------+------+------+---------+
    |   Latency   |   Interval  | Pipeline|
    |  min |  max |  min |  max |   Type  |
    +------+------+------+------+---------+
    |  6629|  6629|  6629|  6629|   none  |
    +------+------+------+------+---------+

    + Detail: 
        * Instance: 
        N/A

        * Loop: 
        +------------------+------+------+----------+-----------+-----------+------+----------+
        |                  |   Latency   | Iteration|  Initiation Interval  | Trip |          |
        |     Loop Name    |  min |  max |  Latency |  achieved |   target  | Count| Pipelined|
        +------------------+------+------+----------+-----------+-----------+------+----------+
        |- unroll1         |   128|   128|         2|          -|          -|    64|    no    |
        |- unroll2         |   112|   112|         2|          -|          -|    56|    no    |
        |- loop3           |  3120|  3120|       195|          -|          -|    16|    no    |
        | + loop3_1        |   192|   192|         4|          -|          -|    48|    no    |
        |- Pipeline_loop4  |  3136|  3136|       196|          -|          -|    16|    no    |
        | + loop4_1        |    96|    96|         2|          -|          -|    48|    no    |
        | + loop4_2        |    32|    32|         4|          -|          -|     8|    no    |
        | + loop4_3        |    64|    64|         2|          -|          -|    32|    no    |
        |- loop5           |   128|   128|         2|          -|          -|    64|    no    |
        +------------------+------+------+----------+-----------+-----------+------+----------+



================================================================
== Utilization Estimates
================================================================
* Summary: 
+-----------------+---------+-------+-------+-------+-----+
|       Name      | BRAM_18K| DSP48E|   FF  |  LUT  | URAM|
+-----------------+---------+-------+-------+-------+-----+
|DSP              |        -|      -|      -|      -|    -|
|Expression       |        -|      -|      0|   2191|    -|
|FIFO             |        -|      -|      -|      -|    -|
|Instance         |        -|      -|      0|   1170|    -|
|Memory           |        1|      -|     38|     33|    -|
|Multiplexer      |        -|      -|      -|    436|    -|
|Register         |        -|      -|   2247|      -|    -|
+-----------------+---------+-------+-------+-------+-----+
|Total            |        1|      0|   2285|   3830|    0|
+-----------------+---------+-------+-------+-------+-----+
|Available        |      100|     90|  41600|  20800|    0|
+-----------------+---------+-------+-------+-------+-----+
|Utilization (%)  |        1|      0|      5|     18|    0|
+-----------------+---------+-------+-------+-------+-----+

+ Detail: 
    * Instance: 
    +--------------------------+----------------------+---------+-------+---+----+-----+
    |         Instance         |        Module        | BRAM_18K| DSP48E| FF| LUT| URAM|
    +--------------------------+----------------------+---------+-------+---+----+-----+
    |des_dec_mux_164_6bkb_U1   |des_dec_mux_164_6bkb  |        0|      0|  0|  65|    0|
    |des_dec_mux_164_6bkb_U2   |des_dec_mux_164_6bkb  |        0|      0|  0|  65|    0|
    |des_dec_mux_164_6bkb_U3   |des_dec_mux_164_6bkb  |        0|      0|  0|  65|    0|
    |des_dec_mux_164_6bkb_U4   |des_dec_mux_164_6bkb  |        0|      0|  0|  65|    0|
    |des_dec_mux_164_6bkb_U5   |des_dec_mux_164_6bkb  |        0|      0|  0|  65|    0|
    |des_dec_mux_164_6bkb_U6   |des_dec_mux_164_6bkb  |        0|      0|  0|  65|    0|
    |des_dec_mux_164_6bkb_U7   |des_dec_mux_164_6bkb  |        0|      0|  0|  65|    0|
    |des_dec_mux_164_6bkb_U8   |des_dec_mux_164_6bkb  |        0|      0|  0|  65|    0|
    |des_dec_mux_164_6bkb_U9   |des_dec_mux_164_6bkb  |        0|      0|  0|  65|    0|
    |des_dec_mux_164_6bkb_U10  |des_dec_mux_164_6bkb  |        0|      0|  0|  65|    0|
    |des_dec_mux_164_6bkb_U11  |des_dec_mux_164_6bkb  |        0|      0|  0|  65|    0|
    |des_dec_mux_164_6bkb_U12  |des_dec_mux_164_6bkb  |        0|      0|  0|  65|    0|
    |des_dec_mux_164_6bkb_U13  |des_dec_mux_164_6bkb  |        0|      0|  0|  65|    0|
    |des_dec_mux_164_6bkb_U14  |des_dec_mux_164_6bkb  |        0|      0|  0|  65|    0|
    |des_dec_mux_164_6bkb_U15  |des_dec_mux_164_6bkb  |        0|      0|  0|  65|    0|
    |des_dec_mux_164_6bkb_U16  |des_dec_mux_164_6bkb  |        0|      0|  0|  65|    0|
    |des_dec_mux_164_6bkb_U17  |des_dec_mux_164_6bkb  |        0|      0|  0|  65|    0|
    |des_dec_mux_164_6bkb_U18  |des_dec_mux_164_6bkb  |        0|      0|  0|  65|    0|
    +--------------------------+----------------------+---------+-------+---+----+-----+
    |Total                     |                      |        0|      0|  0|1170|    0|
    +--------------------------+----------------------+---------+-------+---+----+-----+

    * DSP48E: 
    N/A

    * Memory: 
    +-------+-------------+---------+---+----+-----+------+-----+------+-------------+
    | Memory|    Module   | BRAM_18K| FF| LUT| URAM| Words| Bits| Banks| W*Bits*Banks|
    +-------+-------------+---------+---+----+-----+------+-----+------+-------------+
    |E_U    |des_dec_E    |        0|  6|   5|    0|    48|    6|     1|          288|
    |IP_U   |des_dec_IP   |        0|  7|   7|    0|    64|    7|     1|          448|
    |P_U    |des_dec_P    |        0|  6|   3|    0|    32|    6|     1|          192|
    |PC1_U  |des_dec_PC1  |        0|  6|   6|    0|    56|    6|     1|          336|
    |PC2_U  |des_dec_PC2  |        0|  6|   5|    0|    48|    6|     1|          288|
    |PI_U   |des_dec_PI   |        0|  7|   7|    0|    64|    7|     1|          448|
    |S_U    |des_dec_S    |        1|  0|   0|    0|   512|    4|     1|         2048|
    +-------+-------------+---------+---+----+-----+------+-----+------+-------------+
    |Total  |             |        1| 38|  33|    0|   824|   42|     7|         4048|
    +-------+-------------+---------+---+----+-----+------+-----+------+-------------+

    * FIFO: 
    N/A

    * Expression: 
    +-------------------------+----------+-------+---+-----+------------+------------+
    |      Variable Name      | Operation| DSP48E| FF| LUT | Bitwidth P0| Bitwidth P1|
    +-------------------------+----------+-------+---+-----+------------+------------+
    |add_ln246_1_fu_2090_p2   |     +    |      0|  0|   18|          11|          11|
    |add_ln246_fu_2068_p2     |     +    |      0|  0|   16|           9|           9|
    |i_5_fu_674_p2            |     +    |      0|  0|   15|           6|           1|
    |i_6_fu_2177_p2           |     +    |      0|  0|   15|           7|           1|
    |i_7_fu_749_p2            |     +    |      0|  0|   15|           5|           1|
    |i_8_fu_1745_p2           |     +    |      0|  0|   15|           5|           1|
    |i_fu_613_p2              |     +    |      0|  0|   15|           7|           1|
    |j_6_fu_1765_p2           |     +    |      0|  0|   15|           6|           1|
    |j_7_fu_1889_p2           |     +    |      0|  0|   13|           4|           1|
    |j_8_fu_2123_p2           |     +    |      0|  0|   15|           6|           1|
    |j_fu_1596_p2             |     +    |      0|  0|   15|           6|           1|
    |sub_ln174_fu_642_p2      |     -    |      0|  0|   15|           8|           7|
    |sub_ln184_fu_717_p2      |     -    |      0|  0|   15|           8|           7|
    |sub_ln218_fu_1644_p2     |     -    |      0|  0|   15|           5|           6|
    |sub_ln229_fu_1856_p2     |     -    |      0|  0|   15|           7|           6|
    |sub_ln240_1_fu_1943_p2   |     -    |      0|  0|    8|           6|           6|
    |sub_ln240_2_fu_1949_p2   |     -    |      0|  0|    8|           6|           6|
    |sub_ln240_fu_1925_p2     |     -    |      0|  0|   15|           7|           7|
    |sub_ln243_1_fu_1961_p2   |     -    |      0|  0|    8|           6|           6|
    |sub_ln243_fu_1955_p2     |     -    |      0|  0|    8|           6|           6|
    |sub_ln254_fu_2144_p2     |     -    |      0|  0|   15|           7|           6|
    |sub_ln270_fu_2192_p2     |     -    |      0|  0|   15|           8|           7|
    |and_ln240_fu_1984_p2     |    and   |      0|  0|   48|          48|          48|
    |and_ln243_fu_2032_p2     |    and   |      0|  0|   47|          47|          47|
    |empty_11_fu_755_p2       |   icmp   |      0|  0|   11|           5|           4|
    |empty_12_fu_761_p2       |   icmp   |      0|  0|   11|           5|           4|
    |empty_14_fu_773_p2       |   icmp   |      0|  0|   11|           5|           1|
    |empty_16_fu_785_p2       |   icmp   |      0|  0|   11|           5|           1|
    |icmp_ln171_fu_607_p2     |   icmp   |      0|  0|   11|           7|           8|
    |icmp_ln182_fu_668_p2     |   icmp   |      0|  0|   11|           6|           5|
    |icmp_ln192_fu_743_p2     |   icmp   |      0|  0|   11|           5|           6|
    |icmp_ln216_fu_1590_p2    |   icmp   |      0|  0|   11|           6|           6|
    |icmp_ln223_fu_1739_p2    |   icmp   |      0|  0|   11|           5|           6|
    |icmp_ln227_fu_1759_p2    |   icmp   |      0|  0|   11|           6|           6|
    |icmp_ln235_fu_1883_p2    |   icmp   |      0|  0|   11|           4|           5|
    |icmp_ln252_fu_2117_p2    |   icmp   |      0|  0|   11|           6|           7|
    |icmp_ln267_fu_2171_p2    |   icmp   |      0|  0|   11|           7|           8|
    |lshr_ln174_fu_652_p2     |   lshr   |      0|  0|  182|          64|          64|
    |lshr_ln184_fu_727_p2     |   lshr   |      0|  0|  182|          64|          64|
    |lshr_ln218_fu_1654_p2    |   lshr   |      0|  0|  166|          56|          56|
    |lshr_ln229_fu_1866_p2    |   lshr   |      0|  0|  101|          32|          32|
    |lshr_ln240_1_fu_1992_p2  |   lshr   |      0|  0|  150|          48|          48|
    |lshr_ln240_fu_1978_p2    |   lshr   |      0|  0|  150|          48|          48|
    |lshr_ln243_1_fu_2040_p2  |   lshr   |      0|  0|  148|          47|          47|
    |lshr_ln243_fu_2026_p2    |   lshr   |      0|  0|  148|          45|          47|
    |lshr_ln254_fu_2154_p2    |   lshr   |      0|  0|  101|          32|          32|
    |lshr_ln270_fu_2202_p2    |   lshr   |      0|  0|  182|          64|          64|
    |empty_13_fu_767_p2       |    or    |      0|  0|    2|           1|           1|
    |empty_15_fu_779_p2       |    or    |      0|  0|    2|           1|           1|
    |empty_17_fu_791_p2       |    or    |      0|  0|    2|           1|           1|
    |or_ln241_fu_2010_p2      |    or    |      0|  0|    2|           1|           1|
    |R_1_fu_2138_p2           |    xor   |      0|  0|   32|          32|          32|
    |tmp_5_fu_1790_p17        |    xor   |      0|  0|    4|           4|           2|
    |xor_ln232_1_fu_1844_p2   |    xor   |      0|  0|   47|          47|          47|
    |xor_ln232_2_fu_1850_p2   |    xor   |      0|  0|   48|          48|          48|
    +-------------------------+----------+-------+---+-----+------------+------------+
    |Total                    |          |      0|  0| 2191|         948|         896|
    +-------------------------+----------+-------+---+-----+------------+------------+

    * Multiplexer: 
    +-----------------------------+-----+-----------+-----+-----------+
    |             Name            | LUT | Input Size| Bits| Total Bits|
    +-----------------------------+-----+-----------+-----+-----------+
    |C_1_fu_194                   |   15|          3|   28|         84|
    |D_fu_198                     |   15|          3|   28|         84|
    |L_0_reg_449                  |    9|          2|   32|         64|
    |ap_NS_fsm                    |  109|         23|    1|         23|
    |f_function_res_0_reg_506     |    9|          2|   32|         64|
    |i_0_reg_384                  |    9|          2|    7|         14|
    |i_1_reg_406                  |    9|          2|    6|         12|
    |i_2_reg_417                  |    9|          2|    5|         10|
    |i_3_reg_460                  |    9|          2|    5|         10|
    |i_4_reg_528                  |    9|          2|    7|         14|
    |init_perm_res_0_reg_373      |    9|          2|   64|        128|
    |inv_init_perm_res_0_reg_539  |    9|          2|   64|        128|
    |j_0_reg_428                  |    9|          2|    6|         12|
    |j_1_reg_483                  |    9|          2|    6|         12|
    |j_2_reg_494                  |    9|          2|    4|          8|
    |j_3_reg_517                  |    9|          2|    6|         12|
    |permuted_choice_1_0_reg_395  |    9|          2|   64|        128|
    |s_input_0_reg_472            |    9|          2|   64|        128|
    |s_output_1_fu_266            |    9|          2|   32|         64|
    |sub_key_15_10_fu_242         |    9|          2|   64|        128|
    |sub_key_15_11_fu_246         |    9|          2|   64|        128|
    |sub_key_15_12_fu_250         |    9|          2|   64|        128|
    |sub_key_15_13_fu_254         |    9|          2|   64|        128|
    |sub_key_15_14_fu_258         |    9|          2|   64|        128|
    |sub_key_15_15_fu_262         |    9|          2|   64|        128|
    |sub_key_15_1_fu_206          |    9|          2|   64|        128|
    |sub_key_15_2_fu_210          |    9|          2|   64|        128|
    |sub_key_15_3_fu_214          |    9|          2|   64|        128|
    |sub_key_15_4_fu_218          |    9|          2|   64|        128|
    |sub_key_15_5_fu_222          |    9|          2|   64|        128|
    |sub_key_15_6_fu_226          |    9|          2|   64|        128|
    |sub_key_15_7_fu_230          |    9|          2|   64|        128|
    |sub_key_15_8_fu_234          |    9|          2|   64|        128|
    |sub_key_15_9_fu_238          |    9|          2|   64|        128|
    |sub_key_15_fu_202            |    9|          2|   64|        128|
    |temp_reg_439                 |    9|          2|   32|         64|
    +-----------------------------+-----+-----------+-----+-----------+
    |Total                        |  436|         95| 1517|       3111|
    +-----------------------------+-----+-----------+-----+-----------+

    * Register: 
    +-----------------------------+----+----+-----+-----------+
    |             Name            | FF | LUT| Bits| Const Bits|
    +-----------------------------+----+----+-----+-----------+
    |C_1_fu_194                   |  28|   0|   28|          0|
    |D_fu_198                     |  28|   0|   28|          0|
    |L_0_reg_449                  |  32|   0|   32|          0|
    |L_reg_2246                   |  32|   0|   32|          0|
    |R_reg_2251                   |  32|   0|   32|          0|
    |add_ln246_1_reg_2558         |  11|   0|   11|          0|
    |ap_CS_fsm                    |  22|   0|   22|          0|
    |f_function_res_0_reg_506     |  32|   0|   32|          0|
    |i_0_reg_384                  |   7|   0|    7|          0|
    |i_1_reg_406                  |   6|   0|    6|          0|
    |i_2_reg_417                  |   5|   0|    5|          0|
    |i_3_reg_460                  |   5|   0|    5|          0|
    |i_4_reg_528                  |   7|   0|    7|          0|
    |i_5_reg_2264                 |   6|   0|    6|          0|
    |i_6_reg_2599                 |   7|   0|    7|          0|
    |i_7_reg_2415                 |   5|   0|    5|          0|
    |i_8_reg_2492                 |   5|   0|    5|          0|
    |i_reg_2231                   |   7|   0|    7|          0|
    |init_perm_res_0_reg_373      |  64|   0|   64|          0|
    |inv_init_perm_res_0_reg_539  |  64|   0|   64|          0|
    |j_0_reg_428                  |   6|   0|    6|          0|
    |j_1_reg_483                  |   6|   0|    6|          0|
    |j_2_reg_494                  |   4|   0|    4|          0|
    |j_3_reg_517                  |   6|   0|    6|          0|
    |j_6_reg_2505                 |   6|   0|    6|          0|
    |j_7_reg_2538                 |   4|   0|    4|          0|
    |j_8_reg_2571                 |   6|   0|    6|          0|
    |j_reg_2459                   |   6|   0|    6|          0|
    |permuted_choice_1_0_reg_395  |  64|   0|   64|          0|
    |pre_output_reg_2497          |  64|   0|   64|          0|
    |s_input_0_reg_472            |  64|   0|   64|          0|
    |s_output_1_fu_266            |  32|   0|   32|          0|
    |sub_key_0_reg_2469           |  64|   0|   64|          0|
    |sub_key_15_10_fu_242         |  64|   0|   64|          0|
    |sub_key_15_11_fu_246         |  64|   0|   64|          0|
    |sub_key_15_12_fu_250         |  64|   0|   64|          0|
    |sub_key_15_13_fu_254         |  64|   0|   64|          0|
    |sub_key_15_14_fu_258         |  64|   0|   64|          0|
    |sub_key_15_15_fu_262         |  64|   0|   64|          0|
    |sub_key_15_1_fu_206          |  64|   0|   64|          0|
    |sub_key_15_2_fu_210          |  64|   0|   64|          0|
    |sub_key_15_3_fu_214          |  64|   0|   64|          0|
    |sub_key_15_4_fu_218          |  64|   0|   64|          0|
    |sub_key_15_5_fu_222          |  64|   0|   64|          0|
    |sub_key_15_6_fu_226          |  64|   0|   64|          0|
    |sub_key_15_7_fu_230          |  64|   0|   64|          0|
    |sub_key_15_8_fu_234          |  64|   0|   64|          0|
    |sub_key_15_9_fu_238          |  64|   0|   64|          0|
    |sub_key_15_fu_202            |  64|   0|   64|          0|
    |sub_ln240_2_reg_2548         |   5|   0|    6|          1|
    |sub_ln240_reg_2543           |   6|   0|    7|          1|
    |sub_ln243_1_reg_2553         |   5|   0|    6|          1|
    |temp_reg_439                 |  32|   0|   32|          0|
    |tmp_9_reg_2451               |  56|   0|   56|          0|
    |trunc_ln174_1_reg_2241       |  63|   0|   63|          0|
    |trunc_ln184_1_reg_2274       |  63|   0|   63|          0|
    |trunc_ln214_reg_2423         |   4|   0|    4|          0|
    |trunc_ln229_1_reg_2515       |  63|   0|   63|          0|
    |trunc_ln254_1_reg_2581       |  31|   0|   31|          0|
    |trunc_ln270_1_reg_2609       |  63|   0|   63|          0|
    |xor_ln232_1_reg_2520         |  47|   0|   47|          0|
    |xor_ln232_2_reg_2525         |  48|   0|   48|          0|
    +-----------------------------+----+----+-----+-----------+
    |Total                        |2247|   0| 2250|          3|
    +-----------------------------+----+----+-----+-----------+



================================================================
== Interface
================================================================
* Summary: 
+-----------+-----+-----+------------+--------------+--------------+
| RTL Ports | Dir | Bits|  Protocol  | Source Object|    C Type    |
+-----------+-----+-----+------------+--------------+--------------+
|ap_clk     |  in |    1| ap_ctrl_hs |    des_dec   | return value |
|ap_rst     |  in |    1| ap_ctrl_hs |    des_dec   | return value |
|ap_start   |  in |    1| ap_ctrl_hs |    des_dec   | return value |
|ap_done    | out |    1| ap_ctrl_hs |    des_dec   | return value |
|ap_idle    | out |    1| ap_ctrl_hs |    des_dec   | return value |
|ap_ready   | out |    1| ap_ctrl_hs |    des_dec   | return value |
|ap_return  | out |   64| ap_ctrl_hs |    des_dec   | return value |
|input_r    |  in |   64|   ap_none  |    input_r   |    scalar    |
|key        |  in |   64|   ap_none  |      key     |    scalar    |
+-----------+-----+-----+------------+--------------+--------------+

